// Jest Snapshot v1, https://goo.gl/fbAQLP

exports[`ListingApplicationsPage should render succesfully 1`] = `
Array [
  <header
    className="lead-header short  bg-dust"
  >
    <div
      className="row full-width inner--3x"
    >
      <div
        className="large-12 columns"
      >
        <hgroup
          className="lead-header_group"
        >
          <h1
            className="lead-header_title small-serif c-oil"
          >
            xxxxListing
          </h1>
        </hgroup>
      </div>
    </div>
  </header>,
  <div
    className="tabs-section tabs-row row full-width inner--3x bg-dust"
  >
    <ul
      className="tabs full-width-small-only"
      role="menubar"
    >
      <li
        className="tab-title"
        role="none"
      >
        <a
          aria-selected={false}
          href="/listings/1"
          onFocus={[Function]}
          onKeyDown={[Function]}
          role="menuitem"
          tabIndex="0"
        >
          Listing Details
        </a>
      </li>
      <li
        className="tab-title"
        role="none"
      >
        <a
          aria-selected={false}
          href="/listings/1/applications"
          onFocus={[Function]}
          onKeyDown={[Function]}
          role="menuitem"
          tabIndex="0"
        >
          Applications
        </a>
      </li>
    </ul>
  </div>,
  <section
    className="tabs-card-row row full-width inner--3x margin-bottom--2x padding-top--2x"
  >
    <div
      className="ReactTable"
      style={Object {}}
    >
      <div
        className="rt-table"
        role="grid"
      >
        <div
          className="rt-thead -header"
          style={
            Object {
              "minWidth": "835px",
            }
          }
        >
          <div
            className="rt-tr"
            role="row"
          >
            <div
              className="rt-th"
              onClick={[Function]}
              role="columnheader"
              style={
                Object {
                  "flex": "35 0 auto",
                  "maxWidth": "35px",
                  "width": "35px",
                }
              }
              tabIndex="-1"
            >
              <div
                className=""
              />
            </div>
            <div
              className="rt-th rt-resizable-header -cursor-pointer"
              onClick={[Function]}
              role="columnheader"
              style={
                Object {
                  "flex": "100 0 auto",
                  "maxWidth": null,
                  "width": "100px",
                }
              }
              tabIndex="-1"
            >
              <div
                className="rt-resizable-header-content"
              >
                Application Number
              </div>
              <div
                className="rt-resizer"
                onMouseDown={[Function]}
                onTouchStart={[Function]}
              />
            </div>
            <div
              className="rt-th rt-resizable-header -cursor-pointer"
              onClick={[Function]}
              role="columnheader"
              style={
                Object {
                  "flex": "100 0 auto",
                  "maxWidth": null,
                  "width": "100px",
                }
              }
              tabIndex="-1"
            >
              <div
                className="rt-resizable-header-content"
              >
                Listing Name
              </div>
              <div
                className="rt-resizer"
                onMouseDown={[Function]}
                onTouchStart={[Function]}
              />
            </div>
            <div
              className="rt-th rt-resizable-header -cursor-pointer"
              onClick={[Function]}
              role="columnheader"
              style={
                Object {
                  "flex": "100 0 auto",
                  "maxWidth": null,
                  "width": "100px",
                }
              }
              tabIndex="-1"
            >
              <div
                className="rt-resizable-header-content"
              >
                Lottery Date
              </div>
              <div
                className="rt-resizer"
                onMouseDown={[Function]}
                onTouchStart={[Function]}
              />
            </div>
            <div
              className="rt-th rt-resizable-header -cursor-pointer"
              onClick={[Function]}
              role="columnheader"
              style={
                Object {
                  "flex": "100 0 auto",
                  "maxWidth": null,
                  "width": "100px",
                }
              }
              tabIndex="-1"
            >
              <div
                className="rt-resizable-header-content"
              >
                First Name
              </div>
              <div
                className="rt-resizer"
                onMouseDown={[Function]}
                onTouchStart={[Function]}
              />
            </div>
            <div
              className="rt-th rt-resizable-header -cursor-pointer"
              onClick={[Function]}
              role="columnheader"
              style={
                Object {
                  "flex": "100 0 auto",
                  "maxWidth": null,
                  "width": "100px",
                }
              }
              tabIndex="-1"
            >
              <div
                className="rt-resizable-header-content"
              >
                Last Name
              </div>
              <div
                className="rt-resizer"
                onMouseDown={[Function]}
                onTouchStart={[Function]}
              />
            </div>
            <div
              className="rt-th rt-resizable-header -cursor-pointer"
              onClick={[Function]}
              role="columnheader"
              style={
                Object {
                  "flex": "100 0 auto",
                  "maxWidth": null,
                  "width": "100px",
                }
              }
              tabIndex="-1"
            >
              <div
                className="rt-resizable-header-content"
              >
                Application Submitted Date
              </div>
              <div
                className="rt-resizer"
                onMouseDown={[Function]}
                onTouchStart={[Function]}
              />
            </div>
            <div
              className="rt-th rt-resizable-header -cursor-pointer"
              onClick={[Function]}
              role="columnheader"
              style={
                Object {
                  "flex": "100 0 auto",
                  "maxWidth": null,
                  "width": "100px",
                }
              }
              tabIndex="-1"
            >
              <div
                className="rt-resizable-header-content"
              >
                Total Household Size
              </div>
              <div
                className="rt-resizer"
                onMouseDown={[Function]}
                onTouchStart={[Function]}
              />
            </div>
            <div
              className="rt-th rt-resizable-header -cursor-pointer"
              onClick={[Function]}
              role="columnheader"
              style={
                Object {
                  "flex": "100 0 auto",
                  "maxWidth": null,
                  "width": "100px",
                }
              }
              tabIndex="-1"
            >
              <div
                className="rt-resizable-header-content"
              >
                Application Submission Type
              </div>
              <div
                className="rt-resizer"
                onMouseDown={[Function]}
                onTouchStart={[Function]}
              />
            </div>
          </div>
        </div>
        <div
          className="rt-thead -filters"
          style={
            Object {
              "minWidth": "835px",
            }
          }
        >
          <div
            className="rt-tr"
            role="row"
          >
            <div
              className="rt-th"
              onClick={[Function]}
              role="columnheader"
              style={
                Object {
                  "flex": "35 0 auto",
                  "maxWidth": "35px",
                  "width": "35px",
                }
              }
              tabIndex="-1"
            />
            <div
              className="rt-th"
              onClick={[Function]}
              role="columnheader"
              style={
                Object {
                  "flex": "100 0 auto",
                  "maxWidth": null,
                  "width": "100px",
                }
              }
              tabIndex="-1"
            >
              <input
                onChange={[Function]}
                style={
                  Object {
                    "width": "100%",
                  }
                }
                type="text"
                value=""
              />
            </div>
            <div
              className="rt-th"
              onClick={[Function]}
              role="columnheader"
              style={
                Object {
                  "flex": "100 0 auto",
                  "maxWidth": null,
                  "width": "100px",
                }
              }
              tabIndex="-1"
            >
              <select
                onChange={[Function]}
                style={
                  Object {
                    "width": "100%",
                  }
                }
                value="Test 5/30"
              >
                <option
                  value="all"
                >
                  Show All
                </option>
                <option
                  value="Test 5/30"
                >
                  Test 5/30
                </option>
              </select>
            </div>
            <div
              className="rt-th"
              onClick={[Function]}
              role="columnheader"
              style={
                Object {
                  "flex": "100 0 auto",
                  "maxWidth": null,
                  "width": "100px",
                }
              }
              tabIndex="-1"
            />
            <div
              className="rt-th"
              onClick={[Function]}
              role="columnheader"
              style={
                Object {
                  "flex": "100 0 auto",
                  "maxWidth": null,
                  "width": "100px",
                }
              }
              tabIndex="-1"
            />
            <div
              className="rt-th"
              onClick={[Function]}
              role="columnheader"
              style={
                Object {
                  "flex": "100 0 auto",
                  "maxWidth": null,
                  "width": "100px",
                }
              }
              tabIndex="-1"
            >
              <input
                onChange={[Function]}
                style={
                  Object {
                    "width": "100%",
                  }
                }
                type="text"
                value=""
              />
            </div>
            <div
              className="rt-th"
              onClick={[Function]}
              role="columnheader"
              style={
                Object {
                  "flex": "100 0 auto",
                  "maxWidth": null,
                  "width": "100px",
                }
              }
              tabIndex="-1"
            />
            <div
              className="rt-th"
              onClick={[Function]}
              role="columnheader"
              style={
                Object {
                  "flex": "100 0 auto",
                  "maxWidth": null,
                  "width": "100px",
                }
              }
              tabIndex="-1"
            />
            <div
              className="rt-th"
              onClick={[Function]}
              role="columnheader"
              style={
                Object {
                  "flex": "100 0 auto",
                  "maxWidth": null,
                  "width": "100px",
                }
              }
              tabIndex="-1"
            />
          </div>
        </div>
        <div
          className="rt-tbody"
          style={
            Object {
              "minWidth": "835px",
            }
          }
        >
          <div
            className="rt-tr-group"
            role="rowgroup"
          >
            <div
              className="rt-tr -odd"
              onClick={[Function]}
              role="row"
            >
              <div
                className="rt-td rt-expandable"
                onClick={[Function]}
                role="gridcell"
                style={
                  Object {
                    "flex": "35 0 auto",
                    "maxWidth": "35px",
                    "width": "35px",
                  }
                }
              >
                <div
                  className="rt-expander"
                >
                  •
                </div>
              </div>
              <div
                className="rt-td"
                onClick={[Function]}
                role="gridcell"
                style={
                  Object {
                    "flex": "100 0 auto",
                    "maxWidth": null,
                    "width": "100px",
                  }
                }
              >
                APP-00191270
              </div>
              <div
                className="rt-td"
                onClick={[Function]}
                role="gridcell"
                style={
                  Object {
                    "flex": "100 0 auto",
                    "maxWidth": null,
                    "width": "100px",
                  }
                }
              >
                Test 5/30
              </div>
              <div
                className="rt-td"
                onClick={[Function]}
                role="gridcell"
                style={
                  Object {
                    "flex": "100 0 auto",
                    "maxWidth": null,
                    "width": "100px",
                  }
                }
              >
                01/12/2019
              </div>
              <div
                className="rt-td"
                onClick={[Function]}
                role="gridcell"
                style={
                  Object {
                    "flex": "100 0 auto",
                    "maxWidth": null,
                    "width": "100px",
                  }
                }
              >
                karen
              </div>
              <div
                className="rt-td"
                onClick={[Function]}
                role="gridcell"
                style={
                  Object {
                    "flex": "100 0 auto",
                    "maxWidth": null,
                    "width": "100px",
                  }
                }
              >
                jones
              </div>
              <div
                className="rt-td"
                onClick={[Function]}
                role="gridcell"
                style={
                  Object {
                    "flex": "100 0 auto",
                    "maxWidth": null,
                    "width": "100px",
                  }
                }
              >
                05/30/18
              </div>
              <div
                className="rt-td"
                onClick={[Function]}
                role="gridcell"
                style={
                  Object {
                    "flex": "100 0 auto",
                    "maxWidth": null,
                    "width": "100px",
                  }
                }
              >
                0
              </div>
              <div
                className="rt-td"
                onClick={[Function]}
                role="gridcell"
                style={
                  Object {
                    "flex": "100 0 auto",
                    "maxWidth": null,
                    "width": "100px",
                  }
                }
              >
                Electronic
              </div>
            </div>
          </div>
          <div
            className="rt-tr-group"
            role="rowgroup"
          >
            <div
              className="rt-tr -even"
              onClick={[Function]}
              role="row"
            >
              <div
                className="rt-td rt-expandable"
                onClick={[Function]}
                role="gridcell"
                style={
                  Object {
                    "flex": "35 0 auto",
                    "maxWidth": "35px",
                    "width": "35px",
                  }
                }
              >
                <div
                  className="rt-expander"
                >
                  •
                </div>
              </div>
              <div
                className="rt-td"
                onClick={[Function]}
                role="gridcell"
                style={
                  Object {
                    "flex": "100 0 auto",
                    "maxWidth": null,
                    "width": "100px",
                  }
                }
              >
                APP-00192942
              </div>
              <div
                className="rt-td"
                onClick={[Function]}
                role="gridcell"
                style={
                  Object {
                    "flex": "100 0 auto",
                    "maxWidth": null,
                    "width": "100px",
                  }
                }
              >
                Test 5/30
              </div>
              <div
                className="rt-td"
                onClick={[Function]}
                role="gridcell"
                style={
                  Object {
                    "flex": "100 0 auto",
                    "maxWidth": null,
                    "width": "100px",
                  }
                }
              >
                01/12/2019
              </div>
              <div
                className="rt-td"
                onClick={[Function]}
                role="gridcell"
                style={
                  Object {
                    "flex": "100 0 auto",
                    "maxWidth": null,
                    "width": "100px",
                  }
                }
              >
                Grace
              </div>
              <div
                className="rt-td"
                onClick={[Function]}
                role="gridcell"
                style={
                  Object {
                    "flex": "100 0 auto",
                    "maxWidth": null,
                    "width": "100px",
                  }
                }
              >
                Jones
              </div>
              <div
                className="rt-td"
                onClick={[Function]}
                role="gridcell"
                style={
                  Object {
                    "flex": "100 0 auto",
                    "maxWidth": null,
                    "width": "100px",
                  }
                }
              >
                06/12/18
              </div>
              <div
                className="rt-td"
                onClick={[Function]}
                role="gridcell"
                style={
                  Object {
                    "flex": "100 0 auto",
                    "maxWidth": null,
                    "width": "100px",
                  }
                }
              >
                0
              </div>
              <div
                className="rt-td"
                onClick={[Function]}
                role="gridcell"
                style={
                  Object {
                    "flex": "100 0 auto",
                    "maxWidth": null,
                    "width": "100px",
                  }
                }
              >
                Electronic
              </div>
            </div>
          </div>
          <div
            className="rt-tr-group"
            role="rowgroup"
          >
            <div
              className="rt-tr -padRow -odd"
              role="row"
              style={Object {}}
            >
              <div
                className="rt-td"
                role="gridcell"
                style={
                  Object {
                    "flex": "35 0 auto",
                    "maxWidth": "35px",
                    "width": "35px",
                  }
                }
              >
                <span>
                   
                </span>
              </div>
              <div
                className="rt-td"
                role="gridcell"
                style={
                  Object {
                    "flex": "100 0 auto",
                    "maxWidth": null,
                    "width": "100px",
                  }
                }
              >
                <span>
                   
                </span>
              </div>
              <div
                className="rt-td"
                role="gridcell"
                style={
                  Object {
                    "flex": "100 0 auto",
                    "maxWidth": null,
                    "width": "100px",
                  }
                }
              >
                <span>
                   
                </span>
              </div>
              <div
                className="rt-td"
                role="gridcell"
                style={
                  Object {
                    "flex": "100 0 auto",
                    "maxWidth": null,
                    "width": "100px",
                  }
                }
              >
                <span>
                   
                </span>
              </div>
              <div
                className="rt-td"
                role="gridcell"
                style={
                  Object {
                    "flex": "100 0 auto",
                    "maxWidth": null,
                    "width": "100px",
                  }
                }
              >
                <span>
                   
                </span>
              </div>
              <div
                className="rt-td"
                role="gridcell"
                style={
                  Object {
                    "flex": "100 0 auto",
                    "maxWidth": null,
                    "width": "100px",
                  }
                }
              >
                <span>
                   
                </span>
              </div>
              <div
                className="rt-td"
                role="gridcell"
                style={
                  Object {
                    "flex": "100 0 auto",
                    "maxWidth": null,
                    "width": "100px",
                  }
                }
              >
                <span>
                   
                </span>
              </div>
              <div
                className="rt-td"
                role="gridcell"
                style={
                  Object {
                    "flex": "100 0 auto",
                    "maxWidth": null,
                    "width": "100px",
                  }
                }
              >
                <span>
                   
                </span>
              </div>
              <div
                className="rt-td"
                role="gridcell"
                style={
                  Object {
                    "flex": "100 0 auto",
                    "maxWidth": null,
                    "width": "100px",
                  }
                }
              >
                <span>
                   
                </span>
              </div>
            </div>
          </div>
          <div
            className="rt-tr-group"
            role="rowgroup"
          >
            <div
              className="rt-tr -padRow -even"
              role="row"
              style={Object {}}
            >
              <div
                className="rt-td"
                role="gridcell"
                style={
                  Object {
                    "flex": "35 0 auto",
                    "maxWidth": "35px",
                    "width": "35px",
                  }
                }
              >
                <span>
                   
                </span>
              </div>
              <div
                className="rt-td"
                role="gridcell"
                style={
                  Object {
                    "flex": "100 0 auto",
                    "maxWidth": null,
                    "width": "100px",
                  }
                }
              >
                <span>
                   
                </span>
              </div>
              <div
                className="rt-td"
                role="gridcell"
                style={
                  Object {
                    "flex": "100 0 auto",
                    "maxWidth": null,
                    "width": "100px",
                  }
                }
              >
                <span>
                   
                </span>
              </div>
              <div
                className="rt-td"
                role="gridcell"
                style={
                  Object {
                    "flex": "100 0 auto",
                    "maxWidth": null,
                    "width": "100px",
                  }
                }
              >
                <span>
                   
                </span>
              </div>
              <div
                className="rt-td"
                role="gridcell"
                style={
                  Object {
                    "flex": "100 0 auto",
                    "maxWidth": null,
                    "width": "100px",
                  }
                }
              >
                <span>
                   
                </span>
              </div>
              <div
                className="rt-td"
                role="gridcell"
                style={
                  Object {
                    "flex": "100 0 auto",
                    "maxWidth": null,
                    "width": "100px",
                  }
                }
              >
                <span>
                   
                </span>
              </div>
              <div
                className="rt-td"
                role="gridcell"
                style={
                  Object {
                    "flex": "100 0 auto",
                    "maxWidth": null,
                    "width": "100px",
                  }
                }
              >
                <span>
                   
                </span>
              </div>
              <div
                className="rt-td"
                role="gridcell"
                style={
                  Object {
                    "flex": "100 0 auto",
                    "maxWidth": null,
                    "width": "100px",
                  }
                }
              >
                <span>
                   
                </span>
              </div>
              <div
                className="rt-td"
                role="gridcell"
                style={
                  Object {
                    "flex": "100 0 auto",
                    "maxWidth": null,
                    "width": "100px",
                  }
                }
              >
                <span>
                   
                </span>
              </div>
            </div>
          </div>
          <div
            className="rt-tr-group"
            role="rowgroup"
          >
            <div
              className="rt-tr -padRow -odd"
              role="row"
              style={Object {}}
            >
              <div
                className="rt-td"
                role="gridcell"
                style={
                  Object {
                    "flex": "35 0 auto",
                    "maxWidth": "35px",
                    "width": "35px",
                  }
                }
              >
                <span>
                   
                </span>
              </div>
              <div
                className="rt-td"
                role="gridcell"
                style={
                  Object {
                    "flex": "100 0 auto",
                    "maxWidth": null,
                    "width": "100px",
                  }
                }
              >
                <span>
                   
                </span>
              </div>
              <div
                className="rt-td"
                role="gridcell"
                style={
                  Object {
                    "flex": "100 0 auto",
                    "maxWidth": null,
                    "width": "100px",
                  }
                }
              >
                <span>
                   
                </span>
              </div>
              <div
                className="rt-td"
                role="gridcell"
                style={
                  Object {
                    "flex": "100 0 auto",
                    "maxWidth": null,
                    "width": "100px",
                  }
                }
              >
                <span>
                   
                </span>
              </div>
              <div
                className="rt-td"
                role="gridcell"
                style={
                  Object {
                    "flex": "100 0 auto",
                    "maxWidth": null,
                    "width": "100px",
                  }
                }
              >
                <span>
                   
                </span>
              </div>
              <div
                className="rt-td"
                role="gridcell"
                style={
                  Object {
                    "flex": "100 0 auto",
                    "maxWidth": null,
                    "width": "100px",
                  }
                }
              >
                <span>
                   
                </span>
              </div>
              <div
                className="rt-td"
                role="gridcell"
                style={
                  Object {
                    "flex": "100 0 auto",
                    "maxWidth": null,
                    "width": "100px",
                  }
                }
              >
                <span>
                   
                </span>
              </div>
              <div
                className="rt-td"
                role="gridcell"
                style={
                  Object {
                    "flex": "100 0 auto",
                    "maxWidth": null,
                    "width": "100px",
                  }
                }
              >
                <span>
                   
                </span>
              </div>
              <div
                className="rt-td"
                role="gridcell"
                style={
                  Object {
                    "flex": "100 0 auto",
                    "maxWidth": null,
                    "width": "100px",
                  }
                }
              >
                <span>
                   
                </span>
              </div>
            </div>
          </div>
          <div
            className="rt-tr-group"
            role="rowgroup"
          >
            <div
              className="rt-tr -padRow -even"
              role="row"
              style={Object {}}
            >
              <div
                className="rt-td"
                role="gridcell"
                style={
                  Object {
                    "flex": "35 0 auto",
                    "maxWidth": "35px",
                    "width": "35px",
                  }
                }
              >
                <span>
                   
                </span>
              </div>
              <div
                className="rt-td"
                role="gridcell"
                style={
                  Object {
                    "flex": "100 0 auto",
                    "maxWidth": null,
                    "width": "100px",
                  }
                }
              >
                <span>
                   
                </span>
              </div>
              <div
                className="rt-td"
                role="gridcell"
                style={
                  Object {
                    "flex": "100 0 auto",
                    "maxWidth": null,
                    "width": "100px",
                  }
                }
              >
                <span>
                   
                </span>
              </div>
              <div
                className="rt-td"
                role="gridcell"
                style={
                  Object {
                    "flex": "100 0 auto",
                    "maxWidth": null,
                    "width": "100px",
                  }
                }
              >
                <span>
                   
                </span>
              </div>
              <div
                className="rt-td"
                role="gridcell"
                style={
                  Object {
                    "flex": "100 0 auto",
                    "maxWidth": null,
                    "width": "100px",
                  }
                }
              >
                <span>
                   
                </span>
              </div>
              <div
                className="rt-td"
                role="gridcell"
                style={
                  Object {
                    "flex": "100 0 auto",
                    "maxWidth": null,
                    "width": "100px",
                  }
                }
              >
                <span>
                   
                </span>
              </div>
              <div
                className="rt-td"
                role="gridcell"
                style={
                  Object {
                    "flex": "100 0 auto",
                    "maxWidth": null,
                    "width": "100px",
                  }
                }
              >
                <span>
                   
                </span>
              </div>
              <div
                className="rt-td"
                role="gridcell"
                style={
                  Object {
                    "flex": "100 0 auto",
                    "maxWidth": null,
                    "width": "100px",
                  }
                }
              >
                <span>
                   
                </span>
              </div>
              <div
                className="rt-td"
                role="gridcell"
                style={
                  Object {
                    "flex": "100 0 auto",
                    "maxWidth": null,
                    "width": "100px",
                  }
                }
              >
                <span>
                   
                </span>
              </div>
            </div>
          </div>
          <div
            className="rt-tr-group"
            role="rowgroup"
          >
            <div
              className="rt-tr -padRow -odd"
              role="row"
              style={Object {}}
            >
              <div
                className="rt-td"
                role="gridcell"
                style={
                  Object {
                    "flex": "35 0 auto",
                    "maxWidth": "35px",
                    "width": "35px",
                  }
                }
              >
                <span>
                   
                </span>
              </div>
              <div
                className="rt-td"
                role="gridcell"
                style={
                  Object {
                    "flex": "100 0 auto",
                    "maxWidth": null,
                    "width": "100px",
                  }
                }
              >
                <span>
                   
                </span>
              </div>
              <div
                className="rt-td"
                role="gridcell"
                style={
                  Object {
                    "flex": "100 0 auto",
                    "maxWidth": null,
                    "width": "100px",
                  }
                }
              >
                <span>
                   
                </span>
              </div>
              <div
                className="rt-td"
                role="gridcell"
                style={
                  Object {
                    "flex": "100 0 auto",
                    "maxWidth": null,
                    "width": "100px",
                  }
                }
              >
                <span>
                   
                </span>
              </div>
              <div
                className="rt-td"
                role="gridcell"
                style={
                  Object {
                    "flex": "100 0 auto",
                    "maxWidth": null,
                    "width": "100px",
                  }
                }
              >
                <span>
                   
                </span>
              </div>
              <div
                className="rt-td"
                role="gridcell"
                style={
                  Object {
                    "flex": "100 0 auto",
                    "maxWidth": null,
                    "width": "100px",
                  }
                }
              >
                <span>
                   
                </span>
              </div>
              <div
                className="rt-td"
                role="gridcell"
                style={
                  Object {
                    "flex": "100 0 auto",
                    "maxWidth": null,
                    "width": "100px",
                  }
                }
              >
                <span>
                   
                </span>
              </div>
              <div
                className="rt-td"
                role="gridcell"
                style={
                  Object {
                    "flex": "100 0 auto",
                    "maxWidth": null,
                    "width": "100px",
                  }
                }
              >
                <span>
                   
                </span>
              </div>
              <div
                className="rt-td"
                role="gridcell"
                style={
                  Object {
                    "flex": "100 0 auto",
                    "maxWidth": null,
                    "width": "100px",
                  }
                }
              >
                <span>
                   
                </span>
              </div>
            </div>
          </div>
          <div
            className="rt-tr-group"
            role="rowgroup"
          >
            <div
              className="rt-tr -padRow -even"
              role="row"
              style={Object {}}
            >
              <div
                className="rt-td"
                role="gridcell"
                style={
                  Object {
                    "flex": "35 0 auto",
                    "maxWidth": "35px",
                    "width": "35px",
                  }
                }
              >
                <span>
                   
                </span>
              </div>
              <div
                className="rt-td"
                role="gridcell"
                style={
                  Object {
                    "flex": "100 0 auto",
                    "maxWidth": null,
                    "width": "100px",
                  }
                }
              >
                <span>
                   
                </span>
              </div>
              <div
                className="rt-td"
                role="gridcell"
                style={
                  Object {
                    "flex": "100 0 auto",
                    "maxWidth": null,
                    "width": "100px",
                  }
                }
              >
                <span>
                   
                </span>
              </div>
              <div
                className="rt-td"
                role="gridcell"
                style={
                  Object {
                    "flex": "100 0 auto",
                    "maxWidth": null,
                    "width": "100px",
                  }
                }
              >
                <span>
                   
                </span>
              </div>
              <div
                className="rt-td"
                role="gridcell"
                style={
                  Object {
                    "flex": "100 0 auto",
                    "maxWidth": null,
                    "width": "100px",
                  }
                }
              >
                <span>
                   
                </span>
              </div>
              <div
                className="rt-td"
                role="gridcell"
                style={
                  Object {
                    "flex": "100 0 auto",
                    "maxWidth": null,
                    "width": "100px",
                  }
                }
              >
                <span>
                   
                </span>
              </div>
              <div
                className="rt-td"
                role="gridcell"
                style={
                  Object {
                    "flex": "100 0 auto",
                    "maxWidth": null,
                    "width": "100px",
                  }
                }
              >
                <span>
                   
                </span>
              </div>
              <div
                className="rt-td"
                role="gridcell"
                style={
                  Object {
                    "flex": "100 0 auto",
                    "maxWidth": null,
                    "width": "100px",
                  }
                }
              >
                <span>
                   
                </span>
              </div>
              <div
                className="rt-td"
                role="gridcell"
                style={
                  Object {
                    "flex": "100 0 auto",
                    "maxWidth": null,
                    "width": "100px",
                  }
                }
              >
                <span>
                   
                </span>
              </div>
            </div>
          </div>
          <div
            className="rt-tr-group"
            role="rowgroup"
          >
            <div
              className="rt-tr -padRow -odd"
              role="row"
              style={Object {}}
            >
              <div
                className="rt-td"
                role="gridcell"
                style={
                  Object {
                    "flex": "35 0 auto",
                    "maxWidth": "35px",
                    "width": "35px",
                  }
                }
              >
                <span>
                   
                </span>
              </div>
              <div
                className="rt-td"
                role="gridcell"
                style={
                  Object {
                    "flex": "100 0 auto",
                    "maxWidth": null,
                    "width": "100px",
                  }
                }
              >
                <span>
                   
                </span>
              </div>
              <div
                className="rt-td"
                role="gridcell"
                style={
                  Object {
                    "flex": "100 0 auto",
                    "maxWidth": null,
                    "width": "100px",
                  }
                }
              >
                <span>
                   
                </span>
              </div>
              <div
                className="rt-td"
                role="gridcell"
                style={
                  Object {
                    "flex": "100 0 auto",
                    "maxWidth": null,
                    "width": "100px",
                  }
                }
              >
                <span>
                   
                </span>
              </div>
              <div
                className="rt-td"
                role="gridcell"
                style={
                  Object {
                    "flex": "100 0 auto",
                    "maxWidth": null,
                    "width": "100px",
                  }
                }
              >
                <span>
                   
                </span>
              </div>
              <div
                className="rt-td"
                role="gridcell"
                style={
                  Object {
                    "flex": "100 0 auto",
                    "maxWidth": null,
                    "width": "100px",
                  }
                }
              >
                <span>
                   
                </span>
              </div>
              <div
                className="rt-td"
                role="gridcell"
                style={
                  Object {
                    "flex": "100 0 auto",
                    "maxWidth": null,
                    "width": "100px",
                  }
                }
              >
                <span>
                   
                </span>
              </div>
              <div
                className="rt-td"
                role="gridcell"
                style={
                  Object {
                    "flex": "100 0 auto",
                    "maxWidth": null,
                    "width": "100px",
                  }
                }
              >
                <span>
                   
                </span>
              </div>
              <div
                className="rt-td"
                role="gridcell"
                style={
                  Object {
                    "flex": "100 0 auto",
                    "maxWidth": null,
                    "width": "100px",
                  }
                }
              >
                <span>
                   
                </span>
              </div>
            </div>
          </div>
          <div
            className="rt-tr-group"
            role="rowgroup"
          >
            <div
              className="rt-tr -padRow -even"
              role="row"
              style={Object {}}
            >
              <div
                className="rt-td"
                role="gridcell"
                style={
                  Object {
                    "flex": "35 0 auto",
                    "maxWidth": "35px",
                    "width": "35px",
                  }
                }
              >
                <span>
                   
                </span>
              </div>
              <div
                className="rt-td"
                role="gridcell"
                style={
                  Object {
                    "flex": "100 0 auto",
                    "maxWidth": null,
                    "width": "100px",
                  }
                }
              >
                <span>
                   
                </span>
              </div>
              <div
                className="rt-td"
                role="gridcell"
                style={
                  Object {
                    "flex": "100 0 auto",
                    "maxWidth": null,
                    "width": "100px",
                  }
                }
              >
                <span>
                   
                </span>
              </div>
              <div
                className="rt-td"
                role="gridcell"
                style={
                  Object {
                    "flex": "100 0 auto",
                    "maxWidth": null,
                    "width": "100px",
                  }
                }
              >
                <span>
                   
                </span>
              </div>
              <div
                className="rt-td"
                role="gridcell"
                style={
                  Object {
                    "flex": "100 0 auto",
                    "maxWidth": null,
                    "width": "100px",
                  }
                }
              >
                <span>
                   
                </span>
              </div>
              <div
                className="rt-td"
                role="gridcell"
                style={
                  Object {
                    "flex": "100 0 auto",
                    "maxWidth": null,
                    "width": "100px",
                  }
                }
              >
                <span>
                   
                </span>
              </div>
              <div
                className="rt-td"
                role="gridcell"
                style={
                  Object {
                    "flex": "100 0 auto",
                    "maxWidth": null,
                    "width": "100px",
                  }
                }
              >
                <span>
                   
                </span>
              </div>
              <div
                className="rt-td"
                role="gridcell"
                style={
                  Object {
                    "flex": "100 0 auto",
                    "maxWidth": null,
                    "width": "100px",
                  }
                }
              >
                <span>
                   
                </span>
              </div>
              <div
                className="rt-td"
                role="gridcell"
                style={
                  Object {
                    "flex": "100 0 auto",
                    "maxWidth": null,
                    "width": "100px",
                  }
                }
              >
                <span>
                   
                </span>
              </div>
            </div>
          </div>
          <div
            className="rt-tr-group"
            role="rowgroup"
          >
            <div
              className="rt-tr -padRow -odd"
              role="row"
              style={Object {}}
            >
              <div
                className="rt-td"
                role="gridcell"
                style={
                  Object {
                    "flex": "35 0 auto",
                    "maxWidth": "35px",
                    "width": "35px",
                  }
                }
              >
                <span>
                   
                </span>
              </div>
              <div
                className="rt-td"
                role="gridcell"
                style={
                  Object {
                    "flex": "100 0 auto",
                    "maxWidth": null,
                    "width": "100px",
                  }
                }
              >
                <span>
                   
                </span>
              </div>
              <div
                className="rt-td"
                role="gridcell"
                style={
                  Object {
                    "flex": "100 0 auto",
                    "maxWidth": null,
                    "width": "100px",
                  }
                }
              >
                <span>
                   
                </span>
              </div>
              <div
                className="rt-td"
                role="gridcell"
                style={
                  Object {
                    "flex": "100 0 auto",
                    "maxWidth": null,
                    "width": "100px",
                  }
                }
              >
                <span>
                   
                </span>
              </div>
              <div
                className="rt-td"
                role="gridcell"
                style={
                  Object {
                    "flex": "100 0 auto",
                    "maxWidth": null,
                    "width": "100px",
                  }
                }
              >
                <span>
                   
                </span>
              </div>
              <div
                className="rt-td"
                role="gridcell"
                style={
                  Object {
                    "flex": "100 0 auto",
                    "maxWidth": null,
                    "width": "100px",
                  }
                }
              >
                <span>
                   
                </span>
              </div>
              <div
                className="rt-td"
                role="gridcell"
                style={
                  Object {
                    "flex": "100 0 auto",
                    "maxWidth": null,
                    "width": "100px",
                  }
                }
              >
                <span>
                   
                </span>
              </div>
              <div
                className="rt-td"
                role="gridcell"
                style={
                  Object {
                    "flex": "100 0 auto",
                    "maxWidth": null,
                    "width": "100px",
                  }
                }
              >
                <span>
                   
                </span>
              </div>
              <div
                className="rt-td"
                role="gridcell"
                style={
                  Object {
                    "flex": "100 0 auto",
                    "maxWidth": null,
                    "width": "100px",
                  }
                }
              >
                <span>
                   
                </span>
              </div>
            </div>
          </div>
          <div
            className="rt-tr-group"
            role="rowgroup"
          >
            <div
              className="rt-tr -padRow -even"
              role="row"
              style={Object {}}
            >
              <div
                className="rt-td"
                role="gridcell"
                style={
                  Object {
                    "flex": "35 0 auto",
                    "maxWidth": "35px",
                    "width": "35px",
                  }
                }
              >
                <span>
                   
                </span>
              </div>
              <div
                className="rt-td"
                role="gridcell"
                style={
                  Object {
                    "flex": "100 0 auto",
                    "maxWidth": null,
                    "width": "100px",
                  }
                }
              >
                <span>
                   
                </span>
              </div>
              <div
                className="rt-td"
                role="gridcell"
                style={
                  Object {
                    "flex": "100 0 auto",
                    "maxWidth": null,
                    "width": "100px",
                  }
                }
              >
                <span>
                   
                </span>
              </div>
              <div
                className="rt-td"
                role="gridcell"
                style={
                  Object {
                    "flex": "100 0 auto",
                    "maxWidth": null,
                    "width": "100px",
                  }
                }
              >
                <span>
                   
                </span>
              </div>
              <div
                className="rt-td"
                role="gridcell"
                style={
                  Object {
                    "flex": "100 0 auto",
                    "maxWidth": null,
                    "width": "100px",
                  }
                }
              >
                <span>
                   
                </span>
              </div>
              <div
                className="rt-td"
                role="gridcell"
                style={
                  Object {
                    "flex": "100 0 auto",
                    "maxWidth": null,
                    "width": "100px",
                  }
                }
              >
                <span>
                   
                </span>
              </div>
              <div
                className="rt-td"
                role="gridcell"
                style={
                  Object {
                    "flex": "100 0 auto",
                    "maxWidth": null,
                    "width": "100px",
                  }
                }
              >
                <span>
                   
                </span>
              </div>
              <div
                className="rt-td"
                role="gridcell"
                style={
                  Object {
                    "flex": "100 0 auto",
                    "maxWidth": null,
                    "width": "100px",
                  }
                }
              >
                <span>
                   
                </span>
              </div>
              <div
                className="rt-td"
                role="gridcell"
                style={
                  Object {
                    "flex": "100 0 auto",
                    "maxWidth": null,
                    "width": "100px",
                  }
                }
              >
                <span>
                   
                </span>
              </div>
            </div>
          </div>
          <div
            className="rt-tr-group"
            role="rowgroup"
          >
            <div
              className="rt-tr -padRow -odd"
              role="row"
              style={Object {}}
            >
              <div
                className="rt-td"
                role="gridcell"
                style={
                  Object {
                    "flex": "35 0 auto",
                    "maxWidth": "35px",
                    "width": "35px",
                  }
                }
              >
                <span>
                   
                </span>
              </div>
              <div
                className="rt-td"
                role="gridcell"
                style={
                  Object {
                    "flex": "100 0 auto",
                    "maxWidth": null,
                    "width": "100px",
                  }
                }
              >
                <span>
                   
                </span>
              </div>
              <div
                className="rt-td"
                role="gridcell"
                style={
                  Object {
                    "flex": "100 0 auto",
                    "maxWidth": null,
                    "width": "100px",
                  }
                }
              >
                <span>
                   
                </span>
              </div>
              <div
                className="rt-td"
                role="gridcell"
                style={
                  Object {
                    "flex": "100 0 auto",
                    "maxWidth": null,
                    "width": "100px",
                  }
                }
              >
                <span>
                   
                </span>
              </div>
              <div
                className="rt-td"
                role="gridcell"
                style={
                  Object {
                    "flex": "100 0 auto",
                    "maxWidth": null,
                    "width": "100px",
                  }
                }
              >
                <span>
                   
                </span>
              </div>
              <div
                className="rt-td"
                role="gridcell"
                style={
                  Object {
                    "flex": "100 0 auto",
                    "maxWidth": null,
                    "width": "100px",
                  }
                }
              >
                <span>
                   
                </span>
              </div>
              <div
                className="rt-td"
                role="gridcell"
                style={
                  Object {
                    "flex": "100 0 auto",
                    "maxWidth": null,
                    "width": "100px",
                  }
                }
              >
                <span>
                   
                </span>
              </div>
              <div
                className="rt-td"
                role="gridcell"
                style={
                  Object {
                    "flex": "100 0 auto",
                    "maxWidth": null,
                    "width": "100px",
                  }
                }
              >
                <span>
                   
                </span>
              </div>
              <div
                className="rt-td"
                role="gridcell"
                style={
                  Object {
                    "flex": "100 0 auto",
                    "maxWidth": null,
                    "width": "100px",
                  }
                }
              >
                <span>
                   
                </span>
              </div>
            </div>
          </div>
          <div
            className="rt-tr-group"
            role="rowgroup"
          >
            <div
              className="rt-tr -padRow -even"
              role="row"
              style={Object {}}
            >
              <div
                className="rt-td"
                role="gridcell"
                style={
                  Object {
                    "flex": "35 0 auto",
                    "maxWidth": "35px",
                    "width": "35px",
                  }
                }
              >
                <span>
                   
                </span>
              </div>
              <div
                className="rt-td"
                role="gridcell"
                style={
                  Object {
                    "flex": "100 0 auto",
                    "maxWidth": null,
                    "width": "100px",
                  }
                }
              >
                <span>
                   
                </span>
              </div>
              <div
                className="rt-td"
                role="gridcell"
                style={
                  Object {
                    "flex": "100 0 auto",
                    "maxWidth": null,
                    "width": "100px",
                  }
                }
              >
                <span>
                   
                </span>
              </div>
              <div
                className="rt-td"
                role="gridcell"
                style={
                  Object {
                    "flex": "100 0 auto",
                    "maxWidth": null,
                    "width": "100px",
                  }
                }
              >
                <span>
                   
                </span>
              </div>
              <div
                className="rt-td"
                role="gridcell"
                style={
                  Object {
                    "flex": "100 0 auto",
                    "maxWidth": null,
                    "width": "100px",
                  }
                }
              >
                <span>
                   
                </span>
              </div>
              <div
                className="rt-td"
                role="gridcell"
                style={
                  Object {
                    "flex": "100 0 auto",
                    "maxWidth": null,
                    "width": "100px",
                  }
                }
              >
                <span>
                   
                </span>
              </div>
              <div
                className="rt-td"
                role="gridcell"
                style={
                  Object {
                    "flex": "100 0 auto",
                    "maxWidth": null,
                    "width": "100px",
                  }
                }
              >
                <span>
                   
                </span>
              </div>
              <div
                className="rt-td"
                role="gridcell"
                style={
                  Object {
                    "flex": "100 0 auto",
                    "maxWidth": null,
                    "width": "100px",
                  }
                }
              >
                <span>
                   
                </span>
              </div>
              <div
                className="rt-td"
                role="gridcell"
                style={
                  Object {
                    "flex": "100 0 auto",
                    "maxWidth": null,
                    "width": "100px",
                  }
                }
              >
                <span>
                   
                </span>
              </div>
            </div>
          </div>
          <div
            className="rt-tr-group"
            role="rowgroup"
          >
            <div
              className="rt-tr -padRow -odd"
              role="row"
              style={Object {}}
            >
              <div
                className="rt-td"
                role="gridcell"
                style={
                  Object {
                    "flex": "35 0 auto",
                    "maxWidth": "35px",
                    "width": "35px",
                  }
                }
              >
                <span>
                   
                </span>
              </div>
              <div
                className="rt-td"
                role="gridcell"
                style={
                  Object {
                    "flex": "100 0 auto",
                    "maxWidth": null,
                    "width": "100px",
                  }
                }
              >
                <span>
                   
                </span>
              </div>
              <div
                className="rt-td"
                role="gridcell"
                style={
                  Object {
                    "flex": "100 0 auto",
                    "maxWidth": null,
                    "width": "100px",
                  }
                }
              >
                <span>
                   
                </span>
              </div>
              <div
                className="rt-td"
                role="gridcell"
                style={
                  Object {
                    "flex": "100 0 auto",
                    "maxWidth": null,
                    "width": "100px",
                  }
                }
              >
                <span>
                   
                </span>
              </div>
              <div
                className="rt-td"
                role="gridcell"
                style={
                  Object {
                    "flex": "100 0 auto",
                    "maxWidth": null,
                    "width": "100px",
                  }
                }
              >
                <span>
                   
                </span>
              </div>
              <div
                className="rt-td"
                role="gridcell"
                style={
                  Object {
                    "flex": "100 0 auto",
                    "maxWidth": null,
                    "width": "100px",
                  }
                }
              >
                <span>
                   
                </span>
              </div>
              <div
                className="rt-td"
                role="gridcell"
                style={
                  Object {
                    "flex": "100 0 auto",
                    "maxWidth": null,
                    "width": "100px",
                  }
                }
              >
                <span>
                   
                </span>
              </div>
              <div
                className="rt-td"
                role="gridcell"
                style={
                  Object {
                    "flex": "100 0 auto",
                    "maxWidth": null,
                    "width": "100px",
                  }
                }
              >
                <span>
                   
                </span>
              </div>
              <div
                className="rt-td"
                role="gridcell"
                style={
                  Object {
                    "flex": "100 0 auto",
                    "maxWidth": null,
                    "width": "100px",
                  }
                }
              >
                <span>
                   
                </span>
              </div>
            </div>
          </div>
          <div
            className="rt-tr-group"
            role="rowgroup"
          >
            <div
              className="rt-tr -padRow -even"
              role="row"
              style={Object {}}
            >
              <div
                className="rt-td"
                role="gridcell"
                style={
                  Object {
                    "flex": "35 0 auto",
                    "maxWidth": "35px",
                    "width": "35px",
                  }
                }
              >
                <span>
                   
                </span>
              </div>
              <div
                className="rt-td"
                role="gridcell"
                style={
                  Object {
                    "flex": "100 0 auto",
                    "maxWidth": null,
                    "width": "100px",
                  }
                }
              >
                <span>
                   
                </span>
              </div>
              <div
                className="rt-td"
                role="gridcell"
                style={
                  Object {
                    "flex": "100 0 auto",
                    "maxWidth": null,
                    "width": "100px",
                  }
                }
              >
                <span>
                   
                </span>
              </div>
              <div
                className="rt-td"
                role="gridcell"
                style={
                  Object {
                    "flex": "100 0 auto",
                    "maxWidth": null,
                    "width": "100px",
                  }
                }
              >
                <span>
                   
                </span>
              </div>
              <div
                className="rt-td"
                role="gridcell"
                style={
                  Object {
                    "flex": "100 0 auto",
                    "maxWidth": null,
                    "width": "100px",
                  }
                }
              >
                <span>
                   
                </span>
              </div>
              <div
                className="rt-td"
                role="gridcell"
                style={
                  Object {
                    "flex": "100 0 auto",
                    "maxWidth": null,
                    "width": "100px",
                  }
                }
              >
                <span>
                   
                </span>
              </div>
              <div
                className="rt-td"
                role="gridcell"
                style={
                  Object {
                    "flex": "100 0 auto",
                    "maxWidth": null,
                    "width": "100px",
                  }
                }
              >
                <span>
                   
                </span>
              </div>
              <div
                className="rt-td"
                role="gridcell"
                style={
                  Object {
                    "flex": "100 0 auto",
                    "maxWidth": null,
                    "width": "100px",
                  }
                }
              >
                <span>
                   
                </span>
              </div>
              <div
                className="rt-td"
                role="gridcell"
                style={
                  Object {
                    "flex": "100 0 auto",
                    "maxWidth": null,
                    "width": "100px",
                  }
                }
              >
                <span>
                   
                </span>
              </div>
            </div>
          </div>
          <div
            className="rt-tr-group"
            role="rowgroup"
          >
            <div
              className="rt-tr -padRow -odd"
              role="row"
              style={Object {}}
            >
              <div
                className="rt-td"
                role="gridcell"
                style={
                  Object {
                    "flex": "35 0 auto",
                    "maxWidth": "35px",
                    "width": "35px",
                  }
                }
              >
                <span>
                   
                </span>
              </div>
              <div
                className="rt-td"
                role="gridcell"
                style={
                  Object {
                    "flex": "100 0 auto",
                    "maxWidth": null,
                    "width": "100px",
                  }
                }
              >
                <span>
                   
                </span>
              </div>
              <div
                className="rt-td"
                role="gridcell"
                style={
                  Object {
                    "flex": "100 0 auto",
                    "maxWidth": null,
                    "width": "100px",
                  }
                }
              >
                <span>
                   
                </span>
              </div>
              <div
                className="rt-td"
                role="gridcell"
                style={
                  Object {
                    "flex": "100 0 auto",
                    "maxWidth": null,
                    "width": "100px",
                  }
                }
              >
                <span>
                   
                </span>
              </div>
              <div
                className="rt-td"
                role="gridcell"
                style={
                  Object {
                    "flex": "100 0 auto",
                    "maxWidth": null,
                    "width": "100px",
                  }
                }
              >
                <span>
                   
                </span>
              </div>
              <div
                className="rt-td"
                role="gridcell"
                style={
                  Object {
                    "flex": "100 0 auto",
                    "maxWidth": null,
                    "width": "100px",
                  }
                }
              >
                <span>
                   
                </span>
              </div>
              <div
                className="rt-td"
                role="gridcell"
                style={
                  Object {
                    "flex": "100 0 auto",
                    "maxWidth": null,
                    "width": "100px",
                  }
                }
              >
                <span>
                   
                </span>
              </div>
              <div
                className="rt-td"
                role="gridcell"
                style={
                  Object {
                    "flex": "100 0 auto",
                    "maxWidth": null,
                    "width": "100px",
                  }
                }
              >
                <span>
                   
                </span>
              </div>
              <div
                className="rt-td"
                role="gridcell"
                style={
                  Object {
                    "flex": "100 0 auto",
                    "maxWidth": null,
                    "width": "100px",
                  }
                }
              >
                <span>
                   
                </span>
              </div>
            </div>
          </div>
          <div
            className="rt-tr-group"
            role="rowgroup"
          >
            <div
              className="rt-tr -padRow -even"
              role="row"
              style={Object {}}
            >
              <div
                className="rt-td"
                role="gridcell"
                style={
                  Object {
                    "flex": "35 0 auto",
                    "maxWidth": "35px",
                    "width": "35px",
                  }
                }
              >
                <span>
                   
                </span>
              </div>
              <div
                className="rt-td"
                role="gridcell"
                style={
                  Object {
                    "flex": "100 0 auto",
                    "maxWidth": null,
                    "width": "100px",
                  }
                }
              >
                <span>
                   
                </span>
              </div>
              <div
                className="rt-td"
                role="gridcell"
                style={
                  Object {
                    "flex": "100 0 auto",
                    "maxWidth": null,
                    "width": "100px",
                  }
                }
              >
                <span>
                   
                </span>
              </div>
              <div
                className="rt-td"
                role="gridcell"
                style={
                  Object {
                    "flex": "100 0 auto",
                    "maxWidth": null,
                    "width": "100px",
                  }
                }
              >
                <span>
                   
                </span>
              </div>
              <div
                className="rt-td"
                role="gridcell"
                style={
                  Object {
                    "flex": "100 0 auto",
                    "maxWidth": null,
                    "width": "100px",
                  }
                }
              >
                <span>
                   
                </span>
              </div>
              <div
                className="rt-td"
                role="gridcell"
                style={
                  Object {
                    "flex": "100 0 auto",
                    "maxWidth": null,
                    "width": "100px",
                  }
                }
              >
                <span>
                   
                </span>
              </div>
              <div
                className="rt-td"
                role="gridcell"
                style={
                  Object {
                    "flex": "100 0 auto",
                    "maxWidth": null,
                    "width": "100px",
                  }
                }
              >
                <span>
                   
                </span>
              </div>
              <div
                className="rt-td"
                role="gridcell"
                style={
                  Object {
                    "flex": "100 0 auto",
                    "maxWidth": null,
                    "width": "100px",
                  }
                }
              >
                <span>
                   
                </span>
              </div>
              <div
                className="rt-td"
                role="gridcell"
                style={
                  Object {
                    "flex": "100 0 auto",
                    "maxWidth": null,
                    "width": "100px",
                  }
                }
              >
                <span>
                   
                </span>
              </div>
            </div>
          </div>
          <div
            className="rt-tr-group"
            role="rowgroup"
          >
            <div
              className="rt-tr -padRow -odd"
              role="row"
              style={Object {}}
            >
              <div
                className="rt-td"
                role="gridcell"
                style={
                  Object {
                    "flex": "35 0 auto",
                    "maxWidth": "35px",
                    "width": "35px",
                  }
                }
              >
                <span>
                   
                </span>
              </div>
              <div
                className="rt-td"
                role="gridcell"
                style={
                  Object {
                    "flex": "100 0 auto",
                    "maxWidth": null,
                    "width": "100px",
                  }
                }
              >
                <span>
                   
                </span>
              </div>
              <div
                className="rt-td"
                role="gridcell"
                style={
                  Object {
                    "flex": "100 0 auto",
                    "maxWidth": null,
                    "width": "100px",
                  }
                }
              >
                <span>
                   
                </span>
              </div>
              <div
                className="rt-td"
                role="gridcell"
                style={
                  Object {
                    "flex": "100 0 auto",
                    "maxWidth": null,
                    "width": "100px",
                  }
                }
              >
                <span>
                   
                </span>
              </div>
              <div
                className="rt-td"
                role="gridcell"
                style={
                  Object {
                    "flex": "100 0 auto",
                    "maxWidth": null,
                    "width": "100px",
                  }
                }
              >
                <span>
                   
                </span>
              </div>
              <div
                className="rt-td"
                role="gridcell"
                style={
                  Object {
                    "flex": "100 0 auto",
                    "maxWidth": null,
                    "width": "100px",
                  }
                }
              >
                <span>
                   
                </span>
              </div>
              <div
                className="rt-td"
                role="gridcell"
                style={
                  Object {
                    "flex": "100 0 auto",
                    "maxWidth": null,
                    "width": "100px",
                  }
                }
              >
                <span>
                   
                </span>
              </div>
              <div
                className="rt-td"
                role="gridcell"
                style={
                  Object {
                    "flex": "100 0 auto",
                    "maxWidth": null,
                    "width": "100px",
                  }
                }
              >
                <span>
                   
                </span>
              </div>
              <div
                className="rt-td"
                role="gridcell"
                style={
                  Object {
                    "flex": "100 0 auto",
                    "maxWidth": null,
                    "width": "100px",
                  }
                }
              >
                <span>
                   
                </span>
              </div>
            </div>
          </div>
          <div
            className="rt-tr-group"
            role="rowgroup"
          >
            <div
              className="rt-tr -padRow -even"
              role="row"
              style={Object {}}
            >
              <div
                className="rt-td"
                role="gridcell"
                style={
                  Object {
                    "flex": "35 0 auto",
                    "maxWidth": "35px",
                    "width": "35px",
                  }
                }
              >
                <span>
                   
                </span>
              </div>
              <div
                className="rt-td"
                role="gridcell"
                style={
                  Object {
                    "flex": "100 0 auto",
                    "maxWidth": null,
                    "width": "100px",
                  }
                }
              >
                <span>
                   
                </span>
              </div>
              <div
                className="rt-td"
                role="gridcell"
                style={
                  Object {
                    "flex": "100 0 auto",
                    "maxWidth": null,
                    "width": "100px",
                  }
                }
              >
                <span>
                   
                </span>
              </div>
              <div
                className="rt-td"
                role="gridcell"
                style={
                  Object {
                    "flex": "100 0 auto",
                    "maxWidth": null,
                    "width": "100px",
                  }
                }
              >
                <span>
                   
                </span>
              </div>
              <div
                className="rt-td"
                role="gridcell"
                style={
                  Object {
                    "flex": "100 0 auto",
                    "maxWidth": null,
                    "width": "100px",
                  }
                }
              >
                <span>
                   
                </span>
              </div>
              <div
                className="rt-td"
                role="gridcell"
                style={
                  Object {
                    "flex": "100 0 auto",
                    "maxWidth": null,
                    "width": "100px",
                  }
                }
              >
                <span>
                   
                </span>
              </div>
              <div
                className="rt-td"
                role="gridcell"
                style={
                  Object {
                    "flex": "100 0 auto",
                    "maxWidth": null,
                    "width": "100px",
                  }
                }
              >
                <span>
                   
                </span>
              </div>
              <div
                className="rt-td"
                role="gridcell"
                style={
                  Object {
                    "flex": "100 0 auto",
                    "maxWidth": null,
                    "width": "100px",
                  }
                }
              >
                <span>
                   
                </span>
              </div>
              <div
                className="rt-td"
                role="gridcell"
                style={
                  Object {
                    "flex": "100 0 auto",
                    "maxWidth": null,
                    "width": "100px",
                  }
                }
              >
                <span>
                   
                </span>
              </div>
            </div>
          </div>
        </div>
      </div>
      <div
        className="pagination-bottom"
      >
        <div
          className="-pagination"
        >
          <div
            className="-previous"
          >
            <button
              className="-btn"
              disabled={true}
              onClick={[Function]}
              type="button"
            >
              Previous
            </button>
          </div>
          <div
            className="-center"
          >
            <span
              className="-pageInfo"
            >
              Page
               
              <div
                className="-pageJump"
              >
                <input
                  onBlur={[Function]}
                  onChange={[Function]}
                  onKeyPress={[Function]}
                  type="number"
                  value={1}
                />
              </div>
               
              of
               
              <span
                className="-totalPages"
              >
                1
              </span>
            </span>
            <span
              className="select-wrap -pageSizeOptions"
            >
              <select
                onChange={[Function]}
                value={20}
              >
                <option
                  value={5}
                >
                  5
                   
                  rows
                </option>
                <option
                  value={10}
                >
                  10
                   
                  rows
                </option>
                <option
                  value={20}
                >
                  20
                   
                  rows
                </option>
                <option
                  value={25}
                >
                  25
                   
                  rows
                </option>
                <option
                  value={50}
                >
                  50
                   
                  rows
                </option>
                <option
                  value={100}
                >
                  100
                   
                  rows
                </option>
              </select>
            </span>
          </div>
          <div
            className="-next"
          >
            <button
              className="-btn"
              disabled={true}
              onClick={[Function]}
              type="button"
            >
              Next
            </button>
          </div>
        </div>
      </div>
      <div
        className="-loading"
      >
        <div
          className="-loading-inner"
        >
          Loading...
        </div>
      </div>
    </div>
  </section>,
]
`;
