// Jest Snapshot v1, https://goo.gl/fbAQLP

exports[`PageHeaderSimple should render succesfully 1`] = `
<header
  className="lead-header short bg-snow"
>
  <div
    className="row full-width inner--3x"
  >
    <div
      className="large-12 columns "
    >
      <hgroup
        className="lead-header_group"
      >
        <h1
          className="lead-header_title small-serif c-oil"
        >
          title1
        </h1>
      </hgroup>
    </div>
  </div>
</header>
`;
