---
http_interactions:
- request:
    method: post
    uri: https://<<SALESFORCE_HOST>>/services/oauth2/token
    body:
      encoding: US-ASCII
      string: grant_type=password&client_id=<<SALESFORCE_CLIENT_ID>>&client_secret=<<SALESFORCE_CLIENT_SECRET>>&username=<<SALESFORCE_USERNAME>>&password=<<SALESFORCE_PASSWORD>><<SALESFORCE_SECURITY_TOKEN>>
    headers:
      User-Agent:
      - Faraday v0.17.3
      Content-Type:
      - application/x-www-form-urlencoded
      Accept-Encoding:
      - gzip;q=1.0,deflate;q=0.6,identity;q=0.3
      Accept:
      - "*/*"
  response:
    status:
      code: 200
      message: OK
    headers:
      Date:
      - Tue, 05 Jan 2021 23:36:43 GMT
      Strict-Transport-Security:
      - max-age=31536002; includeSubDomains
      Public-Key-Pins-Report-Only:
      - pin-sha256="9n0izTnSRF+W4W4JTq51avSXkWhQB8duS2bxVLfzXsY="; pin-sha256="5kJvNEMw0KjrCAu7eXY5HZdvyCS13BbA0VJG1RSP91w=";
        pin-sha256="njN4rRG+22dNXAi+yb8e3UMypgzPUPHlv4+foULwl1g="; max-age=86400;
        includeSubDomains; report-uri="https://a.forcesslreports.com/hpkp-report/00D1F000000I2yHm";
      Expect-Ct:
      - max-age=86400, report-uri="https://a.forcesslreports.com/Expect-CT-report/00D1F000000I2yHm"
      X-Robots-Tag:
      - none
      X-B3-Traceid:
      - 4a014898402391b1
      X-B3-Spanid:
      - 4a014898402391b1
      X-B3-Sampled:
      - '0'
      Cache-Control:
      - no-cache,must-revalidate,max-age=0,no-store,private
      Set-Cookie:
      - BrowserId=3i3P30-uEeuCW40XN6idXw; domain=.salesforce.com; path=/; expires=Wed,
        05-Jan-2022 23:36:43 GMT; Max-Age=31536000
      Expires:
      - Thu, 01 Jan 1970 00:00:00 GMT
      X-Readonlymode:
      - 'false'
      Content-Type:
      - application/json;charset=UTF-8
      Vary:
      - Accept-Encoding
      Transfer-Encoding:
      - chunked
    body:
      encoding: ASCII-8BIT
      string: '{"access_token":"<<ACCESS_TOKEN>>","instance_url":"https://<<SALESFORCE_HOST>>","id":"https://test.salesforce.com/id/00D1F000000I2yHUAS/005U00000066jl9IAA","token_type":"Bearer","issued_at":"1609889803673","signature":"SmG+B7YtD8XgmMxuc7qMXJG77rQpCQ0h4CWp5CuJpPA="}'
    http_version:
  recorded_at: Tue, 05 Jan 2021 23:36:43 GMT
- request:
    method: get
    uri: https://<<SALESFORCE_HOST>>/services/data/v<<SALESFORCE_API_VERSION>>/query?q=%0A%20%20%20%20%20%20%20%20%20%20SELECT%20Id,%20Name,%20Applicant__c,%20Primary_Applicant__c,%20Alternate_Contact__c,%20Listing__c,%20Listing__r.Name,%20Listing__r.Id,%20Status__c,%20Listing__r.Reserved_community_type__c,%20Total_Household_Size__c,%20Application_Submission_Type__c,%20Application_Submitted_Date__c,%20CreatedBy.Name,%20Annual_Income__c,%20Confirmed_Household_Annual_Income__c,%20Household_Assets__c,%20HH_Total_Income_with_Assets_Annual__c,%20Imputed_Income_from_Assets__c,%20Monthly_Income__c,%20Housing_Voucher_or_Subsidy__c,%20Referral_Source__c,%20Application_Language__c,%20Lottery_Number_Manual__c,%20Lottery_Number__c,%20Total_Monthly_Rent__c,%20General_Lottery__c,%20General_Lottery_Rank__c,%20Answered_Community_Screening__c,%20Has_Military_Service__c,%20Reserved_Senior__c,%20Has_DevelopmentalDisability__c,%20Has_ADA_Priorities_Selected__c,%20Terms_Acknowledged__c,%20Applicant__r.Id,%20Applicant__r.First_Name__c,%20Applicant__r.Last_Name__c,%20Applicant__r.Middle_Name__c,%20Applicant__r.Name__c,%20Applicant__r.Date_of_Birth__c,%20Applicant__r.Phone_Type__c,%20Applicant__r.Phone__c,%20Applicant__r.Second_Phone_Type__c,%20Applicant__r.Second_Phone__c,%20Applicant__r.Email__c,%20Applicant__r.Primary_Language__c,%20Applicant__r.Residence_Address__c,%20Applicant__r.Street__c,%20Applicant__r.City__c,%20Applicant__r.State__c,%20Applicant__r.Zip_Code__c,%20Applicant__r.Mailing_Address__c,%20Applicant__r.Mailing_Street__c,%20Applicant__r.Mailing_City__c,%20Applicant__r.Mailing_State__c,%20Applicant__r.Mailing_Zip_Code__c,%20Applicant__r.Marital_Status__c,%20Applicant__r.Ethnicity__c,%20Applicant__r.Race__c,%20Applicant__r.Gender__c,%20Applicant__r.Gender_Other__c,%20Applicant__r.Sexual_Orientation__c,%20Applicant__r.Sexual_Orientation_Other__c,%20Alternate_Contact__r.Id,%20Alternate_Contact__r.First_Name__c,%20Alternate_Contact__r.Middle_Name__c,%20Alternate_Contact__r.Last_Name__c,%20Alternate_Contact__r.Phone_Type__c,%20Alternate_Contact__r.Phone__c,%20Alternate_Contact__r.Email__c,%20Alternate_Contact__r.Agency_Name__c,%20Alternate_Contact__r.Alternate_Contact_Type__c,%20Alternate_Contact__r.Alternate_Contact_Type_Other__c,%20Number_of_Dependents__c,%20Number_of_Seniors__c,%20Number_of_Minors__c,%20Alternate_Contact__r.Residence_Address__c,%20Alternate_Contact__r.Street__c,%20Alternate_Contact__r.City__c,%20Alternate_Contact__r.State__c,%20Alternate_Contact__r.Zip_Code__c,%20Alternate_Contact__r.Mailing_Address__c,%20Alternate_Contact__r.Mailing_Street__c,%20Alternate_Contact__r.Mailing_City__c,%20Alternate_Contact__r.Mailing_State__c,%20Alternate_Contact__r.Mailing_Zip_Code__c,%20Alternate_Contact__r.Marital_Status__c,%20Processing_Status__c,%20Is_First_Time_Homebuyer__c,%20Has_Completed_Homebuyer_Education__c,%20Has_Loan_Pre_approval__c,%20Lending_Agent__c,%20AMI_Percentage__c,%20AMI_Chart_Type__c,%20AMI_Chart_Year__c,%20Supp_App_Signed_Date__c%0A%20%20%20%20%20%20%20%20%20%20FROM%20Application__c%0A%20%20%20%20%20%20%20%20%20%20WHERE%20Id%20=%20%27a0o0P00000GZazOQAT%27%0A%20%20%20%20%20%20%20%20%20%20AND%20Status__c%20!=%20%27Draft%27%0A%20%20%20%20%20%20%20%20%20%20LIMIT%201%0A%20%20%20%20%20%20%20%20
    body:
      encoding: US-ASCII
      string: ''
    headers:
      User-Agent:
      - Faraday v0.17.3
      Authorization:
      - OAuth <<ACCESS_TOKEN>>
      Accept-Encoding:
      - gzip;q=1.0,deflate;q=0.6,identity;q=0.3
      Accept:
      - "*/*"
  response:
    status:
      code: 200
      message: OK
    headers:
      Date:
      - Tue, 05 Jan 2021 23:36:44 GMT
      Strict-Transport-Security:
      - max-age=31536002; includeSubDomains
      Public-Key-Pins-Report-Only:
      - pin-sha256="9n0izTnSRF+W4W4JTq51avSXkWhQB8duS2bxVLfzXsY="; pin-sha256="5kJvNEMw0KjrCAu7eXY5HZdvyCS13BbA0VJG1RSP91w=";
        pin-sha256="njN4rRG+22dNXAi+yb8e3UMypgzPUPHlv4+foULwl1g="; max-age=86400;
        includeSubDomains; report-uri="https://a.forcesslreports.com/hpkp-report/00D1F000000I2yHm";
      Expect-Ct:
      - max-age=86400, report-uri="https://a.forcesslreports.com/Expect-CT-report/00D1F000000I2yHm"
      X-Robots-Tag:
      - none
      X-B3-Traceid:
      - 9dc6d4e0476fc077
      X-B3-Spanid:
      - 9dc6d4e0476fc077
      X-B3-Sampled:
      - '0'
      Cache-Control:
      - no-cache,must-revalidate,max-age=0,no-store,private
      Set-Cookie:
      - BrowserId=3sr6BE-uEeuOmv9R2pYfAA; domain=.salesforce.com; path=/; expires=Wed,
        05-Jan-2022 23:36:44 GMT; Max-Age=31536000
      Sforce-Limit-Info:
      - api-usage=14694/400000
      Content-Type:
      - application/json;charset=UTF-8
      Vary:
      - Accept-Encoding
      Transfer-Encoding:
      - chunked
    body:
      encoding: ASCII-8BIT
      string: '{"totalSize":1,"done":true,"records":[{"attributes":{"type":"Application__c","url":"/services/data/v<<SALESFORCE_API_VERSION>>/sobjects/Application__c/a0o0P00000GZazOQAT"},"Id":"a0o0P00000GZazOQAT","Name":"APP-00243697","Applicant__c":"a0n0P00000D3qIZQAZ","Primary_Applicant__c":"0030P00002HAKDJQA5","Alternate_Contact__c":null,"Listing__c":"a0W0P00000GbyuQUAR","Listing__r":{"attributes":{"type":"Listing__c","url":"/services/data/v<<SALESFORCE_API_VERSION>>/sobjects/Listing__c/a0W0P00000GbyuQUAR"},"Name":"Partners
        Test Listing (do not modify) - Yellow Acres","Id":"a0W0P00000GbyuQUAR","Reserved_community_type__c":null},"Status__c":"Submitted","Total_Household_Size__c":1.0,"Application_Submission_Type__c":"Paper","Application_Submitted_Date__c":"2020-10-19","CreatedBy":{"attributes":{"type":"User","url":"/services/data/v<<SALESFORCE_API_VERSION>>/sobjects/User/0050P000007QAY9QAO"},"Name":"DAHLIA
        API"},"Annual_Income__c":5000.0,"Confirmed_Household_Annual_Income__c":16.39,"Household_Assets__c":553.46,"HH_Total_Income_with_Assets_Annual__c":524.2,"Imputed_Income_from_Assets__c":553.46,"Monthly_Income__c":null,"Housing_Voucher_or_Subsidy__c":"true","Referral_Source__c":null,"Application_Language__c":"English","Lottery_Number_Manual__c":null,"Lottery_Number__c":"00243697","Total_Monthly_Rent__c":null,"General_Lottery__c":false,"General_Lottery_Rank__c":null,"Answered_Community_Screening__c":null,"Has_Military_Service__c":"Yes","Reserved_Senior__c":"Yes","Has_DevelopmentalDisability__c":"Yes","Has_ADA_Priorities_Selected__c":null,"Terms_Acknowledged__c":true,"Applicant__r":{"attributes":{"type":"Application_Member__c","url":"/services/data/v<<SALESFORCE_API_VERSION>>/sobjects/Application_Member__c/a0n0P00000D3qIZQAZ"},"Id":"a0n0P00000D3qIZQAZ","First_Name__c":"Christopher","Last_Name__c":"Mcdonald","Middle_Name__c":null,"Name__c":"Christopher
        Mcdonald","Date_of_Birth__c":"1989-01-05","Phone_Type__c":null,"Phone__c":null,"Second_Phone_Type__c":null,"Second_Phone__c":null,"Email__c":"kgarcia@example.com","Primary_Language__c":null,"Residence_Address__c":"3198
        Robert Crescent, Testville, Ne, 39020","Street__c":"3198 Robert Crescent","City__c":"Testville","State__c":"Ne","Zip_Code__c":"39020","Mailing_Address__c":"2219
        Cooper Way, Jacobsmouth, No, 94126-8528","Mailing_Street__c":"2219 Cooper
        Way","Mailing_City__c":"Jacobsmouth","Mailing_State__c":"No","Mailing_Zip_Code__c":"94126-8528","Marital_Status__c":"Single","Ethnicity__c":"Not
        Hispanic/Latino","Race__c":"Other/Multiracial","Gender__c":null,"Gender_Other__c":null,"Sexual_Orientation__c":null,"Sexual_Orientation_Other__c":null},"Alternate_Contact__r":null,"Number_of_Dependents__c":1.0,"Number_of_Seniors__c":null,"Number_of_Minors__c":null,"Processing_Status__c":"Processing","Is_First_Time_Homebuyer__c":false,"Has_Completed_Homebuyer_Education__c":false,"Has_Loan_Pre_approval__c":false,"Lending_Agent__c":null,"AMI_Percentage__c":5.55,"AMI_Chart_Type__c":null,"AMI_Chart_Year__c":"2018","Supp_App_Signed_Date__c":null}]}'
    http_version:
  recorded_at: Tue, 05 Jan 2021 23:36:44 GMT
- request:
    method: post
    uri: https://<<SALESFORCE_HOST>>/services/oauth2/token
    body:
      encoding: US-ASCII
      string: grant_type=password&client_id=<<SALESFORCE_CLIENT_ID>>&client_secret=<<SALESFORCE_CLIENT_SECRET>>&username=<<SALESFORCE_USERNAME>>&password=<<SALESFORCE_PASSWORD>><<SALESFORCE_SECURITY_TOKEN>>
    headers:
      User-Agent:
      - Faraday v0.17.3
      Content-Type:
      - application/x-www-form-urlencoded
      Accept-Encoding:
      - gzip;q=1.0,deflate;q=0.6,identity;q=0.3
      Accept:
      - "*/*"
  response:
    status:
      code: 200
      message: OK
    headers:
      Date:
      - Tue, 05 Jan 2021 23:36:45 GMT
      Strict-Transport-Security:
      - max-age=31536002; includeSubDomains
      Public-Key-Pins-Report-Only:
      - pin-sha256="9n0izTnSRF+W4W4JTq51avSXkWhQB8duS2bxVLfzXsY="; pin-sha256="5kJvNEMw0KjrCAu7eXY5HZdvyCS13BbA0VJG1RSP91w=";
        pin-sha256="njN4rRG+22dNXAi+yb8e3UMypgzPUPHlv4+foULwl1g="; max-age=86400;
        includeSubDomains; report-uri="https://a.forcesslreports.com/hpkp-report/00D1F000000I2yHm";
      Expect-Ct:
      - max-age=86400, report-uri="https://a.forcesslreports.com/Expect-CT-report/00D1F000000I2yHm"
      X-Robots-Tag:
      - none
      X-B3-Traceid:
      - 8d328aa48f9d97cd
      X-B3-Spanid:
      - 8d328aa48f9d97cd
      X-B3-Sampled:
      - '0'
      Cache-Control:
      - no-cache,must-revalidate,max-age=0,no-store,private
      Set-Cookie:
      - BrowserId=31w9nE-uEeuOmv9R2pYfAA; domain=.salesforce.com; path=/; expires=Wed,
        05-Jan-2022 23:36:45 GMT; Max-Age=31536000
      Expires:
      - Thu, 01 Jan 1970 00:00:00 GMT
      X-Readonlymode:
      - 'false'
      Content-Type:
      - application/json;charset=UTF-8
      Vary:
      - Accept-Encoding
      Transfer-Encoding:
      - chunked
    body:
      encoding: ASCII-8BIT
      string: '{"access_token":"<<ACCESS_TOKEN>>","instance_url":"https://<<SALESFORCE_HOST>>","id":"https://test.salesforce.com/id/00D1F000000I2yHUAS/005U00000066jl9IAA","token_type":"Bearer","issued_at":"1609889805689","signature":"cYbExsY0OyVS/9lBumpFBCtVAG3aoylmgm/nr+AvWy0="}'
    http_version:
  recorded_at: Tue, 05 Jan 2021 23:36:45 GMT
- request:
    method: get
    uri: https://<<SALESFORCE_HOST>>/services/data/v<<SALESFORCE_API_VERSION>>/query?q=%0A%20%20%20%20%20%20%20%20%20%20SELECT%20Id,%20Name,%20Preference_Name__c,%20Person_who_claimed_Name__c,%20Type_of_proof__c,%20Opt_Out__c,%20Lottery_Status__c,%20Preference_Lottery_Rank__c,%20Listing_Preference_ID__c,%20Receives_Preference__c,%20Application_Member__c,%20Application_Member__r.First_Name__c,%20Application_Member__r.Last_Name__c,%20Application_Member__r.Date_of_Birth__c,%20Application_Member__r.Id,%20Individual_preference__c,%20Certificate_Number__c,%20Preference_Order__c,%20RecordType.DeveloperName,%20LW_Type_of_Proof__c,%20City__c,%20State__c,%20Street__c,%20Zip_Code__c,%20Post_Lottery_Validation__c,%20Total_Household_Rent__c%0A%20%20%20%20%20%20%20%20%20%20FROM%20Application_Preference__c%0A%20%20%20%20%20%20%20%20%20%20WHERE%20Application__c%20=%20%27a0o0P00000GZazOQAT%27%0A%20%20%20%20%20%20%20%20
    body:
      encoding: US-ASCII
      string: ''
    headers:
      User-Agent:
      - Faraday v0.17.3
      Authorization:
      - OAuth <<ACCESS_TOKEN>>
      Accept-Encoding:
      - gzip;q=1.0,deflate;q=0.6,identity;q=0.3
      Accept:
      - "*/*"
  response:
    status:
      code: 200
      message: OK
    headers:
      Date:
      - Tue, 05 Jan 2021 23:36:46 GMT
      Strict-Transport-Security:
      - max-age=31536002; includeSubDomains
      Public-Key-Pins-Report-Only:
      - pin-sha256="9n0izTnSRF+W4W4JTq51avSXkWhQB8duS2bxVLfzXsY="; pin-sha256="5kJvNEMw0KjrCAu7eXY5HZdvyCS13BbA0VJG1RSP91w=";
        pin-sha256="njN4rRG+22dNXAi+yb8e3UMypgzPUPHlv4+foULwl1g="; max-age=86400;
        includeSubDomains; report-uri="https://a.forcesslreports.com/hpkp-report/00D1F000000I2yHm";
      Expect-Ct:
      - max-age=86400, report-uri="https://a.forcesslreports.com/Expect-CT-report/00D1F000000I2yHm"
      X-Robots-Tag:
      - none
      X-B3-Traceid:
      - 8f69499c70846f2b
      X-B3-Spanid:
      - 8f69499c70846f2b
      X-B3-Sampled:
      - '0'
      Cache-Control:
      - no-cache,must-revalidate,max-age=0,no-store,private
      Set-Cookie:
      - BrowserId=3_eTfU-uEeu9VRW0GPLwYg; domain=.salesforce.com; path=/; expires=Wed,
        05-Jan-2022 23:36:46 GMT; Max-Age=31536000
      Sforce-Limit-Info:
      - api-usage=14694/400000
      Content-Type:
      - application/json;charset=UTF-8
      Vary:
      - Accept-Encoding
      Transfer-Encoding:
      - chunked
    body:
      encoding: ASCII-8BIT
      string: '{"totalSize":7,"done":true,"records":[{"attributes":{"type":"Application_Preference__c","url":"/services/data/v<<SALESFORCE_API_VERSION>>/sobjects/Application_Preference__c/a0w0P00000OUJc0QAH"},"Id":"a0w0P00000OUJc0QAH","Name":"AP-0000826196","Preference_Name__c":"Certificate
        of Preference (COP)","Person_who_claimed_Name__c":null,"Type_of_proof__c":null,"Opt_Out__c":false,"Lottery_Status__c":null,"Preference_Lottery_Rank__c":null,"Listing_Preference_ID__c":"a0l0P00001Q1vxUQAR","Receives_Preference__c":false,"Application_Member__c":null,"Application_Member__r":null,"Individual_preference__c":null,"Certificate_Number__c":null,"Preference_Order__c":1.0,"RecordType":{"attributes":{"type":"RecordType","url":"/services/data/v<<SALESFORCE_API_VERSION>>/sobjects/RecordType/0120P000000R7BHQA0"},"DeveloperName":"COP"},"LW_Type_of_Proof__c":null,"City__c":null,"State__c":null,"Street__c":null,"Zip_Code__c":null,"Post_Lottery_Validation__c":null,"Total_Household_Rent__c":0.0},{"attributes":{"type":"Application_Preference__c","url":"/services/data/v<<SALESFORCE_API_VERSION>>/sobjects/Application_Preference__c/a0w0P00000OUJc3QAH"},"Id":"a0w0P00000OUJc3QAH","Name":"AP-0000826199","Preference_Name__c":"Live
        or Work in San Francisco Preference","Person_who_claimed_Name__c":"Christopher
        Mcdonald","Type_of_proof__c":"Telephone bill","Opt_Out__c":false,"Lottery_Status__c":"None","Preference_Lottery_Rank__c":4.0,"Listing_Preference_ID__c":"a0l0P00001Q1w1BQAR","Receives_Preference__c":true,"Application_Member__c":"a0n0P00000D3qIZQAZ","Application_Member__r":{"attributes":{"type":"Application_Member__c","url":"/services/data/v<<SALESFORCE_API_VERSION>>/sobjects/Application_Member__c/a0n0P00000D3qIZQAZ"},"First_Name__c":"Christopher","Last_Name__c":"Mcdonald","Date_of_Birth__c":"1989-01-05","Id":"a0n0P00000D3qIZQAZ"},"Individual_preference__c":"Live
        in SF","Certificate_Number__c":null,"Preference_Order__c":5.0,"RecordType":{"attributes":{"type":"RecordType","url":"/services/data/v<<SALESFORCE_API_VERSION>>/sobjects/RecordType/0120P000000R7BKQA0"},"DeveloperName":"L_W"},"LW_Type_of_Proof__c":"Telephone
        bill","City__c":null,"State__c":null,"Street__c":null,"Zip_Code__c":null,"Post_Lottery_Validation__c":"Confirmed","Total_Household_Rent__c":0.0},{"attributes":{"type":"Application_Preference__c","url":"/services/data/v<<SALESFORCE_API_VERSION>>/sobjects/Application_Preference__c/a0w0P00000OUJc1QAH"},"Id":"a0w0P00000OUJc1QAH","Name":"AP-0000826197","Preference_Name__c":"Displaced
        Tenant Housing Preference (DTHP)","Person_who_claimed_Name__c":null,"Type_of_proof__c":null,"Opt_Out__c":false,"Lottery_Status__c":null,"Preference_Lottery_Rank__c":null,"Listing_Preference_ID__c":"a0l0P00001Q1vxyQAB","Receives_Preference__c":false,"Application_Member__c":null,"Application_Member__r":null,"Individual_preference__c":null,"Certificate_Number__c":null,"Preference_Order__c":2.0,"RecordType":{"attributes":{"type":"RecordType","url":"/services/data/v<<SALESFORCE_API_VERSION>>/sobjects/RecordType/0120P000000R7BJQA0"},"DeveloperName":"DTHP"},"LW_Type_of_Proof__c":null,"City__c":null,"State__c":null,"Street__c":null,"Zip_Code__c":null,"Post_Lottery_Validation__c":null,"Total_Household_Rent__c":0.0},{"attributes":{"type":"Application_Preference__c","url":"/services/data/v<<SALESFORCE_API_VERSION>>/sobjects/Application_Preference__c/a0w0P00000Oqew3QAB"},"Id":"a0w0P00000Oqew3QAB","Name":"AP-0000919888","Preference_Name__c":"Neighborhood
        Resident Housing Preference (NRHP)","Person_who_claimed_Name__c":null,"Type_of_proof__c":null,"Opt_Out__c":false,"Lottery_Status__c":null,"Preference_Lottery_Rank__c":null,"Listing_Preference_ID__c":"a0l0P00001QRQGzQAP","Receives_Preference__c":false,"Application_Member__c":null,"Application_Member__r":null,"Individual_preference__c":null,"Certificate_Number__c":null,"Preference_Order__c":4.0,"RecordType":{"attributes":{"type":"RecordType","url":"/services/data/v<<SALESFORCE_API_VERSION>>/sobjects/RecordType/0120P000000R7BLQA0"},"DeveloperName":"NRHP"},"LW_Type_of_Proof__c":null,"City__c":null,"State__c":null,"Street__c":null,"Zip_Code__c":null,"Post_Lottery_Validation__c":null,"Total_Household_Rent__c":0.0},{"attributes":{"type":"Application_Preference__c","url":"/services/data/v<<SALESFORCE_API_VERSION>>/sobjects/Application_Preference__c/a0w0P00000PC8JoQAL"},"Id":"a0w0P00000PC8JoQAL","Name":"AP-0001011481","Preference_Name__c":"Anti-Displacement
        Housing Preference (ADHP)","Person_who_claimed_Name__c":null,"Type_of_proof__c":null,"Opt_Out__c":false,"Lottery_Status__c":"Unconfirmed","Preference_Lottery_Rank__c":null,"Listing_Preference_ID__c":"a0l0P00001RbKCJQA3","Receives_Preference__c":false,"Application_Member__c":null,"Application_Member__r":null,"Individual_preference__c":null,"Certificate_Number__c":null,"Preference_Order__c":8.0,"RecordType":{"attributes":{"type":"RecordType","url":"/services/data/v<<SALESFORCE_API_VERSION>>/sobjects/RecordType/0120P000000R7BGQA0"},"DeveloperName":"ADHP"},"LW_Type_of_Proof__c":null,"City__c":null,"State__c":null,"Street__c":null,"Zip_Code__c":null,"Post_Lottery_Validation__c":null,"Total_Household_Rent__c":0.0},{"attributes":{"type":"Application_Preference__c","url":"/services/data/v<<SALESFORCE_API_VERSION>>/sobjects/Application_Preference__c/a0w0P00000OUJc2QAH"},"Id":"a0w0P00000OUJc2QAH","Name":"AP-0000826198","Preference_Name__c":"Rent
        Burdened / Assisted Housing Preference","Person_who_claimed_Name__c":"Christopher
        Mcdonald","Type_of_proof__c":"Lease and rent proof","Opt_Out__c":false,"Lottery_Status__c":"None","Preference_Lottery_Rank__c":1.0,"Listing_Preference_ID__c":"a0l0P00001Q1w0mQAB","Receives_Preference__c":true,"Application_Member__c":"a0n0P00000D3qIZQAZ","Application_Member__r":{"attributes":{"type":"Application_Member__c","url":"/services/data/v<<SALESFORCE_API_VERSION>>/sobjects/Application_Member__c/a0n0P00000D3qIZQAZ"},"First_Name__c":"Christopher","Last_Name__c":"Mcdonald","Date_of_Birth__c":"1989-01-05","Id":"a0n0P00000D3qIZQAZ"},"Individual_preference__c":"Assisted
        Housing","Certificate_Number__c":null,"Preference_Order__c":3.0,"RecordType":{"attributes":{"type":"RecordType","url":"/services/data/v<<SALESFORCE_API_VERSION>>/sobjects/RecordType/0120P000000R7BMQA0"},"DeveloperName":"RB_AHP"},"LW_Type_of_Proof__c":null,"City__c":null,"State__c":null,"Street__c":null,"Zip_Code__c":null,"Post_Lottery_Validation__c":"Unconfirmed","Total_Household_Rent__c":0.0},{"attributes":{"type":"Application_Preference__c","url":"/services/data/v<<SALESFORCE_API_VERSION>>/sobjects/Application_Preference__c/a0w0P00000Oqew2QAB"},"Id":"a0w0P00000Oqew2QAB","Name":"AP-0000919887","Preference_Name__c":"Alice
        Griffith Housing Development Resident","Person_who_claimed_Name__c":null,"Type_of_proof__c":null,"Opt_Out__c":false,"Lottery_Status__c":"None","Preference_Lottery_Rank__c":null,"Listing_Preference_ID__c":"a0l0P00001QRPiaQAH","Receives_Preference__c":false,"Application_Member__c":null,"Application_Member__r":null,"Individual_preference__c":null,"Certificate_Number__c":null,"Preference_Order__c":5.0,"RecordType":{"attributes":{"type":"RecordType","url":"/services/data/v<<SALESFORCE_API_VERSION>>/sobjects/RecordType/0120P000000NHVqQAO"},"DeveloperName":"AG"},"LW_Type_of_Proof__c":null,"City__c":null,"State__c":null,"Street__c":null,"Zip_Code__c":null,"Post_Lottery_Validation__c":null,"Total_Household_Rent__c":0.0}]}'
    http_version:
  recorded_at: Tue, 05 Jan 2021 23:36:46 GMT
- request:
    method: post
    uri: https://<<SALESFORCE_HOST>>/services/oauth2/token
    body:
      encoding: US-ASCII
      string: grant_type=password&client_id=<<SALESFORCE_CLIENT_ID>>&client_secret=<<SALESFORCE_CLIENT_SECRET>>&username=<<SALESFORCE_USERNAME>>&password=<<SALESFORCE_PASSWORD>><<SALESFORCE_SECURITY_TOKEN>>
    headers:
      User-Agent:
      - Faraday v0.17.3
      Content-Type:
      - application/x-www-form-urlencoded
      Accept-Encoding:
      - gzip;q=1.0,deflate;q=0.6,identity;q=0.3
      Accept:
      - "*/*"
  response:
    status:
      code: 200
      message: OK
    headers:
      Date:
      - Tue, 05 Jan 2021 23:36:47 GMT
      Strict-Transport-Security:
      - max-age=31536002; includeSubDomains
      Public-Key-Pins-Report-Only:
      - pin-sha256="9n0izTnSRF+W4W4JTq51avSXkWhQB8duS2bxVLfzXsY="; pin-sha256="5kJvNEMw0KjrCAu7eXY5HZdvyCS13BbA0VJG1RSP91w=";
        pin-sha256="njN4rRG+22dNXAi+yb8e3UMypgzPUPHlv4+foULwl1g="; max-age=86400;
        includeSubDomains; report-uri="https://a.forcesslreports.com/hpkp-report/00D1F000000I2yHm";
      Expect-Ct:
      - max-age=86400, report-uri="https://a.forcesslreports.com/Expect-CT-report/00D1F000000I2yHm"
      X-Robots-Tag:
      - none
      X-B3-Traceid:
      - bd5b6b74e1a7591a
      X-B3-Spanid:
      - bd5b6b74e1a7591a
      X-B3-Sampled:
      - '0'
      Cache-Control:
      - no-cache,must-revalidate,max-age=0,no-store,private
      Set-Cookie:
      - BrowserId=4IKVhU-uEeu0aR1T1c-QYg; domain=.salesforce.com; path=/; expires=Wed,
        05-Jan-2022 23:36:47 GMT; Max-Age=31536000
      Expires:
      - Thu, 01 Jan 1970 00:00:00 GMT
      X-Readonlymode:
      - 'false'
      Content-Type:
      - application/json;charset=UTF-8
      Vary:
      - Accept-Encoding
      Transfer-Encoding:
      - chunked
    body:
      encoding: ASCII-8BIT
      string: '{"access_token":"<<ACCESS_TOKEN>>","instance_url":"https://<<SALESFORCE_HOST>>","id":"https://test.salesforce.com/id/00D1F000000I2yHUAS/005U00000066jl9IAA","token_type":"Bearer","issued_at":"1609889807549","signature":"RnZ+0xVyukukTmjZzWPiYvcsS+Jq3xbLpxqbYASAnNM="}'
    http_version:
  recorded_at: Tue, 05 Jan 2021 23:36:47 GMT
- request:
    method: get
    uri: https://<<SALESFORCE_HOST>>/services/data/v<<SALESFORCE_API_VERSION>>/query?q=%0A%20%20%20%20%20%20%20%20%20%20SELECT%20Id,%20Document_Type__c,%20Related_Application__c,%20Related_Application_Preference__c%0A%20%20%20%20%20%20%20%20%20%20FROM%20Attachment__c%0A%20%20%20%20%20%20%20%20%20%20WHERE%20Related_Application__c%20=%20%27a0o0P00000GZazOQAT%27%0A%20%20%20%20%20%20%20%20
    body:
      encoding: US-ASCII
      string: ''
    headers:
      User-Agent:
      - Faraday v0.17.3
      Authorization:
      - OAuth <<ACCESS_TOKEN>>
      Accept-Encoding:
      - gzip;q=1.0,deflate;q=0.6,identity;q=0.3
      Accept:
      - "*/*"
  response:
    status:
      code: 200
      message: OK
    headers:
      Date:
      - Tue, 05 Jan 2021 23:36:48 GMT
      Strict-Transport-Security:
      - max-age=31536002; includeSubDomains
      Public-Key-Pins-Report-Only:
      - pin-sha256="9n0izTnSRF+W4W4JTq51avSXkWhQB8duS2bxVLfzXsY="; pin-sha256="5kJvNEMw0KjrCAu7eXY5HZdvyCS13BbA0VJG1RSP91w=";
        pin-sha256="njN4rRG+22dNXAi+yb8e3UMypgzPUPHlv4+foULwl1g="; max-age=86400;
        includeSubDomains; report-uri="https://a.forcesslreports.com/hpkp-report/00D1F000000I2yHm";
      Expect-Ct:
      - max-age=86400, report-uri="https://a.forcesslreports.com/Expect-CT-report/00D1F000000I2yHm"
      X-Robots-Tag:
      - none
      X-B3-Traceid:
      - db11b24f6a465ac5
      X-B3-Spanid:
      - db11b24f6a465ac5
      X-B3-Sampled:
      - '0'
      Cache-Control:
      - no-cache,must-revalidate,max-age=0,no-store,private
      Set-Cookie:
      - BrowserId=4RQm9k-uEeuvNh0OZWHfrg; domain=.salesforce.com; path=/; expires=Wed,
        05-Jan-2022 23:36:48 GMT; Max-Age=31536000
      Sforce-Limit-Info:
      - api-usage=14694/400000
      Content-Type:
      - application/json;charset=UTF-8
      Vary:
      - Accept-Encoding
      Transfer-Encoding:
      - chunked
    body:
      encoding: ASCII-8BIT
      string: '{"totalSize":1,"done":true,"records":[{"attributes":{"type":"Attachment__c","url":"/services/data/v<<SALESFORCE_API_VERSION>>/sobjects/Attachment__c/a0x1F000002KlTSQA0"},"Id":"a0x1F000002KlTSQA0","Document_Type__c":"Cable
        and internet bill","Related_Application__c":"a0o0P00000GZazOQAT","Related_Application_Preference__c":"a0w0P00000QGONUQA5"}]}'
    http_version:
  recorded_at: Tue, 05 Jan 2021 23:36:48 GMT
- request:
    method: get
    uri: https://<<SALESFORCE_HOST>>/services/data/v<<SALESFORCE_API_VERSION>>/query?q=%0A%20%20%20%20%20%20%20%20%20%20SELECT%20Id%0A%20%20%20%20%20%20%20%20%20%20FROM%20Attachment%0A%20%20%20%20%20%20%20%20%20%20WHERE%20ParentId%20=%20%27a0x1F000002KlTSQA0%27%0A%20%20%20%20%20%20%20%20
    body:
      encoding: US-ASCII
      string: ''
    headers:
      User-Agent:
      - Faraday v0.17.3
      Authorization:
      - OAuth <<ACCESS_TOKEN>>
      Accept-Encoding:
      - gzip;q=1.0,deflate;q=0.6,identity;q=0.3
      Accept:
      - "*/*"
  response:
    status:
      code: 200
      message: OK
    headers:
      Date:
      - Tue, 05 Jan 2021 23:36:49 GMT
      Strict-Transport-Security:
      - max-age=31536002; includeSubDomains
      Public-Key-Pins-Report-Only:
      - pin-sha256="9n0izTnSRF+W4W4JTq51avSXkWhQB8duS2bxVLfzXsY="; pin-sha256="5kJvNEMw0KjrCAu7eXY5HZdvyCS13BbA0VJG1RSP91w=";
        pin-sha256="njN4rRG+22dNXAi+yb8e3UMypgzPUPHlv4+foULwl1g="; max-age=86400;
        includeSubDomains; report-uri="https://a.forcesslreports.com/hpkp-report/00D1F000000I2yHm";
      Expect-Ct:
      - max-age=86400, report-uri="https://a.forcesslreports.com/Expect-CT-report/00D1F000000I2yHm"
      X-Robots-Tag:
      - none
      X-B3-Traceid:
      - 6d0b006e97db3be0
      X-B3-Spanid:
      - 6d0b006e97db3be0
      X-B3-Sampled:
      - '0'
      Cache-Control:
      - no-cache,must-revalidate,max-age=0,no-store,private
      Set-Cookie:
      - BrowserId=4afbeU-uEeueXeMUmIIPUA; domain=.salesforce.com; path=/; expires=Wed,
        05-Jan-2022 23:36:49 GMT; Max-Age=31536000
      Sforce-Limit-Info:
      - api-usage=14694/400000
      Content-Type:
      - application/json;charset=UTF-8
      Vary:
      - Accept-Encoding
      Transfer-Encoding:
      - chunked
    body:
      encoding: ASCII-8BIT
      string: '{"totalSize":0,"done":true,"records":[]}'
    http_version:
  recorded_at: Tue, 05 Jan 2021 23:36:49 GMT
- request:
    method: get
    uri: https://<<SALESFORCE_HOST>>/services/data/v<<SALESFORCE_API_VERSION>>/query?q=%0A%20%20%20%20%20%20%20%20%20%20SELECT%20Id,LinkedEntityId,ContentDocumentId,ContentDocument.LatestPublishedVersionId%0A%20%20%20%20%20%20%20%20%20%20FROM%20ContentDocumentLink%0A%20%20%20%20%20%20%20%20%20%20WHERE%20LinkedEntityId%20=%20%27a0x1F000002KlTSQA0%27
    body:
      encoding: US-ASCII
      string: ''
    headers:
      User-Agent:
      - Faraday v0.17.3
      Authorization:
      - OAuth <<ACCESS_TOKEN>>
      Accept-Encoding:
      - gzip;q=1.0,deflate;q=0.6,identity;q=0.3
      Accept:
      - "*/*"
  response:
    status:
      code: 200
      message: OK
    headers:
      Date:
      - Tue, 05 Jan 2021 23:36:50 GMT
      Strict-Transport-Security:
      - max-age=31536002; includeSubDomains
      Public-Key-Pins-Report-Only:
      - pin-sha256="9n0izTnSRF+W4W4JTq51avSXkWhQB8duS2bxVLfzXsY="; pin-sha256="5kJvNEMw0KjrCAu7eXY5HZdvyCS13BbA0VJG1RSP91w=";
        pin-sha256="njN4rRG+22dNXAi+yb8e3UMypgzPUPHlv4+foULwl1g="; max-age=86400;
        includeSubDomains; report-uri="https://a.forcesslreports.com/hpkp-report/00D1F000000I2yHm";
      Expect-Ct:
      - max-age=86400, report-uri="https://a.forcesslreports.com/Expect-CT-report/00D1F000000I2yHm"
      X-Robots-Tag:
      - none
      X-B3-Traceid:
      - 79ace7cbea790cb4
      X-B3-Spanid:
      - 79ace7cbea790cb4
      X-B3-Sampled:
      - '0'
      Cache-Control:
      - no-cache,must-revalidate,max-age=0,no-store,private
      Set-Cookie:
      - BrowserId=4i5wX0-uEeu-8VGyGQ2KCg; domain=.salesforce.com; path=/; expires=Wed,
        05-Jan-2022 23:36:50 GMT; Max-Age=31536000
      Sforce-Limit-Info:
      - api-usage=14694/400000
      Content-Type:
      - application/json;charset=UTF-8
      Vary:
      - Accept-Encoding
      Transfer-Encoding:
      - chunked
    body:
      encoding: ASCII-8BIT
      string: '{"totalSize":0,"done":true,"records":[]}'
    http_version:
  recorded_at: Tue, 05 Jan 2021 23:36:50 GMT
- request:
    method: get
    uri: https://<<SALESFORCE_HOST>>/services/data/v<<SALESFORCE_API_VERSION>>/query?q=%0A%20%20%20%20%20%20%20%20%20%20SELECT%20Id,%20Name__c,%20First_Name__c,%20Last_Name__c,%20Middle_Name__c,%20Relationship_to_Applicant__c,%20Date_of_Birth__c,%20Street__c,%20City__c,%20State__c,%20Zip_Code__c%0A%20%20%20%20%20%20%20%20%20%20FROM%20Application_Member__c%0A%20%20%20%20%20%20%20%20%20%20WHERE%20Application__c%20=%20%27a0o0P00000GZazOQAT%27%0A%20%20%20%20%20%20%20%20%20%20AND%20Id%20!=%20%27a0n0P00000D3qIZQAZ%27%0A%20%20%20%20%20%20%20%20%20%20AND%20Id%20!=%20%27%27%0A%20%20%20%20%20%20%20%20
    body:
      encoding: US-ASCII
      string: ''
    headers:
      User-Agent:
      - Faraday v0.17.3
      Authorization:
      - OAuth <<ACCESS_TOKEN>>
      Accept-Encoding:
      - gzip;q=1.0,deflate;q=0.6,identity;q=0.3
      Accept:
      - "*/*"
  response:
    status:
      code: 200
      message: OK
    headers:
      Date:
      - Tue, 05 Jan 2021 23:36:51 GMT
      Strict-Transport-Security:
      - max-age=31536002; includeSubDomains
      Public-Key-Pins-Report-Only:
      - pin-sha256="9n0izTnSRF+W4W4JTq51avSXkWhQB8duS2bxVLfzXsY="; pin-sha256="5kJvNEMw0KjrCAu7eXY5HZdvyCS13BbA0VJG1RSP91w=";
        pin-sha256="njN4rRG+22dNXAi+yb8e3UMypgzPUPHlv4+foULwl1g="; max-age=86400;
        includeSubDomains; report-uri="https://a.forcesslreports.com/hpkp-report/00D1F000000I2yHm";
      Expect-Ct:
      - max-age=86400, report-uri="https://a.forcesslreports.com/Expect-CT-report/00D1F000000I2yHm"
      X-Robots-Tag:
      - none
      X-B3-Traceid:
      - 7ac7101439321375
      X-B3-Spanid:
      - 7ac7101439321375
      X-B3-Sampled:
      - '0'
      Cache-Control:
      - no-cache,must-revalidate,max-age=0,no-store,private
      Set-Cookie:
      - BrowserId=4rWhcE-uEeuOmv9R2pYfAA; domain=.salesforce.com; path=/; expires=Wed,
        05-Jan-2022 23:36:51 GMT; Max-Age=31536000
      Sforce-Limit-Info:
      - api-usage=14695/400000
      Content-Type:
      - application/json;charset=UTF-8
      Vary:
      - Accept-Encoding
      Transfer-Encoding:
      - chunked
    body:
      encoding: ASCII-8BIT
      string: '{"totalSize":0,"done":true,"records":[]}'
    http_version:
  recorded_at: Tue, 05 Jan 2021 23:36:51 GMT
recorded_with: VCR 5.1.0
