---
http_interactions:
- request:
    method: post
    uri: https://<<SALESFORCE_HOST>>/services/oauth2/token
    body:
      encoding: US-ASCII
      string: grant_type=password&client_id=<<SALESFORCE_CLIENT_ID>>&client_secret=<<SALESFORCE_CLIENT_SECRET>>&username=<<SALESFORCE_USERNAME>>&password=<<SALESFORCE_PASSWORD>><<SALESFORCE_SECURITY_TOKEN>>
    headers:
      User-Agent:
      - Faraday v2.7.4
      Content-Type:
      - application/x-www-form-urlencoded
      Accept-Encoding:
      - gzip;q=1.0,deflate;q=0.6,identity;q=0.3
      Accept:
      - "*/*"
  response:
    status:
      code: 200
      message: OK
    headers:
      Date:
      - Sun, 04 Feb 2024 21:21:14 GMT
      Set-Cookie:
      - BrowserId=U3PWHMOjEe6lirUgN3acmQ; domain=.salesforce.com; path=/; expires=Mon,
        03-Feb-2025 21:21:14 GMT; Max-Age=31536000
      - CookieConsentPolicy=0:1; path=/; expires=Mon, 03-Feb-2025 21:21:14 GMT; Max-Age=31536000
      - LSKey-c$CookieConsentPolicy=0:1; path=/; expires=Mon, 03-Feb-2025 21:21:14
        GMT; Max-Age=31536000
      Strict-Transport-Security:
      - max-age=63072000; includeSubDomains
      X-Content-Type-Options:
      - nosniff
      X-Robots-Tag:
      - none
      Cache-Control:
      - no-cache,must-revalidate,max-age=0,no-store,private
      Expires:
      - Thu, 01 Jan 1970 00:00:00 GMT
      X-Readonlymode:
      - 'false'
      Content-Type:
      - application/json;charset=UTF-8
      Vary:
      - Accept-Encoding
      Transfer-Encoding:
      - chunked
    body:
      encoding: ASCII-8BIT
      string: '{"access_token":"<<ACCESS_TOKEN>>","instance_url":"https://<<SALESFORCE_HOST>>","id":"https://test.salesforce.com/id/00D8H0000004dNlUAI/005U00000066jl9IAA","token_type":"Bearer","issued_at":"1707081674332","signature":"S1P+ot7Rhz9jVG/6nMD/E9hbKFVzaCgX0YwEReTvAuM="}'
  recorded_at: Sun, 04 Feb 2024 21:21:14 GMT
- request:
    method: post
    uri: https://<<SALESFORCE_HOST>>/services/apexrest/LeasingAgentPortal/shortForm
    body:
      encoding: UTF-8
      string: '{"applicationSubmissionType":"Paper","applicationSubmittedDate":"2019-03-12","status":"Submitted","annualIncome":110000,"applicationLanguage":"English","listingID":"a0W0P00000F8YG4UAN","primaryApplicant":{"city":"SAN
        FRANCISCO","DOB":"1950-01-01","email":"eee@eeee.com","firstName":"Test","lastName":"Supp
        app test","state":"CA","zip":"94105-1804"},"householdMembers":[{"DOB":"1976-06-11","firstName":"member","lastName":"test"}],"alternateContact":null}'
    headers:
      User-Agent:
      - Faraday v2.7.4
      Content-Type:
      - application/json
      Authorization:
      - OAuth <<ACCESS_TOKEN>>
      Accept-Encoding:
      - gzip;q=1.0,deflate;q=0.6,identity;q=0.3
      Accept:
      - "*/*"
  response:
    status:
      code: 200
      message: OK
    headers:
      Date:
      - Sun, 04 Feb 2024 21:21:14 GMT
      Set-Cookie:
      - BrowserId=U7gLSMOjEe6MG2_EwiFuUw; domain=.salesforce.com; path=/; expires=Mon,
        03-Feb-2025 21:21:14 GMT; Max-Age=31536000
      - CookieConsentPolicy=0:1; path=/; expires=Mon, 03-Feb-2025 21:21:14 GMT; Max-Age=31536000
      - LSKey-c$CookieConsentPolicy=0:1; path=/; expires=Mon, 03-Feb-2025 21:21:14
        GMT; Max-Age=31536000
      Strict-Transport-Security:
      - max-age=63072000; includeSubDomains
      X-Content-Type-Options:
      - nosniff
      X-Robots-Tag:
      - none
      Cache-Control:
      - no-cache,must-revalidate,max-age=0,no-store,private
      Content-Type:
      - application/json;charset=UTF-8
      Vary:
      - Accept-Encoding
      Transfer-Encoding:
      - chunked
    body:
      encoding: ASCII-8BIT
      string: '{"totalMonthlyRent":null,"suppAppSignedDate":null,"subStatus":null,"status":"Submitted","snapshotId":null,"shortFormPreferences":[{"zip":null,"vetStatus":null,"vetPreferenceProof":null,"state":null,"shortformPreferenceID":"a0w8H000001BY6tQAG","requiresProof":false,"recordTypeDevName":"COP","preferenceProof":null,"postLotteryValidation":null,"optOut":false,"naturalKey":null,"lwPreferenceProof":null,"listingPreferenceID":"a0l0P00001Lx8XKQAZ","individualPreference":null,"city":null,"certificateNumber":null,"appMemberID":null,"applicationID":"a0o8H000002DsklQAC","address":null},{"zip":null,"vetStatus":null,"vetPreferenceProof":null,"state":null,"shortformPreferenceID":"a0w8H000001BY6uQAG","requiresProof":false,"recordTypeDevName":"DTHP","preferenceProof":null,"postLotteryValidation":null,"optOut":false,"naturalKey":null,"lwPreferenceProof":null,"listingPreferenceID":"a0l0P00001Lx8XPQAZ","individualPreference":null,"city":null,"certificateNumber":null,"appMemberID":null,"applicationID":"a0o8H000002DsklQAC","address":null},{"zip":null,"vetStatus":null,"vetPreferenceProof":null,"state":null,"shortformPreferenceID":"a0w8H000001BY6vQAG","requiresProof":false,"recordTypeDevName":"NRHP","preferenceProof":null,"postLotteryValidation":null,"optOut":false,"naturalKey":null,"lwPreferenceProof":null,"listingPreferenceID":"a0l0P00001Lx8XUQAZ","individualPreference":null,"city":null,"certificateNumber":null,"appMemberID":null,"applicationID":"a0o8H000002DsklQAC","address":null},{"zip":null,"vetStatus":null,"vetPreferenceProof":null,"state":null,"shortformPreferenceID":"a0w8H000001BY6wQAG","requiresProof":false,"recordTypeDevName":"RB_AHP","preferenceProof":null,"postLotteryValidation":null,"optOut":false,"naturalKey":null,"lwPreferenceProof":null,"listingPreferenceID":"a0l0P00001Lx8XZQAZ","individualPreference":null,"city":null,"certificateNumber":null,"appMemberID":null,"applicationID":"a0o8H000002DsklQAC","address":null},{"zip":null,"vetStatus":null,"vetPreferenceProof":null,"state":null,"shortformPreferenceID":"a0w8H000001BY6xQAG","requiresProof":false,"recordTypeDevName":"L_W","preferenceProof":null,"postLotteryValidation":null,"optOut":false,"naturalKey":null,"lwPreferenceProof":null,"listingPreferenceID":"a0l0P00001Lx8XeQAJ","individualPreference":null,"city":null,"certificateNumber":null,"appMemberID":null,"applicationID":"a0o8H000002DsklQAC","address":null},{"zip":null,"vetStatus":null,"vetPreferenceProof":null,"state":null,"shortformPreferenceID":"a0w8H000001BY6yQAG","requiresProof":false,"recordTypeDevName":"AG","preferenceProof":null,"postLotteryValidation":null,"optOut":false,"naturalKey":null,"lwPreferenceProof":null,"listingPreferenceID":"a0l0P00001PsqDoQAJ","individualPreference":null,"city":null,"certificateNumber":null,"appMemberID":null,"applicationID":"a0o8H000002DsklQAC","address":null}],"referral":null,"processingStatus":null,"primaryApplicant":{"zip":"94105-1804","yCoordinate":null,"xCoordinate":null,"workInSf":null,"whiteOther":null,"whichComponentOfLocatorWasUsed":null,"webAppID":null,"state":"CA","sexualOrientationOther":null,"sexualOrientation":null,"sexAtBirth":null,"relationship":null,"raceEthnicity":null,"race":null,"primaryLanguage":null,"preferenceStatus":null,"preferenceAddressMatch":null,"phoneType":null,"phone":null,"pacificIslanderOther":null,"otherLanguage":null,"noPhone":false,"noEmail":false,"noAddress":false,"nickname":null,"middleName":null,"menaOther":null,"maritalStatus":null,"mailingZip":null,"mailingState":null,"mailingCity":null,"mailingAddress":null,"lendingAgentStatus":null,"latinoOther":null,"lastName":"Supp
        app test","jobClassification":null,"isVeteran":null,"isSFUSDEmployee":null,"indigenousOther":null,"indigenousNativeAmericanGroup":null,"indigenousCentralSouthAmericaGroup":null,"hiv":false,"hasSameAddressAsApplicant":null,"hasDisability":null,"hasAltMailingAddress":false,"genderOther":null,"gender":null,"firstName":"Test","ethnicity":null,"email":"eee@eeee.com","DOB":"1950-01-01","contactId":"0038H00000OQbdpQAD","city":"SAN
        FRANCISCO","candidateScore":null,"blackOther":null,"asianOther":null,"appMemberType":"Primary
        Applicant","appMemberId":"a0n8H000001HLZYQA4","applicationId":"a0o8H000002DsklQAC","alternatePhoneType":null,"alternatePhone":null,"alternateContactTypeOther":null,"alternateContactType":null,"agency":null,"address":null},"otherHousingCounselingAgency":null,"numberOfSeniors":null,"numberOfMinors":null,"numberOfDependents":null,"name":"APP-01241810","monthlyIncome":null,"lotteryNumberManual":null,"lotteryNumber":"01241810","listingID":"a0W0P00000F8YG4UAN","lendingAgent":null,"jobClassification":null,"isVeteranInHousehold":false,"isSFUSDEmployee":null,"isPrimaryApplicantVeteran":null,"isNonPrimaryMemberVeteran":null,"isFirstTimeHomebuyer":false,"interviewScheduledDate":null,"imputedIncomeFromAssets":null,"id":"a0o8H000002DsklQAC","housingCounselingAgency":null,"householdVouchersSubsidies":null,"householdMembers":[{"zip":null,"yCoordinate":null,"xCoordinate":null,"workInSf":null,"whiteOther":null,"whichComponentOfLocatorWasUsed":null,"webAppID":null,"state":null,"sexualOrientationOther":null,"sexualOrientation":null,"sexAtBirth":null,"relationship":null,"raceEthnicity":null,"race":null,"primaryLanguage":null,"preferenceStatus":null,"preferenceAddressMatch":null,"phoneType":null,"phone":null,"pacificIslanderOther":null,"otherLanguage":null,"noPhone":false,"noEmail":false,"noAddress":false,"nickname":null,"middleName":null,"menaOther":null,"maritalStatus":null,"mailingZip":null,"mailingState":null,"mailingCity":null,"mailingAddress":null,"lendingAgentStatus":null,"latinoOther":null,"lastName":"test","jobClassification":null,"isVeteran":null,"isSFUSDEmployee":null,"indigenousOther":null,"indigenousNativeAmericanGroup":null,"indigenousCentralSouthAmericaGroup":null,"hiv":false,"hasSameAddressAsApplicant":null,"hasDisability":null,"hasAltMailingAddress":false,"genderOther":null,"gender":null,"firstName":"member","ethnicity":null,"email":null,"DOB":"1976-06-11","contactId":null,"city":null,"candidateScore":null,"blackOther":null,"asianOther":null,"appMemberType":"Household
        Member","appMemberId":"a0n8H000001HLZXQA4","applicationId":"a0o8H000002DsklQAC","alternatePhoneType":null,"alternatePhone":null,"alternateContactTypeOther":null,"alternateContactType":null,"agency":null,"address":null}],"householdAssets":null,"HHTotalIncomeWithAssets":null,"hasSenior":null,"hasPublicHousing":null,"hasMinimumCreditScore":false,"hasMilitaryService":null,"hasLoanPreapproval":false,"hasDisability":null,"hasDevelopmentalDisability":null,"hasCompletedHomebuyerEducation":false,"formMetadata":null,"externalSessionId":"","didApplicantUseHousingCounselingAgency":null,"confirmedHouseholdAnnualIncome":null,"appRTType":"Rental_Short_Form","applicationSubmittedDate":"2019-03-12","applicationSubmissionType":"Paper","applicationLanguage":"English","answeredCommunityScreening":null,"annualIncome":110000.00,"amiPercentage":null,"amiChartYear":null,"amiChartType":null,"alternateContact":null,"agreeToTerms":false,"adaPrioritiesSelected":null}'
  recorded_at: Sun, 04 Feb 2024 21:21:18 GMT
- request:
    method: get
    uri: https://<<SALESFORCE_HOST>>/services/apexrest/LeasingAgentPortal/shortForm/a0o8H000002DsklQAC
    body:
      encoding: US-ASCII
      string: ''
    headers:
      User-Agent:
      - Faraday v2.7.4
      Authorization:
      - OAuth <<ACCESS_TOKEN>>
      Accept-Encoding:
      - gzip;q=1.0,deflate;q=0.6,identity;q=0.3
      Accept:
      - "*/*"
  response:
    status:
      code: 200
      message: OK
    headers:
      Date:
      - Sun, 04 Feb 2024 21:21:19 GMT
      Set-Cookie:
      - BrowserId=VmCWOMOjEe6MG2_EwiFuUw; domain=.salesforce.com; path=/; expires=Mon,
        03-Feb-2025 21:21:19 GMT; Max-Age=31536000
      - CookieConsentPolicy=0:1; path=/; expires=Mon, 03-Feb-2025 21:21:19 GMT; Max-Age=31536000
      - LSKey-c$CookieConsentPolicy=0:1; path=/; expires=Mon, 03-Feb-2025 21:21:19
        GMT; Max-Age=31536000
      Strict-Transport-Security:
      - max-age=63072000; includeSubDomains
      X-Content-Type-Options:
      - nosniff
      X-Robots-Tag:
      - none
      Cache-Control:
      - no-cache,must-revalidate,max-age=0,no-store,private
      Content-Type:
      - application/json;charset=UTF-8
      Vary:
      - Accept-Encoding
      Transfer-Encoding:
      - chunked
    body:
      encoding: ASCII-8BIT
      string: '{"totalMonthlyRent":null,"suppAppSignedDate":null,"subStatus":null,"status":"Submitted","snapshotId":null,"shortFormPreferences":[{"zip":null,"vetStatus":null,"vetPreferenceProof":null,"state":null,"shortformPreferenceID":"a0w8H000001BY6tQAG","requiresProof":false,"recordTypeDevName":"COP","preferenceProof":null,"postLotteryValidation":null,"optOut":false,"naturalKey":null,"lwPreferenceProof":null,"listingPreferenceID":"a0l0P00001Lx8XKQAZ","individualPreference":null,"city":null,"certificateNumber":null,"appMemberID":null,"applicationID":"a0o8H000002DsklQAC","address":null},{"zip":null,"vetStatus":null,"vetPreferenceProof":null,"state":null,"shortformPreferenceID":"a0w8H000001BY6uQAG","requiresProof":false,"recordTypeDevName":"DTHP","preferenceProof":null,"postLotteryValidation":null,"optOut":false,"naturalKey":null,"lwPreferenceProof":null,"listingPreferenceID":"a0l0P00001Lx8XPQAZ","individualPreference":null,"city":null,"certificateNumber":null,"appMemberID":null,"applicationID":"a0o8H000002DsklQAC","address":null},{"zip":null,"vetStatus":null,"vetPreferenceProof":null,"state":null,"shortformPreferenceID":"a0w8H000001BY6vQAG","requiresProof":false,"recordTypeDevName":"NRHP","preferenceProof":null,"postLotteryValidation":null,"optOut":false,"naturalKey":null,"lwPreferenceProof":null,"listingPreferenceID":"a0l0P00001Lx8XUQAZ","individualPreference":null,"city":null,"certificateNumber":null,"appMemberID":null,"applicationID":"a0o8H000002DsklQAC","address":null},{"zip":null,"vetStatus":null,"vetPreferenceProof":null,"state":null,"shortformPreferenceID":"a0w8H000001BY6wQAG","requiresProof":false,"recordTypeDevName":"RB_AHP","preferenceProof":null,"postLotteryValidation":null,"optOut":false,"naturalKey":null,"lwPreferenceProof":null,"listingPreferenceID":"a0l0P00001Lx8XZQAZ","individualPreference":null,"city":null,"certificateNumber":null,"appMemberID":null,"applicationID":"a0o8H000002DsklQAC","address":null},{"zip":null,"vetStatus":null,"vetPreferenceProof":null,"state":null,"shortformPreferenceID":"a0w8H000001BY6xQAG","requiresProof":false,"recordTypeDevName":"L_W","preferenceProof":null,"postLotteryValidation":null,"optOut":false,"naturalKey":null,"lwPreferenceProof":null,"listingPreferenceID":"a0l0P00001Lx8XeQAJ","individualPreference":null,"city":null,"certificateNumber":null,"appMemberID":null,"applicationID":"a0o8H000002DsklQAC","address":null},{"zip":null,"vetStatus":null,"vetPreferenceProof":null,"state":null,"shortformPreferenceID":"a0w8H000001BY6yQAG","requiresProof":false,"recordTypeDevName":"AG","preferenceProof":null,"postLotteryValidation":null,"optOut":false,"naturalKey":null,"lwPreferenceProof":null,"listingPreferenceID":"a0l0P00001PsqDoQAJ","individualPreference":null,"city":null,"certificateNumber":null,"appMemberID":null,"applicationID":"a0o8H000002DsklQAC","address":null}],"referral":null,"processingStatus":null,"primaryApplicant":{"zip":"94105-1804","yCoordinate":null,"xCoordinate":null,"workInSf":null,"whiteOther":null,"whichComponentOfLocatorWasUsed":null,"webAppID":null,"state":"CA","sexualOrientationOther":null,"sexualOrientation":null,"sexAtBirth":null,"relationship":null,"raceEthnicity":null,"race":null,"primaryLanguage":null,"preferenceStatus":null,"preferenceAddressMatch":null,"phoneType":null,"phone":null,"pacificIslanderOther":null,"otherLanguage":null,"noPhone":false,"noEmail":false,"noAddress":false,"nickname":null,"middleName":null,"menaOther":null,"maritalStatus":null,"mailingZip":null,"mailingState":null,"mailingCity":null,"mailingAddress":null,"lendingAgentStatus":null,"latinoOther":null,"lastName":"Supp
        app test","jobClassification":null,"isVeteran":null,"isSFUSDEmployee":null,"indigenousOther":null,"indigenousNativeAmericanGroup":null,"indigenousCentralSouthAmericaGroup":null,"hiv":false,"hasSameAddressAsApplicant":null,"hasDisability":null,"hasAltMailingAddress":false,"genderOther":null,"gender":null,"firstName":"Test","ethnicity":null,"email":"eee@eeee.com","DOB":"1950-01-01","contactId":"0038H00000OQbdpQAD","city":"SAN
        FRANCISCO","candidateScore":null,"blackOther":null,"asianOther":null,"appMemberType":"Primary
        Applicant","appMemberId":"a0n8H000001HLZYQA4","applicationId":"a0o8H000002DsklQAC","alternatePhoneType":null,"alternatePhone":null,"alternateContactTypeOther":null,"alternateContactType":null,"agency":null,"address":null},"otherHousingCounselingAgency":null,"numberOfSeniors":null,"numberOfMinors":null,"numberOfDependents":null,"name":"APP-01241810","monthlyIncome":null,"lotteryNumberManual":null,"lotteryNumber":"01241810","listingID":"a0W0P00000F8YG4UAN","lendingAgent":null,"jobClassification":null,"isVeteranInHousehold":false,"isSFUSDEmployee":null,"isPrimaryApplicantVeteran":null,"isNonPrimaryMemberVeteran":null,"isFirstTimeHomebuyer":false,"interviewScheduledDate":null,"imputedIncomeFromAssets":null,"id":"a0o8H000002DsklQAC","housingCounselingAgency":null,"householdVouchersSubsidies":null,"householdMembers":[{"zip":null,"yCoordinate":null,"xCoordinate":null,"workInSf":null,"whiteOther":null,"whichComponentOfLocatorWasUsed":null,"webAppID":null,"state":null,"sexualOrientationOther":null,"sexualOrientation":null,"sexAtBirth":null,"relationship":null,"raceEthnicity":null,"race":null,"primaryLanguage":null,"preferenceStatus":null,"preferenceAddressMatch":null,"phoneType":null,"phone":null,"pacificIslanderOther":null,"otherLanguage":null,"noPhone":false,"noEmail":false,"noAddress":false,"nickname":null,"middleName":null,"menaOther":null,"maritalStatus":null,"mailingZip":null,"mailingState":null,"mailingCity":null,"mailingAddress":null,"lendingAgentStatus":null,"latinoOther":null,"lastName":"test","jobClassification":null,"isVeteran":null,"isSFUSDEmployee":null,"indigenousOther":null,"indigenousNativeAmericanGroup":null,"indigenousCentralSouthAmericaGroup":null,"hiv":false,"hasSameAddressAsApplicant":null,"hasDisability":null,"hasAltMailingAddress":false,"genderOther":null,"gender":null,"firstName":"member","ethnicity":null,"email":null,"DOB":"1976-06-11","contactId":null,"city":null,"candidateScore":null,"blackOther":null,"asianOther":null,"appMemberType":"Household
        Member","appMemberId":"a0n8H000001HLZXQA4","applicationId":"a0o8H000002DsklQAC","alternatePhoneType":null,"alternatePhone":null,"alternateContactTypeOther":null,"alternateContactType":null,"agency":null,"address":null}],"householdAssets":null,"HHTotalIncomeWithAssets":null,"hasSenior":null,"hasPublicHousing":null,"hasMinimumCreditScore":false,"hasMilitaryService":null,"hasLoanPreapproval":false,"hasDisability":null,"hasDevelopmentalDisability":null,"hasCompletedHomebuyerEducation":false,"formMetadata":null,"externalSessionId":"","didApplicantUseHousingCounselingAgency":null,"confirmedHouseholdAnnualIncome":null,"appRTType":"Rental_Short_Form","applicationSubmittedDate":"2019-03-12","applicationSubmissionType":"Paper","applicationLanguage":"English","answeredCommunityScreening":null,"annualIncome":110000.00,"amiPercentage":null,"amiChartYear":null,"amiChartType":null,"alternateContact":null,"agreeToTerms":false,"adaPrioritiesSelected":null}'
  recorded_at: Sun, 04 Feb 2024 21:21:19 GMT
- request:
    method: post
    uri: https://<<SALESFORCE_HOST>>/services/oauth2/token
    body:
      encoding: US-ASCII
      string: grant_type=password&client_id=<<SALESFORCE_CLIENT_ID>>&client_secret=<<SALESFORCE_CLIENT_SECRET>>&username=<<SALESFORCE_USERNAME>>&password=<<SALESFORCE_PASSWORD>><<SALESFORCE_SECURITY_TOKEN>>
    headers:
      User-Agent:
      - Faraday v2.7.4
      Content-Type:
      - application/x-www-form-urlencoded
      Accept-Encoding:
      - gzip;q=1.0,deflate;q=0.6,identity;q=0.3
      Accept:
      - "*/*"
  response:
    status:
      code: 200
      message: OK
    headers:
      Date:
      - Sun, 04 Feb 2024 21:21:19 GMT
      Set-Cookie:
      - BrowserId=Vsj1FsOjEe69nvk5cyD2OQ; domain=.salesforce.com; path=/; expires=Mon,
        03-Feb-2025 21:21:19 GMT; Max-Age=31536000
      - CookieConsentPolicy=0:1; path=/; expires=Mon, 03-Feb-2025 21:21:19 GMT; Max-Age=31536000
      - LSKey-c$CookieConsentPolicy=0:1; path=/; expires=Mon, 03-Feb-2025 21:21:19
        GMT; Max-Age=31536000
      Strict-Transport-Security:
      - max-age=63072000; includeSubDomains
      X-Content-Type-Options:
      - nosniff
      X-Robots-Tag:
      - none
      Cache-Control:
      - no-cache,must-revalidate,max-age=0,no-store,private
      Expires:
      - Thu, 01 Jan 1970 00:00:00 GMT
      X-Readonlymode:
      - 'false'
      Content-Type:
      - application/json;charset=UTF-8
      Vary:
      - Accept-Encoding
      Transfer-Encoding:
      - chunked
    body:
      encoding: ASCII-8BIT
      string: '{"access_token":"<<ACCESS_TOKEN>>","instance_url":"https://<<SALESFORCE_HOST>>","id":"https://test.salesforce.com/id/00D8H0000004dNlUAI/005U00000066jl9IAA","token_type":"Bearer","issued_at":"1707081679940","signature":"7yCDdWNCXS6B0q0VPVTfSq2c/k/WDzjjg43oDAIQ+M4="}'
  recorded_at: Sun, 04 Feb 2024 21:21:19 GMT
- request:
    method: get
    uri: https://<<SALESFORCE_HOST>>/services/data/v<<SALESFORCE_API_VERSION>>/query?q=%0A%20%20%20%20%20%20%20%20%20%20SELECT%20Id,%20Name,%20Preference_Name__c,%20Person_who_claimed_Name__c,%20Type_of_proof__c,%20Veteran_Type_of_Proof__c,%20Opt_Out__c,%20Lottery_Status__c,%20Preference_Lottery_Rank__c,%20Listing_Preference_ID__c,%20Receives_Preference__c,%20Application_Member__c,%20Application_Member__r.First_Name__c,%20Application_Member__r.Last_Name__c,%20Application_Member__r.Date_of_Birth__c,%20Application_Member__r.Id,%20Individual_preference__c,%20Certificate_Number__c,%20Preference_Order__c,%20RecordType.DeveloperName,%20LW_Type_of_Proof__c,%20City__c,%20State__c,%20Street__c,%20Zip_Code__c,%20Post_Lottery_Validation__c,%20Total_Household_Rent__c%0A%20%20%20%20%20%20%20%20%20%20FROM%20Application_Preference__c%0A%20%20%20%20%20%20%20%20%20%20WHERE%20Application__c%20=%20%27a0o8H000002DsklQAC%27%0A%20%20%20%20%20%20%20%20%20%20%0A%20%20%20%20%20%20%20%20
    body:
      encoding: US-ASCII
      string: ''
    headers:
      User-Agent:
      - Faraday v2.7.4
      Authorization:
      - OAuth <<ACCESS_TOKEN>>
      Accept-Encoding:
      - gzip;q=1.0,deflate;q=0.6,identity;q=0.3
      Accept:
      - "*/*"
  response:
    status:
      code: 200
      message: OK
    headers:
      Date:
      - Sun, 04 Feb 2024 21:21:20 GMT
      Set-Cookie:
      - BrowserId=Vw6Jp8OjEe6eZ7sYLB_Q_A; domain=.salesforce.com; path=/; expires=Mon,
        03-Feb-2025 21:21:20 GMT; Max-Age=31536000
      - CookieConsentPolicy=0:1; path=/; expires=Mon, 03-Feb-2025 21:21:20 GMT; Max-Age=31536000
      - LSKey-c$CookieConsentPolicy=0:1; path=/; expires=Mon, 03-Feb-2025 21:21:20
        GMT; Max-Age=31536000
      Strict-Transport-Security:
      - max-age=63072000; includeSubDomains
      X-Content-Type-Options:
      - nosniff
      X-Robots-Tag:
      - none
      Cache-Control:
      - no-cache,must-revalidate,max-age=0,no-store,private
      Sforce-Limit-Info:
      - api-usage=13684/930000
      Content-Type:
      - application/json;charset=UTF-8
      Vary:
      - Accept-Encoding
      Transfer-Encoding:
      - chunked
    body:
      encoding: ASCII-8BIT
      string: '{"totalSize":6,"done":true,"records":[{"attributes":{"type":"Application_Preference__c","url":"/services/data/v<<SALESFORCE_API_VERSION>>/sobjects/Application_Preference__c/a0w8H000001BY6tQAG"},"Id":"a0w8H000001BY6tQAG","Name":"AP-0004479688","Preference_Name__c":"Certificate
        of Preference (COP)","Person_who_claimed_Name__c":null,"Type_of_proof__c":null,"Veteran_Type_of_Proof__c":null,"Opt_Out__c":false,"Lottery_Status__c":"Unconfirmed","Preference_Lottery_Rank__c":null,"Listing_Preference_ID__c":"a0l0P00001Lx8XKQAZ","Receives_Preference__c":false,"Application_Member__c":null,"Application_Member__r":null,"Individual_preference__c":null,"Certificate_Number__c":null,"Preference_Order__c":1.0,"RecordType":{"attributes":{"type":"RecordType","url":"/services/data/v<<SALESFORCE_API_VERSION>>/sobjects/RecordType/0120P000000R7BHQA0"},"DeveloperName":"COP"},"LW_Type_of_Proof__c":null,"City__c":null,"State__c":null,"Street__c":null,"Zip_Code__c":null,"Post_Lottery_Validation__c":null,"Total_Household_Rent__c":0.0},{"attributes":{"type":"Application_Preference__c","url":"/services/data/v<<SALESFORCE_API_VERSION>>/sobjects/Application_Preference__c/a0w8H000001BY6uQAG"},"Id":"a0w8H000001BY6uQAG","Name":"AP-0004479689","Preference_Name__c":"Displaced
        Tenant Housing Preference (DTHP)","Person_who_claimed_Name__c":null,"Type_of_proof__c":null,"Veteran_Type_of_Proof__c":null,"Opt_Out__c":false,"Lottery_Status__c":"Unconfirmed","Preference_Lottery_Rank__c":null,"Listing_Preference_ID__c":"a0l0P00001Lx8XPQAZ","Receives_Preference__c":false,"Application_Member__c":null,"Application_Member__r":null,"Individual_preference__c":null,"Certificate_Number__c":null,"Preference_Order__c":3.0,"RecordType":{"attributes":{"type":"RecordType","url":"/services/data/v<<SALESFORCE_API_VERSION>>/sobjects/RecordType/0120P000000R7BJQA0"},"DeveloperName":"DTHP"},"LW_Type_of_Proof__c":null,"City__c":null,"State__c":null,"Street__c":null,"Zip_Code__c":null,"Post_Lottery_Validation__c":null,"Total_Household_Rent__c":0.0},{"attributes":{"type":"Application_Preference__c","url":"/services/data/v<<SALESFORCE_API_VERSION>>/sobjects/Application_Preference__c/a0w8H000001BY6vQAG"},"Id":"a0w8H000001BY6vQAG","Name":"AP-0004479690","Preference_Name__c":"Neighborhood
        Resident Housing Preference (NRHP)","Person_who_claimed_Name__c":null,"Type_of_proof__c":null,"Veteran_Type_of_Proof__c":null,"Opt_Out__c":false,"Lottery_Status__c":null,"Preference_Lottery_Rank__c":null,"Listing_Preference_ID__c":"a0l0P00001Lx8XUQAZ","Receives_Preference__c":false,"Application_Member__c":null,"Application_Member__r":null,"Individual_preference__c":null,"Certificate_Number__c":null,"Preference_Order__c":4.0,"RecordType":{"attributes":{"type":"RecordType","url":"/services/data/v<<SALESFORCE_API_VERSION>>/sobjects/RecordType/0120P000000R7BLQA0"},"DeveloperName":"NRHP"},"LW_Type_of_Proof__c":null,"City__c":null,"State__c":null,"Street__c":null,"Zip_Code__c":null,"Post_Lottery_Validation__c":null,"Total_Household_Rent__c":0.0},{"attributes":{"type":"Application_Preference__c","url":"/services/data/v<<SALESFORCE_API_VERSION>>/sobjects/Application_Preference__c/a0w8H000001BY6wQAG"},"Id":"a0w8H000001BY6wQAG","Name":"AP-0004479691","Preference_Name__c":"Rent
        Burdened / Assisted Housing Preference","Person_who_claimed_Name__c":null,"Type_of_proof__c":null,"Veteran_Type_of_Proof__c":null,"Opt_Out__c":false,"Lottery_Status__c":null,"Preference_Lottery_Rank__c":null,"Listing_Preference_ID__c":"a0l0P00001Lx8XZQAZ","Receives_Preference__c":false,"Application_Member__c":null,"Application_Member__r":null,"Individual_preference__c":null,"Certificate_Number__c":null,"Preference_Order__c":2.0,"RecordType":{"attributes":{"type":"RecordType","url":"/services/data/v<<SALESFORCE_API_VERSION>>/sobjects/RecordType/0120P000000R7BMQA0"},"DeveloperName":"RB_AHP"},"LW_Type_of_Proof__c":null,"City__c":null,"State__c":null,"Street__c":null,"Zip_Code__c":null,"Post_Lottery_Validation__c":null,"Total_Household_Rent__c":0.0},{"attributes":{"type":"Application_Preference__c","url":"/services/data/v<<SALESFORCE_API_VERSION>>/sobjects/Application_Preference__c/a0w8H000001BY6xQAG"},"Id":"a0w8H000001BY6xQAG","Name":"AP-0004479692","Preference_Name__c":"Live
        or Work in San Francisco Preference","Person_who_claimed_Name__c":null,"Type_of_proof__c":null,"Veteran_Type_of_Proof__c":null,"Opt_Out__c":false,"Lottery_Status__c":"None","Preference_Lottery_Rank__c":null,"Listing_Preference_ID__c":"a0l0P00001Lx8XeQAJ","Receives_Preference__c":false,"Application_Member__c":null,"Application_Member__r":null,"Individual_preference__c":null,"Certificate_Number__c":null,"Preference_Order__c":5.0,"RecordType":{"attributes":{"type":"RecordType","url":"/services/data/v<<SALESFORCE_API_VERSION>>/sobjects/RecordType/0120P000000R7BKQA0"},"DeveloperName":"L_W"},"LW_Type_of_Proof__c":null,"City__c":null,"State__c":null,"Street__c":null,"Zip_Code__c":null,"Post_Lottery_Validation__c":null,"Total_Household_Rent__c":0.0},{"attributes":{"type":"Application_Preference__c","url":"/services/data/v<<SALESFORCE_API_VERSION>>/sobjects/Application_Preference__c/a0w8H000001BY6yQAG"},"Id":"a0w8H000001BY6yQAG","Name":"AP-0004479693","Preference_Name__c":"Alice
        Griffith Housing Development Resident","Person_who_claimed_Name__c":null,"Type_of_proof__c":null,"Veteran_Type_of_Proof__c":null,"Opt_Out__c":false,"Lottery_Status__c":"None","Preference_Lottery_Rank__c":null,"Listing_Preference_ID__c":"a0l0P00001PsqDoQAJ","Receives_Preference__c":false,"Application_Member__c":null,"Application_Member__r":null,"Individual_preference__c":null,"Certificate_Number__c":null,"Preference_Order__c":6.0,"RecordType":{"attributes":{"type":"RecordType","url":"/services/data/v<<SALESFORCE_API_VERSION>>/sobjects/RecordType/0120P000000NHVqQAO"},"DeveloperName":"AG"},"LW_Type_of_Proof__c":null,"City__c":null,"State__c":null,"Street__c":null,"Zip_Code__c":null,"Post_Lottery_Validation__c":null,"Total_Household_Rent__c":0.0}]}'
  recorded_at: Sun, 04 Feb 2024 21:21:20 GMT
recorded_with: VCR 6.1.0
