---
http_interactions:
- request:
    method: post
    uri: https://<<SALESFORCE_HOST>>/services/oauth2/token
    body:
      encoding: US-ASCII
      string: grant_type=password&client_id=<<SALESFORCE_CLIENT_ID>>&client_secret=<<SALESFORCE_CLIENT_SECRET>>&username=<<SALESFORCE_USERNAME>>&password=<<SALESFORCE_PASSWORD>><<SALESFORCE_SECURITY_TOKEN>>
    headers:
      User-Agent:
      - Faraday v0.12.2
      Content-Type:
      - application/x-www-form-urlencoded
      Accept-Encoding:
      - gzip;q=1.0,deflate;q=0.6,identity;q=0.3
      Accept:
      - "*/*"
  response:
    status:
      code: 200
      message: OK
    headers:
      Date:
      - Thu, 28 Mar 2019 00:56:22 GMT
      Strict-Transport-Security:
      - max-age=31536000; includeSubDomains
      X-Content-Type-Options:
      - nosniff
      X-Xss-Protection:
      - 1; mode=block
      Cache-Control:
      - no-cache,must-revalidate,max-age=0,no-store,private
      Set-Cookie:
      - BrowserId=3gpJR6S3QVqcWQ7BDhgRRw;Path=/;Domain=.salesforce.com;Expires=Mon,
        27-May-2019 00:56:22 GMT;Max-Age=5184000
      Expires:
      - Thu, 01 Jan 1970 00:00:00 GMT
      X-Readonlymode:
      - 'false'
      Content-Type:
      - application/json;charset=UTF-8
      Vary:
      - Accept-Encoding
      Transfer-Encoding:
      - chunked
    body:
      encoding: UTF-8
      string: '{"access_token":"<<ACCESS_TOKEN>>","instance_url":"<<SALESFORCE_INSTANCE_URL>>","id":"https://<<SALESFORCE_HOST>>/id/00D0t0000000xVqEAI/005U00000066jl9IAA","token_type":"Bearer","issued_at":"1553734582978","signature":"C2NLLqL6Mzwd1zSkosWVs392ncMBXuxSvFw7umyWxak="}'
    http_version: 
  recorded_at: Thu, 28 Mar 2019 00:56:23 GMT
- request:
    method: get
    uri: "<<SALESFORCE_INSTANCE_URL>>/services/data/v<<SALESFORCE_API_VERSION>>/query?q=%0A%20%20%20%20%20%20%20%20SELECT%20Id,%20OwnerId,%20Owner.Name,%20Application_Due_Date__c,%20Name,%20Status__c,%20Building__c,%20Building__r.Name,%20Min_BR__c,%20Lottery_Winners__c,%20Max_BR__c,%20Lottery_Results__c,%20Min_Income__c,%20Account__c,%20Account__r.Name,%20Max_Income__c,%20Min_Occupancy__c,%20Max_Occupancy__c,%20Building_Name__c,%20Neighborhood__c,%20Building_Street_Address__c,%20Developer__c,%20Building_City__c,%20Building_URL__c,%20Building_State__c,%20Year_Built__c,%20Building_Zip_Code__c,%20Description__c,%20Lottery_Preferences__c,%20Accessibility__c,%20Fee__c,%20Amenities__c,%20Deposit_Min__c,%20Costs_Not_Included__c,%20Deposit_Max__c,%20Lottery_Date__c,%20Lottery_Results_Date__c,%20Lottery_Venue__c,%20Lottery_Summary__c,%20Lottery_Street_Address__c,%20Lottery_City__c,%20Lottery_URL__c,%20Reserved_community_type__c,%20Application_Phone__c,%20Application_Organization__c,%20Application_Street_Address__c,%20Application_City__c,%20Download_URL__c,%20Application_State__c,%20Application_Postal_Code__c,%20In_Lottery__c,%20Leasing_Agent_Name__c,%20Leasing_Agent_Title__c,%20Leasing_Agent_Email__c,%20Leasing_Agent_Phone__c,%20Legal_Disclaimers__c,%20Building_Selection_Criteria__c,%20Pet_Policy__c,%20Report_id__c,%20Required_Documents__c,%20Smoking_Policy__c,%20Eviction_History__c,%20Criminal_History__c,%20Credit_Rating__c,%20Lottery_Status__c,%20Office_Hours__c,%20Tenure__c,%0A%20%20%20%20%20%20%20%20%0A%20%20%20%20%20%20%09(SELECT%20Date__c,%20Start_Time__c,%20End_Time__c,%20Venue__c,%20Street_Address__c,%20City__c%20FROM%20Information_Sessions__r),%0A%20%20%20%20%20%20%09(SELECT%20Date__c,%20Start_Time__c,%20End_Time__c%20FROM%20Open_Houses__r),%0A%20%20%20%20%20%20%09(SELECT%20Id,%20Total_Submitted_Apps__c,%20Order__c,%20Description__c,%20Available_Units__c,%20PDF_URL__c,%20Lottery_Preference__r.Id,%0A%20%20%20%20%20%20%20%20%20%20%20%20%20%20%20%20Lottery_Preference__r.Name%20FROM%20Listing_Lottery_Preferences__r),%0A%20%20%20%20%20%20%09(SELECT%20Unit_Type__c,%20BMR_Rent_Monthly__c,%20BMR_Rental_Minimum_Monthly_Income_Needed__c,%20Status__c,%20Property_Type__c,%0A%20%20%20%20%20%20%20%20%20%20%20%20%20%20%20%20AMI_chart_type__c,%20AMI_chart_year__c,%20of_AMI_for_Pricing_Unit__c,%20Reserved_Type__c%20FROM%20Units__r%20ORDER%20BY%20Unit_Type__c)%0A%20%20%20%20%20%20%0A%20%20%20%20%20%20%20%20FROM%20Listing__c%0A%20%20%20%20%20%20%20%20WHERE%20Id=%27a0W0P00000GbyuQ%27%0A%20%20%20%20%20%20"
    body:
      encoding: US-ASCII
      string: ''
    headers:
      User-Agent:
      - Faraday v0.12.2
      Authorization:
      - OAuth <<ACCESS_TOKEN>>
      Accept-Encoding:
      - gzip;q=1.0,deflate;q=0.6,identity;q=0.3
      Accept:
      - "*/*"
  response:
    status:
      code: 200
      message: OK
    headers:
      Date:
      - Thu, 28 Mar 2019 00:56:23 GMT
      Strict-Transport-Security:
      - max-age=31536002; includeSubDomains
      Public-Key-Pins-Report-Only:
      - pin-sha256="9n0izTnSRF+W4W4JTq51avSXkWhQB8duS2bxVLfzXsY="; pin-sha256="5kJvNEMw0KjrCAu7eXY5HZdvyCS13BbA0VJG1RSP91w=";
        pin-sha256="njN4rRG+22dNXAi+yb8e3UMypgzPUPHlv4+foULwl1g="; max-age=86400;
        includeSubDomains; report-uri="https://a.forcesslreports.com/hpkp-report/00D0t0000000xVqm";
      Expect-Ct:
      - max-age=0; report-uri="https://a.forcesslreports.com/Expect-CT-report/00D0t0000000xVqm";
      X-Robots-Tag:
      - none
      Cache-Control:
      - no-cache,must-revalidate,max-age=0,no-store,private
      Set-Cookie:
      - BrowserId=bfZwBS5sQQiP5bxI_IApoQ;Path=/;Domain=.salesforce.com;Expires=Mon,
        27-May-2019 00:56:23 GMT;Max-Age=5184000
      Expires:
      - Thu, 01 Jan 1970 00:00:00 GMT
      Sforce-Limit-Info:
      - api-usage=6940/5000000
      Content-Type:
      - application/json;charset=UTF-8
      Vary:
      - Accept-Encoding
      Transfer-Encoding:
      - chunked
    body:
      encoding: UTF-8
      string: '{"totalSize":1,"done":true,"records":[{"attributes":{"type":"Listing__c","url":"/services/data/v<<SALESFORCE_API_VERSION>>/sobjects/Listing__c/a0W0P00000GbyuQUAR"},"Id":"a0W0P00000GbyuQUAR","OwnerId":"005U0000002DL0EIAW","Owner":{"attributes":{"type":"Name","url":"/services/data/v<<SALESFORCE_API_VERSION>>/sobjects/User/005U0000002DL0EIAW"},"Name":"Michael
        Solomon"},"Application_Due_Date__c":"2018-05-07T21:31:00.000+0000","Name":"Partners
        Test Listing (do not modify) - Yellow Acres","Status__c":"Lease Up","Building__c":"a0a0P00000HPMJdQAP","Building__r":{"attributes":{"type":"Building__c","url":"/services/data/v<<SALESFORCE_API_VERSION>>/sobjects/Building__c/a0a0P00000HPMJdQAP"},"Name":"PR-021026"},"Min_BR__c":null,"Lottery_Winners__c":0.0,"Max_BR__c":null,"Lottery_Results__c":true,"Min_Income__c":2606.0,"Account__c":"001U000001YUVDjIAP","Account__r":{"attributes":{"type":"Account","url":"/services/data/v<<SALESFORCE_API_VERSION>>/sobjects/Account/001U000001YUVDjIAP"},"Name":"Exygy"},"Max_Income__c":null,"Min_Occupancy__c":1.0,"Max_Occupancy__c":null,"Building_Name__c":"Test
        Yellow Acres","Neighborhood__c":"Civic Center","Building_Street_Address__c":"1
        South Van Ness Ave","Developer__c":null,"Building_City__c":"San Francisco","Building_URL__c":"https://sfmohcd.org/sites/default/files/Documents/MOH/Housing%20Listing%20Photos/test-apologies.png","Building_State__c":"CA","Year_Built__c":2018.0,"Building_Zip_Code__c":"94103","Description__c":null,"Lottery_Preferences__c":null,"Accessibility__c":"Accessibility
        features in common areas like lobby – wheelchair ramps, wheelchair accessible
        bathrooms and elevators.","Fee__c":45.0,"Amenities__c":"Private bathroom and
        kitchen in unit. Laundry room, Landscaped Roof Deck, Ground level commercial
        space with large storefront windows and tall (19’+) ceilings and pedestrian-oriented
        features including lush planting & bike parking.","Deposit_Min__c":1000.0,"Costs_Not_Included__c":"Replacements:
        $75 lock, $25/key, $10/mailbox key, $100/FOB key, $100/garage remote;\r\nLate
        rent fee: equal to 5% of total amount of monthly rent then in effect;\r\nRenter
        pay PG&E directly to provider;\r\nNo parking.","Deposit_Max__c":1883.0,"Lottery_Date__c":"2018-06-01T22:30:00.000+0000","Lottery_Results_Date__c":"2018-06-05","Lottery_Venue__c":"MOHCD","Lottery_Summary__c":null,"Lottery_Street_Address__c":"1
        South Van Ness Ave. 5th Fl.","Lottery_City__c":"San Francisco","Lottery_URL__c":null,"Reserved_community_type__c":null,"Application_Phone__c":"(415)
        647-7191 ext.127","Application_Organization__c":null,"Application_Street_Address__c":null,"Application_City__c":null,"Download_URL__c":null,"Application_State__c":null,"Application_Postal_Code__c":null,"In_Lottery__c":104.0,"Leasing_Agent_Name__c":"Brian
        Minall","Leasing_Agent_Title__c":null,"Leasing_Agent_Email__c":"brian.minall@caritasmanagement.com","Leasing_Agent_Phone__c":"(415)
        647-7191 x127","Legal_Disclaimers__c":"All BMR renters must review and acknowledge
        the <a href=\"http://sf-moh.org/index.aspx?page=295\" target=\"_blank\">Inclusionary
        Affordable Housing Program Monitoring and Procedures Manual 2013</a> that
        governs this property upon the signing of a lease for a BMR unit. <br> <br>Applicants
        should be informed that BMR rental units in some buildings may convert to
        ownership units in the future.  In the case of conversion, BMR renters will
        be afforded certain rights as explained in the <a href=\"http://sf-moh.org/index.aspx?page=295\"
        target=\"_blank\">Inclusionary Affordable Housing Program Monitoring and Procedures
        Manual 2013</a>. Applicants should inquire with the building contact person
        listed above to determine if the building has a minimum number of years that
        it must remain a rental building.  (Some buildings may have such restrictions
        based on government sources of financing for their building.) Most buildings
        may have no restrictions on conversion at all. <br> <br>It is also important
        to note that units governed by the Inclusionary Housing Program are NOT governed
        by the San Francisco Rent Ordinance (also known as “rent control”). Among
        other rules, rents may increase beyond increases allowed under “rent control.” 
        Please see the <a href=\"http://sf-moh.org/index.aspx?page=295\" target=\"_blank\">Inclusionary
        Affordable Housing Program Monitoring and Procedures Manual 2013</a> for more
        information.","Building_Selection_Criteria__c":"http://sfmohcd.org/sites/default/files/Resident%20Selection%20Criteria/750%20HARRISON%20-%20RESIDENT%20SELECTION%20PLAN%20-%20FAIR%20CHANCE%20ORDINANCE.pdf","Pet_Policy__c":"Pet
        Deposit: $500\r\nPet Rent: $75 per month\r\n(Certified service animals are
        exempt.)","Report_id__c":"00O0P0000036nCS","Required_Documents__c":"Lottery
        Application Form, documented proof of any preferences claimed (see application\r\nform
        for details).","Smoking_Policy__c":"No smoking within the building.","Eviction_History__c":"Both
        the current and previous landlords (going back three years) will be contacted
        for information concerning the applicant''s history of complying with lease
        requirements,\r\nincluding any documented lease violations and For Cause evictions.
        Ellis Act or Owner Move In evictions will not be held against an applicant.","Criminal_History__c":null,"Credit_Rating__c":"A
        credit report indicating a current FICO score of at least 620 or higher with
        financial responsibilities and a comprehensive unlawful detainer check will
        be obtained for each adult applicant. There must be no judgments; no accounts
        rated over 90 days delinquent or a bankruptcy within the previous one year
        to make the credit report acceptable.\r\nA credit score below 620 and/or a
        conditional approval rating where the report contains no judgments, no accounts
        rated over 90 days delinquent or a bankruptcy within the previous one year
        will result in an applicant being accepted and required to pay an\r\nadditional
        deposit equal to 1.5x the standard deposit.\r\nA credit score below 620 where
        the report contains any judgments, any accounts rated over 90 days delinquent
        or a bankruptcy within the previous one year, unless satisfactorily explained,
        will result in the applicant being denied. Guarantors not accepted.\r\nApplicant
        will not be denied for not having any credit history. Medical debt and/or
        student debt will not be held against an applicant. Applicant must demonstrate
        ability to meet all monthly financial obligations.","Lottery_Status__c":"Lottery
        Complete","Office_Hours__c":null,"Tenure__c":"New rental","Information_Sessions__r":{"totalSize":1,"done":true,"records":[{"attributes":{"type":"Information_Session__c","url":"/services/data/v<<SALESFORCE_API_VERSION>>/sobjects/Information_Session__c/a0V0P00000AcKhSUAV"},"Date__c":"2018-05-05","Start_Time__c":"9:00
        AM","End_Time__c":null,"Venue__c":"SF Public Library","Street_Address__c":null,"City__c":"San
        Francisco"}]},"Open_Houses__r":{"totalSize":2,"done":true,"records":[{"attributes":{"type":"Open_Houses__c","url":"/services/data/v<<SALESFORCE_API_VERSION>>/sobjects/Open_Houses__c/a0Y0P00000GIw0IUAT"},"Date__c":"2018-12-18","Start_Time__c":"5","End_Time__c":"8"},{"attributes":{"type":"Open_Houses__c","url":"/services/data/v<<SALESFORCE_API_VERSION>>/sobjects/Open_Houses__c/a0Y0P00000GJGPVUA5"},"Date__c":"2018-05-02","Start_Time__c":"2:00
        PM","End_Time__c":"5:00 PM"}]},"Listing_Lottery_Preferences__r":{"totalSize":8,"done":true,"records":[{"attributes":{"type":"Listing_Lottery_Preference__c","url":"/services/data/v<<SALESFORCE_API_VERSION>>/sobjects/Listing_Lottery_Preference__c/a0l0P00001Q1vxUQAR"},"Id":"a0l0P00001Q1vxUQAR","Total_Submitted_Apps__c":15.0,"Order__c":1.0,"Description__c":"For
        households in which at least one member holds a Certificate of Preference
        from the former San Francisco Redevelopment Agency. COP holders were displaced
        by Agency action generally during the 1960s and 1970s.","Available_Units__c":9.0,"PDF_URL__c":null,"Lottery_Preference__r":{"attributes":{"type":"Lottery_Preference__c","url":"/services/data/v<<SALESFORCE_API_VERSION>>/sobjects/Lottery_Preference__c/a0m0P00000wwi3IQAQ"},"Id":"a0m0P00000wwi3IQAQ","Name":"Certificate
        of Preference (COP)"}},{"attributes":{"type":"Listing_Lottery_Preference__c","url":"/services/data/v<<SALESFORCE_API_VERSION>>/sobjects/Listing_Lottery_Preference__c/a0l0P00001Q1vxyQAB"},"Id":"a0l0P00001Q1vxyQAB","Total_Submitted_Apps__c":45.0,"Order__c":2.0,"Description__c":"For
        households in which at least one member holds a Displaced Tenant Housing Preference
        Certificate. DTHP Certificate holders are tenants who were evicted through
        either an Ellis Act Eviction or an Owner Move In Eviction, or have been displaced
        by a fire. Once all units reserved for this preference are filled, remaining
        DTHP holders will receive Live/Work preference, regardless of their current
        residence or work location.","Available_Units__c":3.0,"PDF_URL__c":null,"Lottery_Preference__r":{"attributes":{"type":"Lottery_Preference__c","url":"/services/data/v<<SALESFORCE_API_VERSION>>/sobjects/Lottery_Preference__c/a0m0P00000www1mQAA"},"Id":"a0m0P00000www1mQAA","Name":"Displaced
        Tenant Housing Preference (DTHP)"}},{"attributes":{"type":"Listing_Lottery_Preference__c","url":"/services/data/v<<SALESFORCE_API_VERSION>>/sobjects/Listing_Lottery_Preference__c/a0l0P00001Q1w0mQAB"},"Id":"a0l0P00001Q1w0mQAB","Total_Submitted_Apps__c":22.0,"Order__c":3.0,"Description__c":"For
        households who are currently paying more than 50% of income for housing costs
        or are living in public housing or project based Section 8 housing within
        San Francisco.","Available_Units__c":4.0,"PDF_URL__c":null,"Lottery_Preference__r":{"attributes":{"type":"Lottery_Preference__c","url":"/services/data/v<<SALESFORCE_API_VERSION>>/sobjects/Lottery_Preference__c/a0m0P00000xTqDtQAK"},"Id":"a0m0P00000xTqDtQAK","Name":"Rent
        Burdened / Assisted Housing Preference"}},{"attributes":{"type":"Listing_Lottery_Preference__c","url":"/services/data/v<<SALESFORCE_API_VERSION>>/sobjects/Listing_Lottery_Preference__c/a0l0P00001Q1w1BQAR"},"Id":"a0l0P00001Q1w1BQAR","Total_Submitted_Apps__c":84.0,"Order__c":4.0,"Description__c":"For
        households in which at least one member lives or works in San Francisco.  Requires
        submission of proof.  Please note in order to claim Work Preference, the applicant
        currently work in San Francisco at least 75% of their working hours.","Available_Units__c":9.0,"PDF_URL__c":null,"Lottery_Preference__r":{"attributes":{"type":"Lottery_Preference__c","url":"/services/data/v<<SALESFORCE_API_VERSION>>/sobjects/Lottery_Preference__c/a0m0P00000wwi3NQAQ"},"Id":"a0m0P00000wwi3NQAQ","Name":"Live
        or Work in San Francisco Preference"}},{"attributes":{"type":"Listing_Lottery_Preference__c","url":"/services/data/v<<SALESFORCE_API_VERSION>>/sobjects/Listing_Lottery_Preference__c/a0l0P00001QRPiaQAH"},"Id":"a0l0P00001QRPiaQAH","Total_Submitted_Apps__c":56.0,"Order__c":5.0,"Description__c":"For
        households in which at least one member was a resident of the Alice Griffith
        housing development. This includes baseline and current residents that lived
        in the targeted redevelopment site on or after the time of application for
        Choice Neighborhoods of October 26, 2010.","Available_Units__c":5.0,"PDF_URL__c":null,"Lottery_Preference__r":{"attributes":{"type":"Lottery_Preference__c","url":"/services/data/v<<SALESFORCE_API_VERSION>>/sobjects/Lottery_Preference__c/a0m0P00000yuzO0QAI"},"Id":"a0m0P00000yuzO0QAI","Name":"Alice
        Griffith Housing Development Resident"}},{"attributes":{"type":"Listing_Lottery_Preference__c","url":"/services/data/v<<SALESFORCE_API_VERSION>>/sobjects/Listing_Lottery_Preference__c/a0l0P00001QRQGzQAP"},"Id":"a0l0P00001QRQGzQAP","Total_Submitted_Apps__c":68.0,"Order__c":6.0,"Description__c":"For
        households in which at least one member either lives within Supervisor district
        of the project [District #], or within a half-mile of the project.  Requires
        submission of proof of address.","Available_Units__c":4.0,"PDF_URL__c":null,"Lottery_Preference__r":{"attributes":{"type":"Lottery_Preference__c","url":"/services/data/v<<SALESFORCE_API_VERSION>>/sobjects/Lottery_Preference__c/a0m0P00000www1rQAA"},"Id":"a0m0P00000www1rQAA","Name":"Neighborhood
        Resident Housing Preference (NRHP)"}},{"attributes":{"type":"Listing_Lottery_Preference__c","url":"/services/data/v<<SALESFORCE_API_VERSION>>/sobjects/Listing_Lottery_Preference__c/a0l0P00001QRQKlQAP"},"Id":"a0l0P00001QRQKlQAP","Total_Submitted_Apps__c":63.0,"Order__c":7.0,"Description__c":null,"Available_Units__c":3.0,"PDF_URL__c":null,"Lottery_Preference__r":{"attributes":{"type":"Lottery_Preference__c","url":"/services/data/v<<SALESFORCE_API_VERSION>>/sobjects/Lottery_Preference__c/a0m0P00000zreeVQAQ"},"Id":"a0m0P00000zreeVQAQ","Name":"Artist
        Fund (Test Custom Pref)"}},{"attributes":{"type":"Listing_Lottery_Preference__c","url":"/services/data/v<<SALESFORCE_API_VERSION>>/sobjects/Listing_Lottery_Preference__c/a0l0P00001RbKCJQA3"},"Id":"a0l0P00001RbKCJQA3","Total_Submitted_Apps__c":0.0,"Order__c":8.0,"Description__c":null,"Available_Units__c":4.0,"PDF_URL__c":null,"Lottery_Preference__r":{"attributes":{"type":"Lottery_Preference__c","url":"/services/data/v<<SALESFORCE_API_VERSION>>/sobjects/Lottery_Preference__c/a0m0P00000xRdmKQAS"},"Id":"a0m0P00000xRdmKQAS","Name":"Anti-Displacement
        Housing Preference (ADHP)"}}]},"Units__r":{"totalSize":9,"done":true,"records":[{"attributes":{"type":"Unit__c","url":"/services/data/v<<SALESFORCE_API_VERSION>>/sobjects/Unit__c/a0b0P00001HIHr9QAH"},"Unit_Type__c":"1
        BR","BMR_Rent_Monthly__c":1303.0,"BMR_Rental_Minimum_Monthly_Income_Needed__c":2606.0,"Status__c":"Available","Property_Type__c":null,"AMI_chart_type__c":"HUD
        Unadjusted","AMI_chart_year__c":2018.0,"of_AMI_for_Pricing_Unit__c":55.0,"Reserved_Type__c":null},{"attributes":{"type":"Unit__c","url":"/services/data/v<<SALESFORCE_API_VERSION>>/sobjects/Unit__c/a0b0P00001HIHrEQAX"},"Unit_Type__c":"1
        BR","BMR_Rent_Monthly__c":1303.0,"BMR_Rental_Minimum_Monthly_Income_Needed__c":2606.0,"Status__c":"Available","Property_Type__c":null,"AMI_chart_type__c":"HUD
        Unadjusted","AMI_chart_year__c":2018.0,"of_AMI_for_Pricing_Unit__c":55.0,"Reserved_Type__c":null},{"attributes":{"type":"Unit__c","url":"/services/data/v<<SALESFORCE_API_VERSION>>/sobjects/Unit__c/a0b0P00001HIHrJQAX"},"Unit_Type__c":"1
        BR","BMR_Rent_Monthly__c":1303.0,"BMR_Rental_Minimum_Monthly_Income_Needed__c":2606.0,"Status__c":"Available","Property_Type__c":null,"AMI_chart_type__c":"HUD
        Unadjusted","AMI_chart_year__c":2018.0,"of_AMI_for_Pricing_Unit__c":55.0,"Reserved_Type__c":null},{"attributes":{"type":"Unit__c","url":"/services/data/v<<SALESFORCE_API_VERSION>>/sobjects/Unit__c/a0b0P00001HIHrTQAX"},"Unit_Type__c":"2
        BR","BMR_Rent_Monthly__c":1465.0,"BMR_Rental_Minimum_Monthly_Income_Needed__c":2930.0,"Status__c":"Available","Property_Type__c":null,"AMI_chart_type__c":"HUD
        Unadjusted","AMI_chart_year__c":2018.0,"of_AMI_for_Pricing_Unit__c":55.0,"Reserved_Type__c":null},{"attributes":{"type":"Unit__c","url":"/services/data/v<<SALESFORCE_API_VERSION>>/sobjects/Unit__c/a0b0P00001HIHrYQAX"},"Unit_Type__c":"2
        BR","BMR_Rent_Monthly__c":1465.0,"BMR_Rental_Minimum_Monthly_Income_Needed__c":2930.0,"Status__c":"Available","Property_Type__c":null,"AMI_chart_type__c":"HUD
        Unadjusted","AMI_chart_year__c":2018.0,"of_AMI_for_Pricing_Unit__c":55.0,"Reserved_Type__c":null},{"attributes":{"type":"Unit__c","url":"/services/data/v<<SALESFORCE_API_VERSION>>/sobjects/Unit__c/a0b0P00001HIHrdQAH"},"Unit_Type__c":"2
        BR","BMR_Rent_Monthly__c":1465.0,"BMR_Rental_Minimum_Monthly_Income_Needed__c":2930.0,"Status__c":"Available","Property_Type__c":null,"AMI_chart_type__c":"HUD
        Unadjusted","AMI_chart_year__c":2018.0,"of_AMI_for_Pricing_Unit__c":55.0,"Reserved_Type__c":null},{"attributes":{"type":"Unit__c","url":"/services/data/v<<SALESFORCE_API_VERSION>>/sobjects/Unit__c/a0b0P00001HIHrnQAH"},"Unit_Type__c":"3
        BR","BMR_Rent_Monthly__c":1628.0,"BMR_Rental_Minimum_Monthly_Income_Needed__c":3256.0,"Status__c":"Available","Property_Type__c":null,"AMI_chart_type__c":"HUD
        Unadjusted","AMI_chart_year__c":2018.0,"of_AMI_for_Pricing_Unit__c":55.0,"Reserved_Type__c":null},{"attributes":{"type":"Unit__c","url":"/services/data/v<<SALESFORCE_API_VERSION>>/sobjects/Unit__c/a0b0P00001HIHrsQAH"},"Unit_Type__c":"3
        BR","BMR_Rent_Monthly__c":1628.0,"BMR_Rental_Minimum_Monthly_Income_Needed__c":3256.0,"Status__c":"Available","Property_Type__c":null,"AMI_chart_type__c":"HUD
        Unadjusted","AMI_chart_year__c":2018.0,"of_AMI_for_Pricing_Unit__c":55.0,"Reserved_Type__c":null},{"attributes":{"type":"Unit__c","url":"/services/data/v<<SALESFORCE_API_VERSION>>/sobjects/Unit__c/a0b0P00001HIHrxQAH"},"Unit_Type__c":"3
        BR","BMR_Rent_Monthly__c":1628.0,"BMR_Rental_Minimum_Monthly_Income_Needed__c":3256.0,"Status__c":"Available","Property_Type__c":null,"AMI_chart_type__c":"HUD
        Unadjusted","AMI_chart_year__c":2018.0,"of_AMI_for_Pricing_Unit__c":55.0,"Reserved_Type__c":null}]}}]}'
    http_version: 
  recorded_at: Thu, 28 Mar 2019 00:56:24 GMT
- request:
    method: post
    uri: https://<<SALESFORCE_HOST>>/services/oauth2/token
    body:
      encoding: US-ASCII
      string: grant_type=password&client_id=<<SALESFORCE_CLIENT_ID>>&client_secret=<<SALESFORCE_CLIENT_SECRET>>&username=<<SALESFORCE_USERNAME>>&password=<<SALESFORCE_PASSWORD>><<SALESFORCE_SECURITY_TOKEN>>
    headers:
      User-Agent:
      - Faraday v0.12.2
      Content-Type:
      - application/x-www-form-urlencoded
      Accept-Encoding:
      - gzip;q=1.0,deflate;q=0.6,identity;q=0.3
      Accept:
      - "*/*"
  response:
    status:
      code: 200
      message: OK
    headers:
      Date:
      - Thu, 28 Mar 2019 00:56:24 GMT
      Strict-Transport-Security:
      - max-age=31536000; includeSubDomains
      X-Content-Type-Options:
      - nosniff
      X-Xss-Protection:
      - 1; mode=block
      Cache-Control:
      - no-cache,must-revalidate,max-age=0,no-store,private
      Set-Cookie:
      - BrowserId=K-urMVn6TguLbXDyQK6fLg;Path=/;Domain=.salesforce.com;Expires=Mon,
        27-May-2019 00:56:24 GMT;Max-Age=5184000
      Expires:
      - Thu, 01 Jan 1970 00:00:00 GMT
      X-Readonlymode:
      - 'false'
      Content-Type:
      - application/json;charset=UTF-8
      Vary:
      - Accept-Encoding
      Transfer-Encoding:
      - chunked
    body:
      encoding: UTF-8
      string: '{"access_token":"<<ACCESS_TOKEN>>","instance_url":"<<SALESFORCE_INSTANCE_URL>>","id":"https://<<SALESFORCE_HOST>>/id/00D0t0000000xVqEAI/005U00000066jl9IAA","token_type":"Bearer","issued_at":"1553734585108","signature":"OCx7ZL6QYiD2RxonDGqHOqJAju0VAp3zWcDEliWt/E4="}'
    http_version: 
  recorded_at: Thu, 28 Mar 2019 00:56:25 GMT
- request:
    method: get
    uri: "<<SALESFORCE_INSTANCE_URL>>/services/data/v<<SALESFORCE_API_VERSION>>/query?q=%0A%20%20%20%20%20%20%20%20%20%20SELECT%20Id,%20Name,%20Listing__r.Name,%20Listing__r.Lottery_Date__c,%20Applicant__r.First_Name__c,%20Applicant__r.Last_Name__c,%20Applicant__r.Email__c,%20Applicant__r.Phone__c,%20Applicant__r.Residence_Address__c,%20Applicant__r.Mailing_Address__c,%20Application_Submitted_Date__c,%20Total_Household_Size__c,%20Application_Submission_Type__c,%20General_Lottery__c,%20General_Lottery_Rank__c,%20Processing_Status__c%0A%20%20%20%20%20%20%20%20%20%20FROM%20Application__c%0A%20%20%20%20%20%20%20%20%20%20WHERE%20Status__c%20!=%20%27Draft%27%0A%20%20%20%20%20%20%20%20%20%20AND%20Listing__r.Id=%27a0W0P00000GbyuQ%27%0A%20%20%20%20%20%20%20%20%20%20LIMIT%2010000%0A%20%20%20%20%20%20%20%20"
    body:
      encoding: US-ASCII
      string: ''
    headers:
      User-Agent:
      - Faraday v0.12.2
      Authorization:
      - OAuth <<ACCESS_TOKEN>>
      Accept-Encoding:
      - gzip;q=1.0,deflate;q=0.6,identity;q=0.3
      Accept:
      - "*/*"
  response:
    status:
      code: 200
      message: OK
    headers:
      Date:
      - Thu, 28 Mar 2019 00:56:26 GMT
      Strict-Transport-Security:
      - max-age=31536002; includeSubDomains
      Public-Key-Pins-Report-Only:
      - pin-sha256="9n0izTnSRF+W4W4JTq51avSXkWhQB8duS2bxVLfzXsY="; pin-sha256="5kJvNEMw0KjrCAu7eXY5HZdvyCS13BbA0VJG1RSP91w=";
        pin-sha256="njN4rRG+22dNXAi+yb8e3UMypgzPUPHlv4+foULwl1g="; max-age=86400;
        includeSubDomains; report-uri="https://a.forcesslreports.com/hpkp-report/00D0t0000000xVqm";
      Expect-Ct:
      - max-age=0; report-uri="https://a.forcesslreports.com/Expect-CT-report/00D0t0000000xVqm";
      X-Robots-Tag:
      - none
      Cache-Control:
      - no-cache,must-revalidate,max-age=0,no-store,private
      Set-Cookie:
      - BrowserId=I3uoeYJ5ThCE4qi8o3t_WQ;Path=/;Domain=.salesforce.com;Expires=Mon,
        27-May-2019 00:56:26 GMT;Max-Age=5184000
      Expires:
      - Thu, 01 Jan 1970 00:00:00 GMT
      Sforce-Limit-Info:
      - api-usage=6940/5000000
      Content-Type:
      - application/json;charset=UTF-8
      Vary:
      - Accept-Encoding
      Transfer-Encoding:
      - chunked
    body:
      encoding: UTF-8
      string: '{"totalSize":104,"done":true,"records":[{"attributes":{"type":"Application__c","url":"/services/data/v<<SALESFORCE_API_VERSION>>/sobjects/Application__c/a0o0P00000GZawFQAT"},"Id":"a0o0P00000GZawFQAT","Name":"APP-00243687","Listing__r":{"attributes":{"type":"Listing__c","url":"/services/data/v<<SALESFORCE_API_VERSION>>/sobjects/Listing__c/a0W0P00000GbyuQUAR"},"Name":"Partners
        Test Listing (do not modify) - Yellow Acres","Lottery_Date__c":"2018-06-01T22:30:00.000+0000"},"Applicant__r":{"attributes":{"type":"Application_Member__c","url":"/services/data/v<<SALESFORCE_API_VERSION>>/sobjects/Application_Member__c/a0n0P00000D3qFpQAJ"},"First_Name__c":"Lappy","Last_Name__c":"Laptest","Email__c":"lappyt@email.com","Phone__c":"4155551122","Residence_Address__c":"333
        BUSH ST, SAN FRANCISCO, CA, 94104-2806","Mailing_Address__c":"333 BUSH ST,
        SAN FRANCISCO, CA, 94104-2806"},"Application_Submitted_Date__c":"2018-11-30","Total_Household_Size__c":3.0,"Application_Submission_Type__c":"Paper","General_Lottery__c":true,"General_Lottery_Rank__c":null,"Processing_Status__c":"Processing"},{"attributes":{"type":"Application__c","url":"/services/data/v<<SALESFORCE_API_VERSION>>/sobjects/Application__c/a0o0P00000GZayuQAD"},"Id":"a0o0P00000GZayuQAD","Name":"APP-00243691","Listing__r":{"attributes":{"type":"Listing__c","url":"/services/data/v<<SALESFORCE_API_VERSION>>/sobjects/Listing__c/a0W0P00000GbyuQUAR"},"Name":"Partners
        Test Listing (do not modify) - Yellow Acres","Lottery_Date__c":"2018-06-01T22:30:00.000+0000"},"Applicant__r":{"attributes":{"type":"Application_Member__c","url":"/services/data/v<<SALESFORCE_API_VERSION>>/sobjects/Application_Member__c/a0n0P00000D3qGvQAJ"},"First_Name__c":"Lisa","Last_Name__c":"Patest","Email__c":"lisapt@email.com","Phone__c":"4155552525","Residence_Address__c":"101
        MONTGOMERY ST, SAN FRANCISCO, CA, 94104-4151","Mailing_Address__c":"101 MONTGOMERY
        ST, SAN FRANCISCO, CA, 94104-4151"},"Application_Submitted_Date__c":"2018-08-03","Total_Household_Size__c":2.0,"Application_Submission_Type__c":"Paper","General_Lottery__c":false,"General_Lottery_Rank__c":null,"Processing_Status__c":"Withdrawn"},{"attributes":{"type":"Application__c","url":"/services/data/v<<SALESFORCE_API_VERSION>>/sobjects/Application__c/a0o0P00000GZaz9QAD"},"Id":"a0o0P00000GZaz9QAD","Name":"APP-00243694","Listing__r":{"attributes":{"type":"Listing__c","url":"/services/data/v<<SALESFORCE_API_VERSION>>/sobjects/Listing__c/a0W0P00000GbyuQUAR"},"Name":"Partners
        Test Listing (do not modify) - Yellow Acres","Lottery_Date__c":"2018-06-01T22:30:00.000+0000"},"Applicant__r":{"attributes":{"type":"Application_Member__c","url":"/services/data/v<<SALESFORCE_API_VERSION>>/sobjects/Application_Member__c/a0n0P00000D3qHXQAZ"},"First_Name__c":"Partha","Last_Name__c":"Nerr","Email__c":null,"Phone__c":"4155556868","Residence_Address__c":"25
        VAN NESS AVE, SAN FRANCISCO, CA, 94102-6033","Mailing_Address__c":"25 VAN
        NESS AVE, SAN FRANCISCO, CA, 94102-6033"},"Application_Submitted_Date__c":"2018-08-02","Total_Household_Size__c":1.0,"Application_Submission_Type__c":"Electronic","General_Lottery__c":false,"General_Lottery_Rank__c":null,"Processing_Status__c":null},{"attributes":{"type":"Application__c","url":"/services/data/v<<SALESFORCE_API_VERSION>>/sobjects/Application__c/a0o0P00000GZazOQAT"},"Id":"a0o0P00000GZazOQAT","Name":"APP-00243697","Listing__r":{"attributes":{"type":"Listing__c","url":"/services/data/v<<SALESFORCE_API_VERSION>>/sobjects/Listing__c/a0W0P00000GbyuQUAR"},"Name":"Partners
        Test Listing (do not modify) - Yellow Acres","Lottery_Date__c":"2018-06-01T22:30:00.000+0000"},"Applicant__r":{"attributes":{"type":"Application_Member__c","url":"/services/data/v<<SALESFORCE_API_VERSION>>/sobjects/Application_Member__c/a0n0P00000D3qIZQAZ"},"First_Name__c":"Automated
        Test Lease Up Application","Last_Name__c":"(do not modify)","Email__c":"tessiel@email.com","Phone__c":null,"Residence_Address__c":"123
        Test St, Testville, CA, 00000","Mailing_Address__c":"123 Test St, Testville,
        CA, 00000"},"Application_Submitted_Date__c":"2019-03-27","Total_Household_Size__c":1.0,"Application_Submission_Type__c":"Electronic","General_Lottery__c":false,"General_Lottery_Rank__c":null,"Processing_Status__c":"Processing"},{"attributes":{"type":"Application__c","url":"/services/data/v<<SALESFORCE_API_VERSION>>/sobjects/Application__c/a0o0P00000GZazsQAD"},"Id":"a0o0P00000GZazsQAD","Name":"APP-00243703","Listing__r":{"attributes":{"type":"Listing__c","url":"/services/data/v<<SALESFORCE_API_VERSION>>/sobjects/Listing__c/a0W0P00000GbyuQUAR"},"Name":"Partners
        Test Listing (do not modify) - Yellow Acres","Lottery_Date__c":"2018-06-01T22:30:00.000+0000"},"Applicant__r":{"attributes":{"type":"Application_Member__c","url":"/services/data/v<<SALESFORCE_API_VERSION>>/sobjects/Application_Member__c/a0n0P00000D3qJPQAZ"},"First_Name__c":"Portia","Last_Name__c":"Toole","Email__c":null,"Phone__c":"4155559312","Residence_Address__c":"1
        S VAN NESS AVE, SAN FRANCISCO, CA, 94103-1267","Mailing_Address__c":"1 S VAN
        NESS AVE, SAN FRANCISCO, CA, 94103-1267"},"Application_Submitted_Date__c":"2019-03-20","Total_Household_Size__c":2.0,"Application_Submission_Type__c":"Electronic","General_Lottery__c":false,"General_Lottery_Rank__c":null,"Processing_Status__c":"Approved"},{"attributes":{"type":"Application__c","url":"/services/data/v<<SALESFORCE_API_VERSION>>/sobjects/Application__c/a0o0P00000Isg1AQAR"},"Id":"a0o0P00000Isg1AQAR","Name":"APP-00255019","Listing__r":{"attributes":{"type":"Listing__c","url":"/services/data/v<<SALESFORCE_API_VERSION>>/sobjects/Listing__c/a0W0P00000GbyuQUAR"},"Name":"Partners
        Test Listing (do not modify) - Yellow Acres","Lottery_Date__c":"2018-06-01T22:30:00.000+0000"},"Applicant__r":{"attributes":{"type":"Application_Member__c","url":"/services/data/v<<SALESFORCE_API_VERSION>>/sobjects/Application_Member__c/a0n0P00000D0EQGQA3"},"First_Name__c":"Jesse","Last_Name__c":"Arnold","Email__c":"jesse.james@exygy.com","Phone__c":"6462481112","Residence_Address__c":"4106
        TERRACE ST, OAKLAND, CA, 94611","Mailing_Address__c":null},"Application_Submitted_Date__c":"2018-08-21","Total_Household_Size__c":1.0,"Application_Submission_Type__c":"Paper","General_Lottery__c":true,"General_Lottery_Rank__c":1.0,"Processing_Status__c":"Appealed"},{"attributes":{"type":"Application__c","url":"/services/data/v<<SALESFORCE_API_VERSION>>/sobjects/Application__c/a0o0P00000Isnf4QAB"},"Id":"a0o0P00000Isnf4QAB","Name":"APP-00258654","Listing__r":{"attributes":{"type":"Listing__c","url":"/services/data/v<<SALESFORCE_API_VERSION>>/sobjects/Listing__c/a0W0P00000GbyuQUAR"},"Name":"Partners
        Test Listing (do not modify) - Yellow Acres","Lottery_Date__c":"2018-06-01T22:30:00.000+0000"},"Applicant__r":{"attributes":{"type":"Application_Member__c","url":"/services/data/v<<SALESFORCE_API_VERSION>>/sobjects/Application_Member__c/a0n0P00000D0LInQAN"},"First_Name__c":"Christine","Last_Name__c":"Dolendo","Email__c":"chris.dolendo@gmail.com","Phone__c":"2222222222","Residence_Address__c":"PO
        BOX 1262, MOUNT SHASTA, CA, 96067","Mailing_Address__c":null},"Application_Submitted_Date__c":"2018-10-31","Total_Household_Size__c":2.0,"Application_Submission_Type__c":"Paper","General_Lottery__c":false,"General_Lottery_Rank__c":null,"Processing_Status__c":"Processing"},{"attributes":{"type":"Application__c","url":"/services/data/v<<SALESFORCE_API_VERSION>>/sobjects/Application__c/a0o0P00000ItllUQAR"},"Id":"a0o0P00000ItllUQAR","Name":"APP-00271344","Listing__r":{"attributes":{"type":"Listing__c","url":"/services/data/v<<SALESFORCE_API_VERSION>>/sobjects/Listing__c/a0W0P00000GbyuQUAR"},"Name":"Partners
        Test Listing (do not modify) - Yellow Acres","Lottery_Date__c":"2018-06-01T22:30:00.000+0000"},"Applicant__r":{"attributes":{"type":"Application_Member__c","url":"/services/data/v<<SALESFORCE_API_VERSION>>/sobjects/Application_Member__c/a0n0P00000D0m1XQAR"},"First_Name__c":"Some
        first name","Last_Name__c":"Some last name","Email__c":null,"Phone__c":null,"Residence_Address__c":null,"Mailing_Address__c":null},"Application_Submitted_Date__c":"2018-09-26","Total_Household_Size__c":1.0,"Application_Submission_Type__c":"Paper","General_Lottery__c":true,"General_Lottery_Rank__c":8.0,"Processing_Status__c":null},{"attributes":{"type":"Application__c","url":"/services/data/v<<SALESFORCE_API_VERSION>>/sobjects/Application__c/a0o0P00000ItlleQAB"},"Id":"a0o0P00000ItlleQAB","Name":"APP-00271346","Listing__r":{"attributes":{"type":"Listing__c","url":"/services/data/v<<SALESFORCE_API_VERSION>>/sobjects/Listing__c/a0W0P00000GbyuQUAR"},"Name":"Partners
        Test Listing (do not modify) - Yellow Acres","Lottery_Date__c":"2018-06-01T22:30:00.000+0000"},"Applicant__r":{"attributes":{"type":"Application_Member__c","url":"/services/data/v<<SALESFORCE_API_VERSION>>/sobjects/Application_Member__c/a0n0P00000D0m1mQAB"},"First_Name__c":"Some
        first name","Last_Name__c":"Some last name","Email__c":null,"Phone__c":null,"Residence_Address__c":null,"Mailing_Address__c":null},"Application_Submitted_Date__c":"2018-09-26","Total_Household_Size__c":1.0,"Application_Submission_Type__c":"Paper","General_Lottery__c":true,"General_Lottery_Rank__c":7.0,"Processing_Status__c":null},{"attributes":{"type":"Application__c","url":"/services/data/v<<SALESFORCE_API_VERSION>>/sobjects/Application__c/a0o0P00000ItlloQAB"},"Id":"a0o0P00000ItlloQAB","Name":"APP-00271348","Listing__r":{"attributes":{"type":"Listing__c","url":"/services/data/v<<SALESFORCE_API_VERSION>>/sobjects/Listing__c/a0W0P00000GbyuQUAR"},"Name":"Partners
        Test Listing (do not modify) - Yellow Acres","Lottery_Date__c":"2018-06-01T22:30:00.000+0000"},"Applicant__r":{"attributes":{"type":"Application_Member__c","url":"/services/data/v<<SALESFORCE_API_VERSION>>/sobjects/Application_Member__c/a0n0P00000D0m26QAB"},"First_Name__c":"Some
        first name","Last_Name__c":"Some last name","Email__c":null,"Phone__c":null,"Residence_Address__c":null,"Mailing_Address__c":null},"Application_Submitted_Date__c":"2018-09-26","Total_Household_Size__c":1.0,"Application_Submission_Type__c":"Paper","General_Lottery__c":true,"General_Lottery_Rank__c":2.0,"Processing_Status__c":null},{"attributes":{"type":"Application__c","url":"/services/data/v<<SALESFORCE_API_VERSION>>/sobjects/Application__c/a0o0P00000ItlltQAB"},"Id":"a0o0P00000ItlltQAB","Name":"APP-00271349","Listing__r":{"attributes":{"type":"Listing__c","url":"/services/data/v<<SALESFORCE_API_VERSION>>/sobjects/Listing__c/a0W0P00000GbyuQUAR"},"Name":"Partners
        Test Listing (do not modify) - Yellow Acres","Lottery_Date__c":"2018-06-01T22:30:00.000+0000"},"Applicant__r":{"attributes":{"type":"Application_Member__c","url":"/services/data/v<<SALESFORCE_API_VERSION>>/sobjects/Application_Member__c/a0n0P00000D0m2GQAR"},"First_Name__c":"Some
        first name","Last_Name__c":"Some last name","Email__c":null,"Phone__c":null,"Residence_Address__c":null,"Mailing_Address__c":null},"Application_Submitted_Date__c":"2018-09-26","Total_Household_Size__c":1.0,"Application_Submission_Type__c":"Paper","General_Lottery__c":true,"General_Lottery_Rank__c":6.0,"Processing_Status__c":null},{"attributes":{"type":"Application__c","url":"/services/data/v<<SALESFORCE_API_VERSION>>/sobjects/Application__c/a0o0P00000ItllyQAB"},"Id":"a0o0P00000ItllyQAB","Name":"APP-00271350","Listing__r":{"attributes":{"type":"Listing__c","url":"/services/data/v<<SALESFORCE_API_VERSION>>/sobjects/Listing__c/a0W0P00000GbyuQUAR"},"Name":"Partners
        Test Listing (do not modify) - Yellow Acres","Lottery_Date__c":"2018-06-01T22:30:00.000+0000"},"Applicant__r":{"attributes":{"type":"Application_Member__c","url":"/services/data/v<<SALESFORCE_API_VERSION>>/sobjects/Application_Member__c/a0n0P00000D0m2LQAR"},"First_Name__c":"Some
        first name","Last_Name__c":"Some last name","Email__c":null,"Phone__c":null,"Residence_Address__c":null,"Mailing_Address__c":null},"Application_Submitted_Date__c":"2018-09-26","Total_Household_Size__c":1.0,"Application_Submission_Type__c":"Paper","General_Lottery__c":true,"General_Lottery_Rank__c":5.0,"Processing_Status__c":null},{"attributes":{"type":"Application__c","url":"/services/data/v<<SALESFORCE_API_VERSION>>/sobjects/Application__c/a0o0P00000ItlpdQAB"},"Id":"a0o0P00000ItlpdQAB","Name":"APP-00271363","Listing__r":{"attributes":{"type":"Listing__c","url":"/services/data/v<<SALESFORCE_API_VERSION>>/sobjects/Listing__c/a0W0P00000GbyuQUAR"},"Name":"Partners
        Test Listing (do not modify) - Yellow Acres","Lottery_Date__c":"2018-06-01T22:30:00.000+0000"},"Applicant__r":{"attributes":{"type":"Application_Member__c","url":"/services/data/v<<SALESFORCE_API_VERSION>>/sobjects/Application_Member__c/a0n0P00000D0m55QAB"},"First_Name__c":"Some
        first name","Last_Name__c":"Some last name","Email__c":null,"Phone__c":null,"Residence_Address__c":null,"Mailing_Address__c":null},"Application_Submitted_Date__c":"2018-09-26","Total_Household_Size__c":1.0,"Application_Submission_Type__c":"Paper","General_Lottery__c":true,"General_Lottery_Rank__c":4.0,"Processing_Status__c":"Appealed"},{"attributes":{"type":"Application__c","url":"/services/data/v<<SALESFORCE_API_VERSION>>/sobjects/Application__c/a0o0P00000ItlpiQAB"},"Id":"a0o0P00000ItlpiQAB","Name":"APP-00271364","Listing__r":{"attributes":{"type":"Listing__c","url":"/services/data/v<<SALESFORCE_API_VERSION>>/sobjects/Listing__c/a0W0P00000GbyuQUAR"},"Name":"Partners
        Test Listing (do not modify) - Yellow Acres","Lottery_Date__c":"2018-06-01T22:30:00.000+0000"},"Applicant__r":{"attributes":{"type":"Application_Member__c","url":"/services/data/v<<SALESFORCE_API_VERSION>>/sobjects/Application_Member__c/a0n0P00000D0m5PQAR"},"First_Name__c":"Some
        first name","Last_Name__c":"Some last name","Email__c":null,"Phone__c":null,"Residence_Address__c":null,"Mailing_Address__c":null},"Application_Submitted_Date__c":"2018-09-26","Total_Household_Size__c":1.0,"Application_Submission_Type__c":"Paper","General_Lottery__c":false,"General_Lottery_Rank__c":null,"Processing_Status__c":null},{"attributes":{"type":"Application__c","url":"/services/data/v<<SALESFORCE_API_VERSION>>/sobjects/Application__c/a0o0P00000Iv7GuQAJ"},"Id":"a0o0P00000Iv7GuQAJ","Name":"APP-00299774","Listing__r":{"attributes":{"type":"Listing__c","url":"/services/data/v<<SALESFORCE_API_VERSION>>/sobjects/Listing__c/a0W0P00000GbyuQUAR"},"Name":"Partners
        Test Listing (do not modify) - Yellow Acres","Lottery_Date__c":"2018-06-01T22:30:00.000+0000"},"Applicant__r":{"attributes":{"type":"Application_Member__c","url":"/services/data/v<<SALESFORCE_API_VERSION>>/sobjects/Application_Member__c/a0n0P00000D1HVvQAN"},"First_Name__c":"Laptest","Last_Name__c":"Lappytest","Email__c":"ltest@email.com","Phone__c":"415-555-3333","Residence_Address__c":"333
        Bush St, San Francisco, CA, 94103","Mailing_Address__c":null},"Application_Submitted_Date__c":"2018-11-09","Total_Household_Size__c":2.0,"Application_Submission_Type__c":"Paper","General_Lottery__c":false,"General_Lottery_Rank__c":null,"Processing_Status__c":"Approved"},{"attributes":{"type":"Application__c","url":"/services/data/v<<SALESFORCE_API_VERSION>>/sobjects/Application__c/a0o0P00000Iv7H4QAJ"},"Id":"a0o0P00000Iv7H4QAJ","Name":"APP-00299776","Listing__r":{"attributes":{"type":"Listing__c","url":"/services/data/v<<SALESFORCE_API_VERSION>>/sobjects/Listing__c/a0W0P00000GbyuQUAR"},"Name":"Partners
        Test Listing (do not modify) - Yellow Acres","Lottery_Date__c":"2018-06-01T22:30:00.000+0000"},"Applicant__r":{"attributes":{"type":"Application_Member__c","url":"/services/data/v<<SALESFORCE_API_VERSION>>/sobjects/Application_Member__c/a0n0P00000D1HWHQA3"},"First_Name__c":"Claudiatest","Last_Name__c":"Johnsontest","Email__c":"123@123.com","Phone__c":"111-222-3333","Residence_Address__c":"123
        Folsom, San Francisco, CA, 94110","Mailing_Address__c":"456 Mission St, San
        Francisco, CA, 94110"},"Application_Submitted_Date__c":"2018-11-20","Total_Household_Size__c":3.0,"Application_Submission_Type__c":"Paper","General_Lottery__c":false,"General_Lottery_Rank__c":null,"Processing_Status__c":"Appealed"},{"attributes":{"type":"Application__c","url":"/services/data/v<<SALESFORCE_API_VERSION>>/sobjects/Application__c/a0o0P00000Iv7H9QAJ"},"Id":"a0o0P00000Iv7H9QAJ","Name":"APP-00299777","Listing__r":{"attributes":{"type":"Listing__c","url":"/services/data/v<<SALESFORCE_API_VERSION>>/sobjects/Listing__c/a0W0P00000GbyuQUAR"},"Name":"Partners
        Test Listing (do not modify) - Yellow Acres","Lottery_Date__c":"2018-06-01T22:30:00.000+0000"},"Applicant__r":{"attributes":{"type":"Application_Member__c","url":"/services/data/v<<SALESFORCE_API_VERSION>>/sobjects/Application_Member__c/a0n0P00000D1HWJQA3"},"First_Name__c":"GGTest","Last_Name__c":"HHTest","Email__c":null,"Phone__c":null,"Residence_Address__c":"101
        Montgomery St, San Francisco, CA, 94104","Mailing_Address__c":null},"Application_Submitted_Date__c":"2018-11-20","Total_Household_Size__c":1.0,"Application_Submission_Type__c":"Paper","General_Lottery__c":false,"General_Lottery_Rank__c":null,"Processing_Status__c":"Processing"},{"attributes":{"type":"Application__c","url":"/services/data/v<<SALESFORCE_API_VERSION>>/sobjects/Application__c/a0o0P00000IvMoaQAF"},"Id":"a0o0P00000IvMoaQAF","Name":"APP-00302547","Listing__r":{"attributes":{"type":"Listing__c","url":"/services/data/v<<SALESFORCE_API_VERSION>>/sobjects/Listing__c/a0W0P00000GbyuQUAR"},"Name":"Partners
        Test Listing (do not modify) - Yellow Acres","Lottery_Date__c":"2018-06-01T22:30:00.000+0000"},"Applicant__r":{"attributes":{"type":"Application_Member__c","url":"/services/data/v<<SALESFORCE_API_VERSION>>/sobjects/Application_Member__c/a0n0P00000D1QLSQA3"},"First_Name__c":"Julietest","Last_Name__c":"Manumuatest","Email__c":"234@234.com","Phone__c":"222-222-3333","Residence_Address__c":"123
        Balboa St, San Francisco, CA, 95555","Mailing_Address__c":null},"Application_Submitted_Date__c":"2018-11-19","Total_Household_Size__c":3.0,"Application_Submission_Type__c":"Paper","General_Lottery__c":false,"General_Lottery_Rank__c":null,"Processing_Status__c":"Waitlisted"},{"attributes":{"type":"Application__c","url":"/services/data/v<<SALESFORCE_API_VERSION>>/sobjects/Application__c/a0o0P00000IvWgXQAV"},"Id":"a0o0P00000IvWgXQAV","Name":"APP-00304153","Listing__r":{"attributes":{"type":"Listing__c","url":"/services/data/v<<SALESFORCE_API_VERSION>>/sobjects/Listing__c/a0W0P00000GbyuQUAR"},"Name":"Partners
        Test Listing (do not modify) - Yellow Acres","Lottery_Date__c":"2018-06-01T22:30:00.000+0000"},"Applicant__r":{"attributes":{"type":"Application_Member__c","url":"/services/data/v<<SALESFORCE_API_VERSION>>/sobjects/Application_Member__c/a0n0P00000D1XF0QAN"},"First_Name__c":"Edwardtest","Last_Name__c":"Williamstest","Email__c":"123@1234sdf.com","Phone__c":"333-444-1938","Residence_Address__c":"123
        Main St, San Francisco, CA, 94110","Mailing_Address__c":"456 Main St, San
        Francisco, CA, 94110"},"Application_Submitted_Date__c":"2018-12-12","Total_Household_Size__c":1.0,"Application_Submission_Type__c":"Paper","General_Lottery__c":false,"General_Lottery_Rank__c":null,"Processing_Status__c":"Disqualified"},{"attributes":{"type":"Application__c","url":"/services/data/v<<SALESFORCE_API_VERSION>>/sobjects/Application__c/a0o0P00000IvWgcQAF"},"Id":"a0o0P00000IvWgcQAF","Name":"APP-00304154","Listing__r":{"attributes":{"type":"Listing__c","url":"/services/data/v<<SALESFORCE_API_VERSION>>/sobjects/Listing__c/a0W0P00000GbyuQUAR"},"Name":"Partners
        Test Listing (do not modify) - Yellow Acres","Lottery_Date__c":"2018-06-01T22:30:00.000+0000"},"Applicant__r":{"attributes":{"type":"Application_Member__c","url":"/services/data/v<<SALESFORCE_API_VERSION>>/sobjects/Application_Member__c/a0n0P00000D1XF7QAN"},"First_Name__c":"Esther","Last_Name__c":"Yuan","Email__c":"478@asoinapiubv.com","Phone__c":"489-294-2894","Residence_Address__c":"789
        Van Ness, San Francisco, CA, 94117","Mailing_Address__c":"789 Van Ness, San
        Francisco, CA, 94117"},"Application_Submitted_Date__c":"2018-11-27","Total_Household_Size__c":3.0,"Application_Submission_Type__c":"Paper","General_Lottery__c":false,"General_Lottery_Rank__c":null,"Processing_Status__c":"Disqualified"},{"attributes":{"type":"Application__c","url":"/services/data/v<<SALESFORCE_API_VERSION>>/sobjects/Application__c/a0o0P00000IvWghQAF"},"Id":"a0o0P00000IvWghQAF","Name":"APP-00304155","Listing__r":{"attributes":{"type":"Listing__c","url":"/services/data/v<<SALESFORCE_API_VERSION>>/sobjects/Listing__c/a0W0P00000GbyuQUAR"},"Name":"Partners
        Test Listing (do not modify) - Yellow Acres","Lottery_Date__c":"2018-06-01T22:30:00.000+0000"},"Applicant__r":{"attributes":{"type":"Application_Member__c","url":"/services/data/v<<SALESFORCE_API_VERSION>>/sobjects/Application_Member__c/a0n0P00000D1XFLQA3"},"First_Name__c":"William","Last_Name__c":"Gonzalez","Email__c":"2839@sldkfjaoskdfj.com","Phone__c":"478-289-1987","Residence_Address__c":"189
        9th Ave, San Francisco, CA, 94117","Mailing_Address__c":"189 9th Ave, San
        Francisco, CA, 94117"},"Application_Submitted_Date__c":"2018-11-27","Total_Household_Size__c":2.0,"Application_Submission_Type__c":"Paper","General_Lottery__c":false,"General_Lottery_Rank__c":null,"Processing_Status__c":null},{"attributes":{"type":"Application__c","url":"/services/data/v<<SALESFORCE_API_VERSION>>/sobjects/Application__c/a0o0P00000IvWt8QAF"},"Id":"a0o0P00000IvWt8QAF","Name":"APP-00304173","Listing__r":{"attributes":{"type":"Listing__c","url":"/services/data/v<<SALESFORCE_API_VERSION>>/sobjects/Listing__c/a0W0P00000GbyuQUAR"},"Name":"Partners
        Test Listing (do not modify) - Yellow Acres","Lottery_Date__c":"2018-06-01T22:30:00.000+0000"},"Applicant__r":{"attributes":{"type":"Application_Member__c","url":"/services/data/v<<SALESFORCE_API_VERSION>>/sobjects/Application_Member__c/a0n0P00000D1XS7QAN"},"First_Name__c":"Nancytest","Last_Name__c":"Nakamuratest","Email__c":"sdfi@gmail.com","Phone__c":"578-289-1946","Residence_Address__c":"678
        West St, San Francisco, CA, 94117","Mailing_Address__c":"789 Market St, San
        Francisco, CA, 94117"},"Application_Submitted_Date__c":"2018-11-27","Total_Household_Size__c":3.0,"Application_Submission_Type__c":"Paper","General_Lottery__c":false,"General_Lottery_Rank__c":null,"Processing_Status__c":null},{"attributes":{"type":"Application__c","url":"/services/data/v<<SALESFORCE_API_VERSION>>/sobjects/Application__c/a0o0P00000IvWtNQAV"},"Id":"a0o0P00000IvWtNQAV","Name":"APP-00304174","Listing__r":{"attributes":{"type":"Listing__c","url":"/services/data/v<<SALESFORCE_API_VERSION>>/sobjects/Listing__c/a0W0P00000GbyuQUAR"},"Name":"Partners
        Test Listing (do not modify) - Yellow Acres","Lottery_Date__c":"2018-06-01T22:30:00.000+0000"},"Applicant__r":{"attributes":{"type":"Application_Member__c","url":"/services/data/v<<SALESFORCE_API_VERSION>>/sobjects/Application_Member__c/a0n0P00000D1XSLQA3"},"First_Name__c":"Davidtest","Last_Name__c":"Garciatest","Email__c":"23sadf@gmail.com","Phone__c":"111-222-3333","Residence_Address__c":"123
        Folsom, San Francisco, CA, 94110","Mailing_Address__c":"456 Mission, San Francisco,
        CA, 94110"},"Application_Submitted_Date__c":"2019-01-04","Total_Household_Size__c":2.0,"Application_Submission_Type__c":"Paper","General_Lottery__c":false,"General_Lottery_Rank__c":null,"Processing_Status__c":null},{"attributes":{"type":"Application__c","url":"/services/data/v<<SALESFORCE_API_VERSION>>/sobjects/Application__c/a0o0P00000IvkT8QAJ"},"Id":"a0o0P00000IvkT8QAJ","Name":"APP-00305196","Listing__r":{"attributes":{"type":"Listing__c","url":"/services/data/v<<SALESFORCE_API_VERSION>>/sobjects/Listing__c/a0W0P00000GbyuQUAR"},"Name":"Partners
        Test Listing (do not modify) - Yellow Acres","Lottery_Date__c":"2018-06-01T22:30:00.000+0000"},"Applicant__r":{"attributes":{"type":"Application_Member__c","url":"/services/data/v<<SALESFORCE_API_VERSION>>/sobjects/Application_Member__c/a0n0P00000D1ePKQAZ"},"First_Name__c":"Hunter","Last_Name__c":"Mylee","Email__c":null,"Phone__c":null,"Residence_Address__c":null,"Mailing_Address__c":null},"Application_Submitted_Date__c":"2018-12-05","Total_Household_Size__c":1.0,"Application_Submission_Type__c":"Electronic","General_Lottery__c":false,"General_Lottery_Rank__c":null,"Processing_Status__c":"Processing"},{"attributes":{"type":"Application__c","url":"/services/data/v<<SALESFORCE_API_VERSION>>/sobjects/Application__c/a0o0P00000IvkT9QAJ"},"Id":"a0o0P00000IvkT9QAJ","Name":"APP-00305197","Listing__r":{"attributes":{"type":"Listing__c","url":"/services/data/v<<SALESFORCE_API_VERSION>>/sobjects/Listing__c/a0W0P00000GbyuQUAR"},"Name":"Partners
        Test Listing (do not modify) - Yellow Acres","Lottery_Date__c":"2018-06-01T22:30:00.000+0000"},"Applicant__r":{"attributes":{"type":"Application_Member__c","url":"/services/data/v<<SALESFORCE_API_VERSION>>/sobjects/Application_Member__c/a0n0P00000D1eP4QAJ"},"First_Name__c":"Cale","Last_Name__c":"Sofia","Email__c":null,"Phone__c":null,"Residence_Address__c":null,"Mailing_Address__c":null},"Application_Submitted_Date__c":"2018-12-05","Total_Household_Size__c":1.0,"Application_Submission_Type__c":"Electronic","General_Lottery__c":false,"General_Lottery_Rank__c":null,"Processing_Status__c":null},{"attributes":{"type":"Application__c","url":"/services/data/v<<SALESFORCE_API_VERSION>>/sobjects/Application__c/a0o0P00000IvkTAQAZ"},"Id":"a0o0P00000IvkTAQAZ","Name":"APP-00305198","Listing__r":{"attributes":{"type":"Listing__c","url":"/services/data/v<<SALESFORCE_API_VERSION>>/sobjects/Listing__c/a0W0P00000GbyuQUAR"},"Name":"Partners
        Test Listing (do not modify) - Yellow Acres","Lottery_Date__c":"2018-06-01T22:30:00.000+0000"},"Applicant__r":{"attributes":{"type":"Application_Member__c","url":"/services/data/v<<SALESFORCE_API_VERSION>>/sobjects/Application_Member__c/a0n0P00000D1eOzQAJ"},"First_Name__c":"Ashlee","Last_Name__c":"Cale","Email__c":null,"Phone__c":null,"Residence_Address__c":null,"Mailing_Address__c":null},"Application_Submitted_Date__c":"2018-12-05","Total_Household_Size__c":1.0,"Application_Submission_Type__c":"Electronic","General_Lottery__c":false,"General_Lottery_Rank__c":null,"Processing_Status__c":null},{"attributes":{"type":"Application__c","url":"/services/data/v<<SALESFORCE_API_VERSION>>/sobjects/Application__c/a0o0P00000IvkTBQAZ"},"Id":"a0o0P00000IvkTBQAZ","Name":"APP-00305199","Listing__r":{"attributes":{"type":"Listing__c","url":"/services/data/v<<SALESFORCE_API_VERSION>>/sobjects/Listing__c/a0W0P00000GbyuQUAR"},"Name":"Partners
        Test Listing (do not modify) - Yellow Acres","Lottery_Date__c":"2018-06-01T22:30:00.000+0000"},"Applicant__r":{"attributes":{"type":"Application_Member__c","url":"/services/data/v<<SALESFORCE_API_VERSION>>/sobjects/Application_Member__c/a0n0P00000D1ePJQAZ"},"First_Name__c":"Hope","Last_Name__c":"Ashlee","Email__c":null,"Phone__c":null,"Residence_Address__c":null,"Mailing_Address__c":null},"Application_Submitted_Date__c":"2018-12-05","Total_Household_Size__c":1.0,"Application_Submission_Type__c":"Electronic","General_Lottery__c":false,"General_Lottery_Rank__c":null,"Processing_Status__c":null},{"attributes":{"type":"Application__c","url":"/services/data/v<<SALESFORCE_API_VERSION>>/sobjects/Application__c/a0o0P00000IvkTCQAZ"},"Id":"a0o0P00000IvkTCQAZ","Name":"APP-00305200","Listing__r":{"attributes":{"type":"Listing__c","url":"/services/data/v<<SALESFORCE_API_VERSION>>/sobjects/Listing__c/a0W0P00000GbyuQUAR"},"Name":"Partners
        Test Listing (do not modify) - Yellow Acres","Lottery_Date__c":"2018-06-01T22:30:00.000+0000"},"Applicant__r":{"attributes":{"type":"Application_Member__c","url":"/services/data/v<<SALESFORCE_API_VERSION>>/sobjects/Application_Member__c/a0n0P00000D1ePQQAZ"},"First_Name__c":"Josie","Last_Name__c":"Hope","Email__c":null,"Phone__c":null,"Residence_Address__c":null,"Mailing_Address__c":null},"Application_Submitted_Date__c":"2018-12-05","Total_Household_Size__c":1.0,"Application_Submission_Type__c":"Electronic","General_Lottery__c":false,"General_Lottery_Rank__c":null,"Processing_Status__c":null},{"attributes":{"type":"Application__c","url":"/services/data/v<<SALESFORCE_API_VERSION>>/sobjects/Application__c/a0o0P00000IvkTDQAZ"},"Id":"a0o0P00000IvkTDQAZ","Name":"APP-00305201","Listing__r":{"attributes":{"type":"Listing__c","url":"/services/data/v<<SALESFORCE_API_VERSION>>/sobjects/Listing__c/a0W0P00000GbyuQUAR"},"Name":"Partners
        Test Listing (do not modify) - Yellow Acres","Lottery_Date__c":"2018-06-01T22:30:00.000+0000"},"Applicant__r":{"attributes":{"type":"Application_Member__c","url":"/services/data/v<<SALESFORCE_API_VERSION>>/sobjects/Application_Member__c/a0n0P00000D1ePSQAZ"},"First_Name__c":"Judith","Last_Name__c":"Josie","Email__c":null,"Phone__c":null,"Residence_Address__c":null,"Mailing_Address__c":null},"Application_Submitted_Date__c":"2018-12-05","Total_Household_Size__c":1.0,"Application_Submission_Type__c":"Electronic","General_Lottery__c":false,"General_Lottery_Rank__c":null,"Processing_Status__c":null},{"attributes":{"type":"Application__c","url":"/services/data/v<<SALESFORCE_API_VERSION>>/sobjects/Application__c/a0o0P00000IvkTEQAZ"},"Id":"a0o0P00000IvkTEQAZ","Name":"APP-00305202","Listing__r":{"attributes":{"type":"Listing__c","url":"/services/data/v<<SALESFORCE_API_VERSION>>/sobjects/Listing__c/a0W0P00000GbyuQUAR"},"Name":"Partners
        Test Listing (do not modify) - Yellow Acres","Lottery_Date__c":"2018-06-01T22:30:00.000+0000"},"Applicant__r":{"attributes":{"type":"Application_Member__c","url":"/services/data/v<<SALESFORCE_API_VERSION>>/sobjects/Application_Member__c/a0n0P00000D1eP1QAJ"},"First_Name__c":"Bobby","Last_Name__c":"Judith","Email__c":null,"Phone__c":null,"Residence_Address__c":null,"Mailing_Address__c":null},"Application_Submitted_Date__c":"2018-12-05","Total_Household_Size__c":1.0,"Application_Submission_Type__c":"Electronic","General_Lottery__c":false,"General_Lottery_Rank__c":null,"Processing_Status__c":null},{"attributes":{"type":"Application__c","url":"/services/data/v<<SALESFORCE_API_VERSION>>/sobjects/Application__c/a0o0P00000IvkTFQAZ"},"Id":"a0o0P00000IvkTFQAZ","Name":"APP-00305203","Listing__r":{"attributes":{"type":"Listing__c","url":"/services/data/v<<SALESFORCE_API_VERSION>>/sobjects/Listing__c/a0W0P00000GbyuQUAR"},"Name":"Partners
        Test Listing (do not modify) - Yellow Acres","Lottery_Date__c":"2018-06-01T22:30:00.000+0000"},"Applicant__r":{"attributes":{"type":"Application_Member__c","url":"/services/data/v<<SALESFORCE_API_VERSION>>/sobjects/Application_Member__c/a0n0P00000D1ePOQAZ"},"First_Name__c":"Jamari","Last_Name__c":"Bobby","Email__c":null,"Phone__c":null,"Residence_Address__c":null,"Mailing_Address__c":null},"Application_Submitted_Date__c":"2018-12-05","Total_Household_Size__c":1.0,"Application_Submission_Type__c":"Electronic","General_Lottery__c":false,"General_Lottery_Rank__c":null,"Processing_Status__c":null},{"attributes":{"type":"Application__c","url":"/services/data/v<<SALESFORCE_API_VERSION>>/sobjects/Application__c/a0o0P00000IvkTGQAZ"},"Id":"a0o0P00000IvkTGQAZ","Name":"APP-00305204","Listing__r":{"attributes":{"type":"Listing__c","url":"/services/data/v<<SALESFORCE_API_VERSION>>/sobjects/Listing__c/a0W0P00000GbyuQUAR"},"Name":"Partners
        Test Listing (do not modify) - Yellow Acres","Lottery_Date__c":"2018-06-01T22:30:00.000+0000"},"Applicant__r":{"attributes":{"type":"Application_Member__c","url":"/services/data/v<<SALESFORCE_API_VERSION>>/sobjects/Application_Member__c/a0n0P00000D1ePNQAZ"},"First_Name__c":"Jamar","Last_Name__c":"Jamari","Email__c":null,"Phone__c":null,"Residence_Address__c":null,"Mailing_Address__c":null},"Application_Submitted_Date__c":"2018-12-05","Total_Household_Size__c":1.0,"Application_Submission_Type__c":"Electronic","General_Lottery__c":false,"General_Lottery_Rank__c":null,"Processing_Status__c":null},{"attributes":{"type":"Application__c","url":"/services/data/v<<SALESFORCE_API_VERSION>>/sobjects/Application__c/a0o0P00000IvkTHQAZ"},"Id":"a0o0P00000IvkTHQAZ","Name":"APP-00305205","Listing__r":{"attributes":{"type":"Listing__c","url":"/services/data/v<<SALESFORCE_API_VERSION>>/sobjects/Listing__c/a0W0P00000GbyuQUAR"},"Name":"Partners
        Test Listing (do not modify) - Yellow Acres","Lottery_Date__c":"2018-06-01T22:30:00.000+0000"},"Applicant__r":{"attributes":{"type":"Application_Member__c","url":"/services/data/v<<SALESFORCE_API_VERSION>>/sobjects/Application_Member__c/a0n0P00000D1ePhQAJ"},"First_Name__c":"Moses","Last_Name__c":"Jamar","Email__c":null,"Phone__c":null,"Residence_Address__c":null,"Mailing_Address__c":null},"Application_Submitted_Date__c":"2018-12-05","Total_Household_Size__c":1.0,"Application_Submission_Type__c":"Electronic","General_Lottery__c":false,"General_Lottery_Rank__c":null,"Processing_Status__c":null},{"attributes":{"type":"Application__c","url":"/services/data/v<<SALESFORCE_API_VERSION>>/sobjects/Application__c/a0o0P00000IvkTIQAZ"},"Id":"a0o0P00000IvkTIQAZ","Name":"APP-00305206","Listing__r":{"attributes":{"type":"Listing__c","url":"/services/data/v<<SALESFORCE_API_VERSION>>/sobjects/Listing__c/a0W0P00000GbyuQUAR"},"Name":"Partners
        Test Listing (do not modify) - Yellow Acres","Lottery_Date__c":"2018-06-01T22:30:00.000+0000"},"Applicant__r":{"attributes":{"type":"Application_Member__c","url":"/services/data/v<<SALESFORCE_API_VERSION>>/sobjects/Application_Member__c/a0n0P00000D1ePHQAZ"},"First_Name__c":"Gracie","Last_Name__c":"Moses","Email__c":null,"Phone__c":null,"Residence_Address__c":null,"Mailing_Address__c":null},"Application_Submitted_Date__c":"2018-12-05","Total_Household_Size__c":1.0,"Application_Submission_Type__c":"Electronic","General_Lottery__c":false,"General_Lottery_Rank__c":null,"Processing_Status__c":null},{"attributes":{"type":"Application__c","url":"/services/data/v<<SALESFORCE_API_VERSION>>/sobjects/Application__c/a0o0P00000IvkTJQAZ"},"Id":"a0o0P00000IvkTJQAZ","Name":"APP-00305207","Listing__r":{"attributes":{"type":"Listing__c","url":"/services/data/v<<SALESFORCE_API_VERSION>>/sobjects/Listing__c/a0W0P00000GbyuQUAR"},"Name":"Partners
        Test Listing (do not modify) - Yellow Acres","Lottery_Date__c":"2018-06-01T22:30:00.000+0000"},"Applicant__r":{"attributes":{"type":"Application_Member__c","url":"/services/data/v<<SALESFORCE_API_VERSION>>/sobjects/Application_Member__c/a0n0P00000D1eP3QAJ"},"First_Name__c":"Braxton","Last_Name__c":"Hunter","Email__c":null,"Phone__c":null,"Residence_Address__c":null,"Mailing_Address__c":null},"Application_Submitted_Date__c":"2019-03-26","Total_Household_Size__c":1.0,"Application_Submission_Type__c":"Electronic","General_Lottery__c":false,"General_Lottery_Rank__c":null,"Processing_Status__c":null},{"attributes":{"type":"Application__c","url":"/services/data/v<<SALESFORCE_API_VERSION>>/sobjects/Application__c/a0o0P00000IvkTKQAZ"},"Id":"a0o0P00000IvkTKQAZ","Name":"APP-00305208","Listing__r":{"attributes":{"type":"Listing__c","url":"/services/data/v<<SALESFORCE_API_VERSION>>/sobjects/Listing__c/a0W0P00000GbyuQUAR"},"Name":"Partners
        Test Listing (do not modify) - Yellow Acres","Lottery_Date__c":"2018-06-01T22:30:00.000+0000"},"Applicant__r":{"attributes":{"type":"Application_Member__c","url":"/services/data/v<<SALESFORCE_API_VERSION>>/sobjects/Application_Member__c/a0n0P00000D1ePwQAJ"},"First_Name__c":"Terrance","Last_Name__c":"Gracie","Email__c":null,"Phone__c":null,"Residence_Address__c":null,"Mailing_Address__c":null},"Application_Submitted_Date__c":"2018-12-05","Total_Household_Size__c":1.0,"Application_Submission_Type__c":"Electronic","General_Lottery__c":false,"General_Lottery_Rank__c":null,"Processing_Status__c":null},{"attributes":{"type":"Application__c","url":"/services/data/v<<SALESFORCE_API_VERSION>>/sobjects/Application__c/a0o0P00000IvkTLQAZ"},"Id":"a0o0P00000IvkTLQAZ","Name":"APP-00305209","Listing__r":{"attributes":{"type":"Listing__c","url":"/services/data/v<<SALESFORCE_API_VERSION>>/sobjects/Listing__c/a0W0P00000GbyuQUAR"},"Name":"Partners
        Test Listing (do not modify) - Yellow Acres","Lottery_Date__c":"2018-06-01T22:30:00.000+0000"},"Applicant__r":{"attributes":{"type":"Application_Member__c","url":"/services/data/v<<SALESFORCE_API_VERSION>>/sobjects/Application_Member__c/a0n0P00000D1eOrQAJ"},"First_Name__c":"Alden","Last_Name__c":"Terrance","Email__c":null,"Phone__c":null,"Residence_Address__c":null,"Mailing_Address__c":null},"Application_Submitted_Date__c":"2018-12-05","Total_Household_Size__c":1.0,"Application_Submission_Type__c":"Electronic","General_Lottery__c":false,"General_Lottery_Rank__c":null,"Processing_Status__c":null},{"attributes":{"type":"Application__c","url":"/services/data/v<<SALESFORCE_API_VERSION>>/sobjects/Application__c/a0o0P00000IvkTMQAZ"},"Id":"a0o0P00000IvkTMQAZ","Name":"APP-00305210","Listing__r":{"attributes":{"type":"Listing__c","url":"/services/data/v<<SALESFORCE_API_VERSION>>/sobjects/Listing__c/a0W0P00000GbyuQUAR"},"Name":"Partners
        Test Listing (do not modify) - Yellow Acres","Lottery_Date__c":"2018-06-01T22:30:00.000+0000"},"Applicant__r":{"attributes":{"type":"Application_Member__c","url":"/services/data/v<<SALESFORCE_API_VERSION>>/sobjects/Application_Member__c/a0n0P00000D1ePcQAJ"},"First_Name__c":"Maribel","Last_Name__c":"Alden","Email__c":null,"Phone__c":null,"Residence_Address__c":null,"Mailing_Address__c":null},"Application_Submitted_Date__c":"2018-12-05","Total_Household_Size__c":1.0,"Application_Submission_Type__c":"Electronic","General_Lottery__c":false,"General_Lottery_Rank__c":null,"Processing_Status__c":null},{"attributes":{"type":"Application__c","url":"/services/data/v<<SALESFORCE_API_VERSION>>/sobjects/Application__c/a0o0P00000IvkTNQAZ"},"Id":"a0o0P00000IvkTNQAZ","Name":"APP-00305211","Listing__r":{"attributes":{"type":"Listing__c","url":"/services/data/v<<SALESFORCE_API_VERSION>>/sobjects/Listing__c/a0W0P00000GbyuQUAR"},"Name":"Partners
        Test Listing (do not modify) - Yellow Acres","Lottery_Date__c":"2018-06-01T22:30:00.000+0000"},"Applicant__r":{"attributes":{"type":"Application_Member__c","url":"/services/data/v<<SALESFORCE_API_VERSION>>/sobjects/Application_Member__c/a0n0P00000D1ePMQAZ"},"First_Name__c":"Isabela","Last_Name__c":"Maribel","Email__c":null,"Phone__c":null,"Residence_Address__c":null,"Mailing_Address__c":null},"Application_Submitted_Date__c":"2018-12-05","Total_Household_Size__c":1.0,"Application_Submission_Type__c":"Electronic","General_Lottery__c":false,"General_Lottery_Rank__c":null,"Processing_Status__c":null},{"attributes":{"type":"Application__c","url":"/services/data/v<<SALESFORCE_API_VERSION>>/sobjects/Application__c/a0o0P00000IvkTOQAZ"},"Id":"a0o0P00000IvkTOQAZ","Name":"APP-00305212","Listing__r":{"attributes":{"type":"Listing__c","url":"/services/data/v<<SALESFORCE_API_VERSION>>/sobjects/Listing__c/a0W0P00000GbyuQUAR"},"Name":"Partners
        Test Listing (do not modify) - Yellow Acres","Lottery_Date__c":"2018-06-01T22:30:00.000+0000"},"Applicant__r":{"attributes":{"type":"Application_Member__c","url":"/services/data/v<<SALESFORCE_API_VERSION>>/sobjects/Application_Member__c/a0n0P00000D1ePqQAJ"},"First_Name__c":"Raymond","Last_Name__c":"Isabela","Email__c":null,"Phone__c":null,"Residence_Address__c":null,"Mailing_Address__c":null},"Application_Submitted_Date__c":"2018-12-05","Total_Household_Size__c":1.0,"Application_Submission_Type__c":"Electronic","General_Lottery__c":false,"General_Lottery_Rank__c":null,"Processing_Status__c":null},{"attributes":{"type":"Application__c","url":"/services/data/v<<SALESFORCE_API_VERSION>>/sobjects/Application__c/a0o0P00000IvkTPQAZ"},"Id":"a0o0P00000IvkTPQAZ","Name":"APP-00305213","Listing__r":{"attributes":{"type":"Listing__c","url":"/services/data/v<<SALESFORCE_API_VERSION>>/sobjects/Listing__c/a0W0P00000GbyuQUAR"},"Name":"Partners
        Test Listing (do not modify) - Yellow Acres","Lottery_Date__c":"2018-06-01T22:30:00.000+0000"},"Applicant__r":{"attributes":{"type":"Application_Member__c","url":"/services/data/v<<SALESFORCE_API_VERSION>>/sobjects/Application_Member__c/a0n0P00000D1ePPQAZ"},"First_Name__c":"Jean","Last_Name__c":"Raymond","Email__c":null,"Phone__c":null,"Residence_Address__c":null,"Mailing_Address__c":null},"Application_Submitted_Date__c":"2018-12-05","Total_Household_Size__c":1.0,"Application_Submission_Type__c":"Electronic","General_Lottery__c":false,"General_Lottery_Rank__c":null,"Processing_Status__c":null},{"attributes":{"type":"Application__c","url":"/services/data/v<<SALESFORCE_API_VERSION>>/sobjects/Application__c/a0o0P00000IvkTQQAZ"},"Id":"a0o0P00000IvkTQQAZ","Name":"APP-00305214","Listing__r":{"attributes":{"type":"Listing__c","url":"/services/data/v<<SALESFORCE_API_VERSION>>/sobjects/Listing__c/a0W0P00000GbyuQUAR"},"Name":"Partners
        Test Listing (do not modify) - Yellow Acres","Lottery_Date__c":"2018-06-01T22:30:00.000+0000"},"Applicant__r":{"attributes":{"type":"Application_Member__c","url":"/services/data/v<<SALESFORCE_API_VERSION>>/sobjects/Application_Member__c/a0n0P00000D1ePxQAJ"},"First_Name__c":"Thalia","Last_Name__c":"Jean","Email__c":null,"Phone__c":null,"Residence_Address__c":null,"Mailing_Address__c":null},"Application_Submitted_Date__c":"2018-12-05","Total_Household_Size__c":1.0,"Application_Submission_Type__c":"Electronic","General_Lottery__c":false,"General_Lottery_Rank__c":null,"Processing_Status__c":null},{"attributes":{"type":"Application__c","url":"/services/data/v<<SALESFORCE_API_VERSION>>/sobjects/Application__c/a0o0P00000IvkTRQAZ"},"Id":"a0o0P00000IvkTRQAZ","Name":"APP-00305215","Listing__r":{"attributes":{"type":"Listing__c","url":"/services/data/v<<SALESFORCE_API_VERSION>>/sobjects/Listing__c/a0W0P00000GbyuQUAR"},"Name":"Partners
        Test Listing (do not modify) - Yellow Acres","Lottery_Date__c":"2018-06-01T22:30:00.000+0000"},"Applicant__r":{"attributes":{"type":"Application_Member__c","url":"/services/data/v<<SALESFORCE_API_VERSION>>/sobjects/Application_Member__c/a0n0P00000D1ePAQAZ"},"First_Name__c":"Donovan","Last_Name__c":"Thalia","Email__c":null,"Phone__c":null,"Residence_Address__c":null,"Mailing_Address__c":null},"Application_Submitted_Date__c":"2018-12-05","Total_Household_Size__c":1.0,"Application_Submission_Type__c":"Electronic","General_Lottery__c":false,"General_Lottery_Rank__c":null,"Processing_Status__c":null},{"attributes":{"type":"Application__c","url":"/services/data/v<<SALESFORCE_API_VERSION>>/sobjects/Application__c/a0o0P00000IvkTSQAZ"},"Id":"a0o0P00000IvkTSQAZ","Name":"APP-00305216","Listing__r":{"attributes":{"type":"Listing__c","url":"/services/data/v<<SALESFORCE_API_VERSION>>/sobjects/Listing__c/a0W0P00000GbyuQUAR"},"Name":"Partners
        Test Listing (do not modify) - Yellow Acres","Lottery_Date__c":"2018-06-01T22:30:00.000+0000"},"Applicant__r":{"attributes":{"type":"Application_Member__c","url":"/services/data/v<<SALESFORCE_API_VERSION>>/sobjects/Application_Member__c/a0n0P00000D1ePBQAZ"},"First_Name__c":"Elsie","Last_Name__c":"Donovan","Email__c":null,"Phone__c":null,"Residence_Address__c":null,"Mailing_Address__c":null},"Application_Submitted_Date__c":"2018-12-05","Total_Household_Size__c":1.0,"Application_Submission_Type__c":"Electronic","General_Lottery__c":false,"General_Lottery_Rank__c":null,"Processing_Status__c":null},{"attributes":{"type":"Application__c","url":"/services/data/v<<SALESFORCE_API_VERSION>>/sobjects/Application__c/a0o0P00000IvkTTQAZ"},"Id":"a0o0P00000IvkTTQAZ","Name":"APP-00305217","Listing__r":{"attributes":{"type":"Listing__c","url":"/services/data/v<<SALESFORCE_API_VERSION>>/sobjects/Listing__c/a0W0P00000GbyuQUAR"},"Name":"Partners
        Test Listing (do not modify) - Yellow Acres","Lottery_Date__c":"2018-06-01T22:30:00.000+0000"},"Applicant__r":{"attributes":{"type":"Application_Member__c","url":"/services/data/v<<SALESFORCE_API_VERSION>>/sobjects/Application_Member__c/a0n0P00000D1ePaQAJ"},"First_Name__c":"Livia","Last_Name__c":"Elsie","Email__c":null,"Phone__c":null,"Residence_Address__c":null,"Mailing_Address__c":null},"Application_Submitted_Date__c":"2018-12-05","Total_Household_Size__c":1.0,"Application_Submission_Type__c":"Electronic","General_Lottery__c":false,"General_Lottery_Rank__c":null,"Processing_Status__c":null},{"attributes":{"type":"Application__c","url":"/services/data/v<<SALESFORCE_API_VERSION>>/sobjects/Application__c/a0o0P00000IvkTUQAZ"},"Id":"a0o0P00000IvkTUQAZ","Name":"APP-00305218","Listing__r":{"attributes":{"type":"Listing__c","url":"/services/data/v<<SALESFORCE_API_VERSION>>/sobjects/Listing__c/a0W0P00000GbyuQUAR"},"Name":"Partners
        Test Listing (do not modify) - Yellow Acres","Lottery_Date__c":"2018-06-01T22:30:00.000+0000"},"Applicant__r":{"attributes":{"type":"Application_Member__c","url":"/services/data/v<<SALESFORCE_API_VERSION>>/sobjects/Application_Member__c/a0n0P00000D1ePdQAJ"},"First_Name__c":"Marlie","Last_Name__c":"Braxton","Email__c":null,"Phone__c":null,"Residence_Address__c":null,"Mailing_Address__c":null},"Application_Submitted_Date__c":"2018-12-05","Total_Household_Size__c":1.0,"Application_Submission_Type__c":"Electronic","General_Lottery__c":false,"General_Lottery_Rank__c":null,"Processing_Status__c":null},{"attributes":{"type":"Application__c","url":"/services/data/v<<SALESFORCE_API_VERSION>>/sobjects/Application__c/a0o0P00000IvkTVQAZ"},"Id":"a0o0P00000IvkTVQAZ","Name":"APP-00305219","Listing__r":{"attributes":{"type":"Listing__c","url":"/services/data/v<<SALESFORCE_API_VERSION>>/sobjects/Listing__c/a0W0P00000GbyuQUAR"},"Name":"Partners
        Test Listing (do not modify) - Yellow Acres","Lottery_Date__c":"2018-06-01T22:30:00.000+0000"},"Applicant__r":{"attributes":{"type":"Application_Member__c","url":"/services/data/v<<SALESFORCE_API_VERSION>>/sobjects/Application_Member__c/a0n0P00000D1ePkQAJ"},"First_Name__c":"Nico","Last_Name__c":"Livia","Email__c":null,"Phone__c":null,"Residence_Address__c":null,"Mailing_Address__c":null},"Application_Submitted_Date__c":"2018-12-05","Total_Household_Size__c":1.0,"Application_Submission_Type__c":"Electronic","General_Lottery__c":false,"General_Lottery_Rank__c":null,"Processing_Status__c":null},{"attributes":{"type":"Application__c","url":"/services/data/v<<SALESFORCE_API_VERSION>>/sobjects/Application__c/a0o0P00000IvkTWQAZ"},"Id":"a0o0P00000IvkTWQAZ","Name":"APP-00305220","Listing__r":{"attributes":{"type":"Listing__c","url":"/services/data/v<<SALESFORCE_API_VERSION>>/sobjects/Listing__c/a0W0P00000GbyuQUAR"},"Name":"Partners
        Test Listing (do not modify) - Yellow Acres","Lottery_Date__c":"2018-06-01T22:30:00.000+0000"},"Applicant__r":{"attributes":{"type":"Application_Member__c","url":"/services/data/v<<SALESFORCE_API_VERSION>>/sobjects/Application_Member__c/a0n0P00000D1ePGQAZ"},"First_Name__c":"Giuliana","Last_Name__c":"Nico","Email__c":null,"Phone__c":null,"Residence_Address__c":null,"Mailing_Address__c":null},"Application_Submitted_Date__c":"2018-12-05","Total_Household_Size__c":1.0,"Application_Submission_Type__c":"Electronic","General_Lottery__c":false,"General_Lottery_Rank__c":null,"Processing_Status__c":null},{"attributes":{"type":"Application__c","url":"/services/data/v<<SALESFORCE_API_VERSION>>/sobjects/Application__c/a0o0P00000IvkTXQAZ"},"Id":"a0o0P00000IvkTXQAZ","Name":"APP-00305221","Listing__r":{"attributes":{"type":"Listing__c","url":"/services/data/v<<SALESFORCE_API_VERSION>>/sobjects/Listing__c/a0W0P00000GbyuQUAR"},"Name":"Partners
        Test Listing (do not modify) - Yellow Acres","Lottery_Date__c":"2018-06-01T22:30:00.000+0000"},"Applicant__r":{"attributes":{"type":"Application_Member__c","url":"/services/data/v<<SALESFORCE_API_VERSION>>/sobjects/Application_Member__c/a0n0P00000D1ePlQAJ"},"First_Name__c":"Norah","Last_Name__c":"Giuliana","Email__c":null,"Phone__c":null,"Residence_Address__c":null,"Mailing_Address__c":null},"Application_Submitted_Date__c":"2018-12-05","Total_Household_Size__c":1.0,"Application_Submission_Type__c":"Electronic","General_Lottery__c":false,"General_Lottery_Rank__c":null,"Processing_Status__c":null},{"attributes":{"type":"Application__c","url":"/services/data/v<<SALESFORCE_API_VERSION>>/sobjects/Application__c/a0o0P00000IvkTYQAZ"},"Id":"a0o0P00000IvkTYQAZ","Name":"APP-00305222","Listing__r":{"attributes":{"type":"Listing__c","url":"/services/data/v<<SALESFORCE_API_VERSION>>/sobjects/Listing__c/a0W0P00000GbyuQUAR"},"Name":"Partners
        Test Listing (do not modify) - Yellow Acres","Lottery_Date__c":"2018-06-01T22:30:00.000+0000"},"Applicant__r":{"attributes":{"type":"Application_Member__c","url":"/services/data/v<<SALESFORCE_API_VERSION>>/sobjects/Application_Member__c/a0n0P00000D1ePiQAJ"},"First_Name__c":"Myla","Last_Name__c":"Norah","Email__c":null,"Phone__c":null,"Residence_Address__c":null,"Mailing_Address__c":null},"Application_Submitted_Date__c":"2018-12-05","Total_Household_Size__c":1.0,"Application_Submission_Type__c":"Electronic","General_Lottery__c":false,"General_Lottery_Rank__c":null,"Processing_Status__c":null},{"attributes":{"type":"Application__c","url":"/services/data/v<<SALESFORCE_API_VERSION>>/sobjects/Application__c/a0o0P00000IvkTZQAZ"},"Id":"a0o0P00000IvkTZQAZ","Name":"APP-00305223","Listing__r":{"attributes":{"type":"Listing__c","url":"/services/data/v<<SALESFORCE_API_VERSION>>/sobjects/Listing__c/a0W0P00000GbyuQUAR"},"Name":"Partners
        Test Listing (do not modify) - Yellow Acres","Lottery_Date__c":"2018-06-01T22:30:00.000+0000"},"Applicant__r":{"attributes":{"type":"Application_Member__c","url":"/services/data/v<<SALESFORCE_API_VERSION>>/sobjects/Application_Member__c/a0n0P00000D1ePRQAZ"},"First_Name__c":"Journey","Last_Name__c":"Myla","Email__c":null,"Phone__c":null,"Residence_Address__c":null,"Mailing_Address__c":null},"Application_Submitted_Date__c":"2018-12-05","Total_Household_Size__c":1.0,"Application_Submission_Type__c":"Electronic","General_Lottery__c":false,"General_Lottery_Rank__c":null,"Processing_Status__c":"Processing"},{"attributes":{"type":"Application__c","url":"/services/data/v<<SALESFORCE_API_VERSION>>/sobjects/Application__c/a0o0P00000IvkTaQAJ"},"Id":"a0o0P00000IvkTaQAJ","Name":"APP-00305224","Listing__r":{"attributes":{"type":"Listing__c","url":"/services/data/v<<SALESFORCE_API_VERSION>>/sobjects/Listing__c/a0W0P00000GbyuQUAR"},"Name":"Partners
        Test Listing (do not modify) - Yellow Acres","Lottery_Date__c":"2018-06-01T22:30:00.000+0000"},"Applicant__r":{"attributes":{"type":"Application_Member__c","url":"/services/data/v<<SALESFORCE_API_VERSION>>/sobjects/Application_Member__c/a0n0P00000D1ePLQAZ"},"First_Name__c":"Irvin","Last_Name__c":"Journey","Email__c":null,"Phone__c":null,"Residence_Address__c":null,"Mailing_Address__c":null},"Application_Submitted_Date__c":"2018-12-05","Total_Household_Size__c":1.0,"Application_Submission_Type__c":"Electronic","General_Lottery__c":false,"General_Lottery_Rank__c":null,"Processing_Status__c":null},{"attributes":{"type":"Application__c","url":"/services/data/v<<SALESFORCE_API_VERSION>>/sobjects/Application__c/a0o0P00000IvkTbQAJ"},"Id":"a0o0P00000IvkTbQAJ","Name":"APP-00305225","Listing__r":{"attributes":{"type":"Listing__c","url":"/services/data/v<<SALESFORCE_API_VERSION>>/sobjects/Listing__c/a0W0P00000GbyuQUAR"},"Name":"Partners
        Test Listing (do not modify) - Yellow Acres","Lottery_Date__c":"2018-06-01T22:30:00.000+0000"},"Applicant__r":{"attributes":{"type":"Application_Member__c","url":"/services/data/v<<SALESFORCE_API_VERSION>>/sobjects/Application_Member__c/a0n0P00000D1eOqQAJ"},"First_Name__c":"Aden","Last_Name__c":"Irvin","Email__c":null,"Phone__c":null,"Residence_Address__c":null,"Mailing_Address__c":null},"Application_Submitted_Date__c":"2018-12-05","Total_Household_Size__c":1.0,"Application_Submission_Type__c":"Electronic","General_Lottery__c":false,"General_Lottery_Rank__c":null,"Processing_Status__c":null},{"attributes":{"type":"Application__c","url":"/services/data/v<<SALESFORCE_API_VERSION>>/sobjects/Application__c/a0o0P00000IvkTcQAJ"},"Id":"a0o0P00000IvkTcQAJ","Name":"APP-00305226","Listing__r":{"attributes":{"type":"Listing__c","url":"/services/data/v<<SALESFORCE_API_VERSION>>/sobjects/Listing__c/a0W0P00000GbyuQUAR"},"Name":"Partners
        Test Listing (do not modify) - Yellow Acres","Lottery_Date__c":"2018-06-01T22:30:00.000+0000"},"Applicant__r":{"attributes":{"type":"Application_Member__c","url":"/services/data/v<<SALESFORCE_API_VERSION>>/sobjects/Application_Member__c/a0n0P00000D1ePoQAJ"},"First_Name__c":"Peyton","Last_Name__c":"Aden","Email__c":null,"Phone__c":null,"Residence_Address__c":null,"Mailing_Address__c":null},"Application_Submitted_Date__c":"2018-12-05","Total_Household_Size__c":1.0,"Application_Submission_Type__c":"Electronic","General_Lottery__c":false,"General_Lottery_Rank__c":null,"Processing_Status__c":null},{"attributes":{"type":"Application__c","url":"/services/data/v<<SALESFORCE_API_VERSION>>/sobjects/Application__c/a0o0P00000IvkTdQAJ"},"Id":"a0o0P00000IvkTdQAJ","Name":"APP-00305227","Listing__r":{"attributes":{"type":"Listing__c","url":"/services/data/v<<SALESFORCE_API_VERSION>>/sobjects/Listing__c/a0W0P00000GbyuQUAR"},"Name":"Partners
        Test Listing (do not modify) - Yellow Acres","Lottery_Date__c":"2018-06-01T22:30:00.000+0000"},"Applicant__r":{"attributes":{"type":"Application_Member__c","url":"/services/data/v<<SALESFORCE_API_VERSION>>/sobjects/Application_Member__c/a0n0P00000D1eP0QAJ"},"First_Name__c":"Belinda","Last_Name__c":"Peyton","Email__c":null,"Phone__c":null,"Residence_Address__c":null,"Mailing_Address__c":null},"Application_Submitted_Date__c":"2018-12-05","Total_Household_Size__c":1.0,"Application_Submission_Type__c":"Electronic","General_Lottery__c":false,"General_Lottery_Rank__c":null,"Processing_Status__c":null},{"attributes":{"type":"Application__c","url":"/services/data/v<<SALESFORCE_API_VERSION>>/sobjects/Application__c/a0o0P00000IvkTeQAJ"},"Id":"a0o0P00000IvkTeQAJ","Name":"APP-00305228","Listing__r":{"attributes":{"type":"Listing__c","url":"/services/data/v<<SALESFORCE_API_VERSION>>/sobjects/Listing__c/a0W0P00000GbyuQUAR"},"Name":"Partners
        Test Listing (do not modify) - Yellow Acres","Lottery_Date__c":"2018-06-01T22:30:00.000+0000"},"Applicant__r":{"attributes":{"type":"Application_Member__c","url":"/services/data/v<<SALESFORCE_API_VERSION>>/sobjects/Application_Member__c/a0n0P00000D1ePTQAZ"},"First_Name__c":"Julianna","Last_Name__c":"Belinda","Email__c":null,"Phone__c":null,"Residence_Address__c":null,"Mailing_Address__c":null},"Application_Submitted_Date__c":"2018-12-05","Total_Household_Size__c":1.0,"Application_Submission_Type__c":"Electronic","General_Lottery__c":false,"General_Lottery_Rank__c":null,"Processing_Status__c":null},{"attributes":{"type":"Application__c","url":"/services/data/v<<SALESFORCE_API_VERSION>>/sobjects/Application__c/a0o0P00000IvkTfQAJ"},"Id":"a0o0P00000IvkTfQAJ","Name":"APP-00305229","Listing__r":{"attributes":{"type":"Listing__c","url":"/services/data/v<<SALESFORCE_API_VERSION>>/sobjects/Listing__c/a0W0P00000GbyuQUAR"},"Name":"Partners
        Test Listing (do not modify) - Yellow Acres","Lottery_Date__c":"2018-06-01T22:30:00.000+0000"},"Applicant__r":{"attributes":{"type":"Application_Member__c","url":"/services/data/v<<SALESFORCE_API_VERSION>>/sobjects/Application_Member__c/a0n0P00000D1ePbQAJ"},"First_Name__c":"Maleah","Last_Name__c":"Marlie","Email__c":null,"Phone__c":null,"Residence_Address__c":null,"Mailing_Address__c":null},"Application_Submitted_Date__c":"2018-12-05","Total_Household_Size__c":1.0,"Application_Submission_Type__c":"Electronic","General_Lottery__c":false,"General_Lottery_Rank__c":null,"Processing_Status__c":null},{"attributes":{"type":"Application__c","url":"/services/data/v<<SALESFORCE_API_VERSION>>/sobjects/Application__c/a0o0P00000IvkTgQAJ"},"Id":"a0o0P00000IvkTgQAJ","Name":"APP-00305230","Listing__r":{"attributes":{"type":"Listing__c","url":"/services/data/v<<SALESFORCE_API_VERSION>>/sobjects/Listing__c/a0W0P00000GbyuQUAR"},"Name":"Partners
        Test Listing (do not modify) - Yellow Acres","Lottery_Date__c":"2018-06-01T22:30:00.000+0000"},"Applicant__r":{"attributes":{"type":"Application_Member__c","url":"/services/data/v<<SALESFORCE_API_VERSION>>/sobjects/Application_Member__c/a0n0P00000D1ePYQAZ"},"First_Name__c":"Landon","Last_Name__c":"Julianna","Email__c":null,"Phone__c":null,"Residence_Address__c":null,"Mailing_Address__c":null},"Application_Submitted_Date__c":"2018-12-05","Total_Household_Size__c":1.0,"Application_Submission_Type__c":"Electronic","General_Lottery__c":false,"General_Lottery_Rank__c":null,"Processing_Status__c":"Processing"},{"attributes":{"type":"Application__c","url":"/services/data/v<<SALESFORCE_API_VERSION>>/sobjects/Application__c/a0o0P00000IvkThQAJ"},"Id":"a0o0P00000IvkThQAJ","Name":"APP-00305231","Listing__r":{"attributes":{"type":"Listing__c","url":"/services/data/v<<SALESFORCE_API_VERSION>>/sobjects/Listing__c/a0W0P00000GbyuQUAR"},"Name":"Partners
        Test Listing (do not modify) - Yellow Acres","Lottery_Date__c":"2018-06-01T22:30:00.000+0000"},"Applicant__r":{"attributes":{"type":"Application_Member__c","url":"/services/data/v<<SALESFORCE_API_VERSION>>/sobjects/Application_Member__c/a0n0P00000D1ePXQAZ"},"First_Name__c":"Kyson","Last_Name__c":"Landon","Email__c":null,"Phone__c":null,"Residence_Address__c":null,"Mailing_Address__c":null},"Application_Submitted_Date__c":"2018-12-05","Total_Household_Size__c":1.0,"Application_Submission_Type__c":"Electronic","General_Lottery__c":false,"General_Lottery_Rank__c":null,"Processing_Status__c":null},{"attributes":{"type":"Application__c","url":"/services/data/v<<SALESFORCE_API_VERSION>>/sobjects/Application__c/a0o0P00000IvkTiQAJ"},"Id":"a0o0P00000IvkTiQAJ","Name":"APP-00305232","Listing__r":{"attributes":{"type":"Listing__c","url":"/services/data/v<<SALESFORCE_API_VERSION>>/sobjects/Listing__c/a0W0P00000GbyuQUAR"},"Name":"Partners
        Test Listing (do not modify) - Yellow Acres","Lottery_Date__c":"2018-06-01T22:30:00.000+0000"},"Applicant__r":{"attributes":{"type":"Application_Member__c","url":"/services/data/v<<SALESFORCE_API_VERSION>>/sobjects/Application_Member__c/a0n0P00000D1ePpQAJ"},"First_Name__c":"Raina","Last_Name__c":"Kyson","Email__c":null,"Phone__c":null,"Residence_Address__c":null,"Mailing_Address__c":null},"Application_Submitted_Date__c":"2018-12-05","Total_Household_Size__c":1.0,"Application_Submission_Type__c":"Electronic","General_Lottery__c":false,"General_Lottery_Rank__c":null,"Processing_Status__c":null},{"attributes":{"type":"Application__c","url":"/services/data/v<<SALESFORCE_API_VERSION>>/sobjects/Application__c/a0o0P00000IvkTjQAJ"},"Id":"a0o0P00000IvkTjQAJ","Name":"APP-00305233","Listing__r":{"attributes":{"type":"Listing__c","url":"/services/data/v<<SALESFORCE_API_VERSION>>/sobjects/Listing__c/a0W0P00000GbyuQUAR"},"Name":"Partners
        Test Listing (do not modify) - Yellow Acres","Lottery_Date__c":"2018-06-01T22:30:00.000+0000"},"Applicant__r":{"attributes":{"type":"Application_Member__c","url":"/services/data/v<<SALESFORCE_API_VERSION>>/sobjects/Application_Member__c/a0n0P00000D1eP9QAJ"},"First_Name__c":"Dominic","Last_Name__c":"Raina","Email__c":null,"Phone__c":null,"Residence_Address__c":null,"Mailing_Address__c":null},"Application_Submitted_Date__c":"2018-12-05","Total_Household_Size__c":1.0,"Application_Submission_Type__c":"Electronic","General_Lottery__c":false,"General_Lottery_Rank__c":null,"Processing_Status__c":null},{"attributes":{"type":"Application__c","url":"/services/data/v<<SALESFORCE_API_VERSION>>/sobjects/Application__c/a0o0P00000IvkTkQAJ"},"Id":"a0o0P00000IvkTkQAJ","Name":"APP-00305234","Listing__r":{"attributes":{"type":"Listing__c","url":"/services/data/v<<SALESFORCE_API_VERSION>>/sobjects/Listing__c/a0W0P00000GbyuQUAR"},"Name":"Partners
        Test Listing (do not modify) - Yellow Acres","Lottery_Date__c":"2018-06-01T22:30:00.000+0000"},"Applicant__r":{"attributes":{"type":"Application_Member__c","url":"/services/data/v<<SALESFORCE_API_VERSION>>/sobjects/Application_Member__c/a0n0P00000D1ePsQAJ"},"First_Name__c":"Ryder","Last_Name__c":"Dominic","Email__c":null,"Phone__c":null,"Residence_Address__c":null,"Mailing_Address__c":null},"Application_Submitted_Date__c":"2018-12-05","Total_Household_Size__c":1.0,"Application_Submission_Type__c":"Electronic","General_Lottery__c":false,"General_Lottery_Rank__c":null,"Processing_Status__c":null},{"attributes":{"type":"Application__c","url":"/services/data/v<<SALESFORCE_API_VERSION>>/sobjects/Application__c/a0o0P00000IvkTlQAJ"},"Id":"a0o0P00000IvkTlQAJ","Name":"APP-00305235","Listing__r":{"attributes":{"type":"Listing__c","url":"/services/data/v<<SALESFORCE_API_VERSION>>/sobjects/Listing__c/a0W0P00000GbyuQUAR"},"Name":"Partners
        Test Listing (do not modify) - Yellow Acres","Lottery_Date__c":"2018-06-01T22:30:00.000+0000"},"Applicant__r":{"attributes":{"type":"Application_Member__c","url":"/services/data/v<<SALESFORCE_API_VERSION>>/sobjects/Application_Member__c/a0n0P00000D1ePZQAZ"},"First_Name__c":"Lesly","Last_Name__c":"Ryder","Email__c":null,"Phone__c":null,"Residence_Address__c":null,"Mailing_Address__c":null},"Application_Submitted_Date__c":"2019-03-26","Total_Household_Size__c":1.0,"Application_Submission_Type__c":"Electronic","General_Lottery__c":false,"General_Lottery_Rank__c":null,"Processing_Status__c":"Waitlisted"},{"attributes":{"type":"Application__c","url":"/services/data/v<<SALESFORCE_API_VERSION>>/sobjects/Application__c/a0o0P00000IvkTmQAJ"},"Id":"a0o0P00000IvkTmQAJ","Name":"APP-00305236","Listing__r":{"attributes":{"type":"Listing__c","url":"/services/data/v<<SALESFORCE_API_VERSION>>/sobjects/Listing__c/a0W0P00000GbyuQUAR"},"Name":"Partners
        Test Listing (do not modify) - Yellow Acres","Lottery_Date__c":"2018-06-01T22:30:00.000+0000"},"Applicant__r":{"attributes":{"type":"Application_Member__c","url":"/services/data/v<<SALESFORCE_API_VERSION>>/sobjects/Application_Member__c/a0n0P00000D1eP7QAJ"},"First_Name__c":"Dakota","Last_Name__c":"Lesly","Email__c":null,"Phone__c":null,"Residence_Address__c":null,"Mailing_Address__c":null},"Application_Submitted_Date__c":"2018-12-05","Total_Household_Size__c":1.0,"Application_Submission_Type__c":"Electronic","General_Lottery__c":false,"General_Lottery_Rank__c":null,"Processing_Status__c":null},{"attributes":{"type":"Application__c","url":"/services/data/v<<SALESFORCE_API_VERSION>>/sobjects/Application__c/a0o0P00000IvkTnQAJ"},"Id":"a0o0P00000IvkTnQAJ","Name":"APP-00305237","Listing__r":{"attributes":{"type":"Listing__c","url":"/services/data/v<<SALESFORCE_API_VERSION>>/sobjects/Listing__c/a0W0P00000GbyuQUAR"},"Name":"Partners
        Test Listing (do not modify) - Yellow Acres","Lottery_Date__c":"2018-06-01T22:30:00.000+0000"},"Applicant__r":{"attributes":{"type":"Application_Member__c","url":"/services/data/v<<SALESFORCE_API_VERSION>>/sobjects/Application_Member__c/a0n0P00000D1eP2QAJ"},"First_Name__c":"Branden","Last_Name__c":"Dakota","Email__c":null,"Phone__c":null,"Residence_Address__c":null,"Mailing_Address__c":null},"Application_Submitted_Date__c":"2018-12-05","Total_Household_Size__c":1.0,"Application_Submission_Type__c":"Electronic","General_Lottery__c":false,"General_Lottery_Rank__c":null,"Processing_Status__c":null},{"attributes":{"type":"Application__c","url":"/services/data/v<<SALESFORCE_API_VERSION>>/sobjects/Application__c/a0o0P00000IvkToQAJ"},"Id":"a0o0P00000IvkToQAJ","Name":"APP-00305238","Listing__r":{"attributes":{"type":"Listing__c","url":"/services/data/v<<SALESFORCE_API_VERSION>>/sobjects/Listing__c/a0W0P00000GbyuQUAR"},"Name":"Partners
        Test Listing (do not modify) - Yellow Acres","Lottery_Date__c":"2018-06-01T22:30:00.000+0000"},"Applicant__r":{"attributes":{"type":"Application_Member__c","url":"/services/data/v<<SALESFORCE_API_VERSION>>/sobjects/Application_Member__c/a0n0P00000D1ePyQAJ"},"First_Name__c":"Tia","Last_Name__c":"Branden","Email__c":null,"Phone__c":null,"Residence_Address__c":null,"Mailing_Address__c":null},"Application_Submitted_Date__c":"2018-12-05","Total_Household_Size__c":1.0,"Application_Submission_Type__c":"Electronic","General_Lottery__c":false,"General_Lottery_Rank__c":null,"Processing_Status__c":null},{"attributes":{"type":"Application__c","url":"/services/data/v<<SALESFORCE_API_VERSION>>/sobjects/Application__c/a0o0P00000IvkTpQAJ"},"Id":"a0o0P00000IvkTpQAJ","Name":"APP-00305239","Listing__r":{"attributes":{"type":"Listing__c","url":"/services/data/v<<SALESFORCE_API_VERSION>>/sobjects/Listing__c/a0W0P00000GbyuQUAR"},"Name":"Partners
        Test Listing (do not modify) - Yellow Acres","Lottery_Date__c":"2018-06-01T22:30:00.000+0000"},"Applicant__r":{"attributes":{"type":"Application_Member__c","url":"/services/data/v<<SALESFORCE_API_VERSION>>/sobjects/Application_Member__c/a0n0P00000D1ePeQAJ"},"First_Name__c":"Matteo","Last_Name__c":"Tia","Email__c":null,"Phone__c":null,"Residence_Address__c":null,"Mailing_Address__c":null},"Application_Submitted_Date__c":"2018-12-05","Total_Household_Size__c":1.0,"Application_Submission_Type__c":"Electronic","General_Lottery__c":false,"General_Lottery_Rank__c":null,"Processing_Status__c":null},{"attributes":{"type":"Application__c","url":"/services/data/v<<SALESFORCE_API_VERSION>>/sobjects/Application__c/a0o0P00000IvkTqQAJ"},"Id":"a0o0P00000IvkTqQAJ","Name":"APP-00305240","Listing__r":{"attributes":{"type":"Listing__c","url":"/services/data/v<<SALESFORCE_API_VERSION>>/sobjects/Listing__c/a0W0P00000GbyuQUAR"},"Name":"Partners
        Test Listing (do not modify) - Yellow Acres","Lottery_Date__c":"2018-06-01T22:30:00.000+0000"},"Applicant__r":{"attributes":{"type":"Application_Member__c","url":"/services/data/v<<SALESFORCE_API_VERSION>>/sobjects/Application_Member__c/a0n0P00000D1ePzQAJ"},"First_Name__c":"Tristen","Last_Name__c":"Maleah","Email__c":null,"Phone__c":null,"Residence_Address__c":null,"Mailing_Address__c":null},"Application_Submitted_Date__c":"2018-12-05","Total_Household_Size__c":1.0,"Application_Submission_Type__c":"Electronic","General_Lottery__c":false,"General_Lottery_Rank__c":null,"Processing_Status__c":null},{"attributes":{"type":"Application__c","url":"/services/data/v<<SALESFORCE_API_VERSION>>/sobjects/Application__c/a0o0P00000IvkTrQAJ"},"Id":"a0o0P00000IvkTrQAJ","Name":"APP-00305241","Listing__r":{"attributes":{"type":"Listing__c","url":"/services/data/v<<SALESFORCE_API_VERSION>>/sobjects/Listing__c/a0W0P00000GbyuQUAR"},"Name":"Partners
        Test Listing (do not modify) - Yellow Acres","Lottery_Date__c":"2018-06-01T22:30:00.000+0000"},"Applicant__r":{"attributes":{"type":"Application_Member__c","url":"/services/data/v<<SALESFORCE_API_VERSION>>/sobjects/Application_Member__c/a0n0P00000D1eP8QAJ"},"First_Name__c":"Darren","Last_Name__c":"Matteo","Email__c":null,"Phone__c":null,"Residence_Address__c":null,"Mailing_Address__c":null},"Application_Submitted_Date__c":"2018-12-05","Total_Household_Size__c":1.0,"Application_Submission_Type__c":"Electronic","General_Lottery__c":false,"General_Lottery_Rank__c":null,"Processing_Status__c":null},{"attributes":{"type":"Application__c","url":"/services/data/v<<SALESFORCE_API_VERSION>>/sobjects/Application__c/a0o0P00000IvkTsQAJ"},"Id":"a0o0P00000IvkTsQAJ","Name":"APP-00305242","Listing__r":{"attributes":{"type":"Listing__c","url":"/services/data/v<<SALESFORCE_API_VERSION>>/sobjects/Listing__c/a0W0P00000GbyuQUAR"},"Name":"Partners
        Test Listing (do not modify) - Yellow Acres","Lottery_Date__c":"2018-06-01T22:30:00.000+0000"},"Applicant__r":{"attributes":{"type":"Application_Member__c","url":"/services/data/v<<SALESFORCE_API_VERSION>>/sobjects/Application_Member__c/a0n0P00000D1eOsQAJ"},"First_Name__c":"Alejandra","Last_Name__c":"Darren","Email__c":null,"Phone__c":null,"Residence_Address__c":null,"Mailing_Address__c":null},"Application_Submitted_Date__c":"2018-12-05","Total_Household_Size__c":1.0,"Application_Submission_Type__c":"Electronic","General_Lottery__c":false,"General_Lottery_Rank__c":null,"Processing_Status__c":null},{"attributes":{"type":"Application__c","url":"/services/data/v<<SALESFORCE_API_VERSION>>/sobjects/Application__c/a0o0P00000IvkTtQAJ"},"Id":"a0o0P00000IvkTtQAJ","Name":"APP-00305243","Listing__r":{"attributes":{"type":"Listing__c","url":"/services/data/v<<SALESFORCE_API_VERSION>>/sobjects/Listing__c/a0W0P00000GbyuQUAR"},"Name":"Partners
        Test Listing (do not modify) - Yellow Acres","Lottery_Date__c":"2018-06-01T22:30:00.000+0000"},"Applicant__r":{"attributes":{"type":"Application_Member__c","url":"/services/data/v<<SALESFORCE_API_VERSION>>/sobjects/Application_Member__c/a0n0P00000D1eOxQAJ"},"First_Name__c":"Areli","Last_Name__c":"Alejandra","Email__c":null,"Phone__c":null,"Residence_Address__c":null,"Mailing_Address__c":null},"Application_Submitted_Date__c":"2018-12-05","Total_Household_Size__c":1.0,"Application_Submission_Type__c":"Electronic","General_Lottery__c":false,"General_Lottery_Rank__c":null,"Processing_Status__c":null},{"attributes":{"type":"Application__c","url":"/services/data/v<<SALESFORCE_API_VERSION>>/sobjects/Application__c/a0o0P00000IvkTuQAJ"},"Id":"a0o0P00000IvkTuQAJ","Name":"APP-00305244","Listing__r":{"attributes":{"type":"Listing__c","url":"/services/data/v<<SALESFORCE_API_VERSION>>/sobjects/Listing__c/a0W0P00000GbyuQUAR"},"Name":"Partners
        Test Listing (do not modify) - Yellow Acres","Lottery_Date__c":"2018-06-01T22:30:00.000+0000"},"Applicant__r":{"attributes":{"type":"Application_Member__c","url":"/services/data/v<<SALESFORCE_API_VERSION>>/sobjects/Application_Member__c/a0n0P00000D1ePCQAZ"},"First_Name__c":"Emmanuel","Last_Name__c":"Areli","Email__c":null,"Phone__c":null,"Residence_Address__c":null,"Mailing_Address__c":null},"Application_Submitted_Date__c":"2018-12-05","Total_Household_Size__c":1.0,"Application_Submission_Type__c":"Electronic","General_Lottery__c":false,"General_Lottery_Rank__c":null,"Processing_Status__c":null},{"attributes":{"type":"Application__c","url":"/services/data/v<<SALESFORCE_API_VERSION>>/sobjects/Application__c/a0o0P00000IvkTvQAJ"},"Id":"a0o0P00000IvkTvQAJ","Name":"APP-00305245","Listing__r":{"attributes":{"type":"Listing__c","url":"/services/data/v<<SALESFORCE_API_VERSION>>/sobjects/Listing__c/a0W0P00000GbyuQUAR"},"Name":"Partners
        Test Listing (do not modify) - Yellow Acres","Lottery_Date__c":"2018-06-01T22:30:00.000+0000"},"Applicant__r":{"attributes":{"type":"Application_Member__c","url":"/services/data/v<<SALESFORCE_API_VERSION>>/sobjects/Application_Member__c/a0n0P00000D1eP6QAJ"},"First_Name__c":"Carson","Last_Name__c":"Emmanuel","Email__c":null,"Phone__c":null,"Residence_Address__c":null,"Mailing_Address__c":null},"Application_Submitted_Date__c":"2018-12-05","Total_Household_Size__c":1.0,"Application_Submission_Type__c":"Electronic","General_Lottery__c":false,"General_Lottery_Rank__c":null,"Processing_Status__c":null},{"attributes":{"type":"Application__c","url":"/services/data/v<<SALESFORCE_API_VERSION>>/sobjects/Application__c/a0o0P00000IvkTwQAJ"},"Id":"a0o0P00000IvkTwQAJ","Name":"APP-00305246","Listing__r":{"attributes":{"type":"Listing__c","url":"/services/data/v<<SALESFORCE_API_VERSION>>/sobjects/Listing__c/a0W0P00000GbyuQUAR"},"Name":"Partners
        Test Listing (do not modify) - Yellow Acres","Lottery_Date__c":"2018-06-01T22:30:00.000+0000"},"Applicant__r":{"attributes":{"type":"Application_Member__c","url":"/services/data/v<<SALESFORCE_API_VERSION>>/sobjects/Application_Member__c/a0n0P00000D1ePIQAZ"},"First_Name__c":"Harmony","Last_Name__c":"Carson","Email__c":null,"Phone__c":null,"Residence_Address__c":null,"Mailing_Address__c":null},"Application_Submitted_Date__c":"2018-12-05","Total_Household_Size__c":1.0,"Application_Submission_Type__c":"Electronic","General_Lottery__c":false,"General_Lottery_Rank__c":null,"Processing_Status__c":null},{"attributes":{"type":"Application__c","url":"/services/data/v<<SALESFORCE_API_VERSION>>/sobjects/Application__c/a0o0P00000IvkTxQAJ"},"Id":"a0o0P00000IvkTxQAJ","Name":"APP-00305247","Listing__r":{"attributes":{"type":"Listing__c","url":"/services/data/v<<SALESFORCE_API_VERSION>>/sobjects/Listing__c/a0W0P00000GbyuQUAR"},"Name":"Partners
        Test Listing (do not modify) - Yellow Acres","Lottery_Date__c":"2018-06-01T22:30:00.000+0000"},"Applicant__r":{"attributes":{"type":"Application_Member__c","url":"/services/data/v<<SALESFORCE_API_VERSION>>/sobjects/Application_Member__c/a0n0P00000D1ePuQAJ"},"First_Name__c":"Sienna","Last_Name__c":"Harmony","Email__c":null,"Phone__c":null,"Residence_Address__c":null,"Mailing_Address__c":null},"Application_Submitted_Date__c":"2018-12-05","Total_Household_Size__c":1.0,"Application_Submission_Type__c":"Electronic","General_Lottery__c":false,"General_Lottery_Rank__c":null,"Processing_Status__c":null},{"attributes":{"type":"Application__c","url":"/services/data/v<<SALESFORCE_API_VERSION>>/sobjects/Application__c/a0o0P00000IvkTyQAJ"},"Id":"a0o0P00000IvkTyQAJ","Name":"APP-00305248","Listing__r":{"attributes":{"type":"Listing__c","url":"/services/data/v<<SALESFORCE_API_VERSION>>/sobjects/Listing__c/a0W0P00000GbyuQUAR"},"Name":"Partners
        Test Listing (do not modify) - Yellow Acres","Lottery_Date__c":"2018-06-01T22:30:00.000+0000"},"Applicant__r":{"attributes":{"type":"Application_Member__c","url":"/services/data/v<<SALESFORCE_API_VERSION>>/sobjects/Application_Member__c/a0n0P00000D1ePrQAJ"},"First_Name__c":"Remington","Last_Name__c":"Sienna","Email__c":null,"Phone__c":null,"Residence_Address__c":null,"Mailing_Address__c":null},"Application_Submitted_Date__c":"2018-12-05","Total_Household_Size__c":1.0,"Application_Submission_Type__c":"Electronic","General_Lottery__c":false,"General_Lottery_Rank__c":null,"Processing_Status__c":null},{"attributes":{"type":"Application__c","url":"/services/data/v<<SALESFORCE_API_VERSION>>/sobjects/Application__c/a0o0P00000IvkTzQAJ"},"Id":"a0o0P00000IvkTzQAJ","Name":"APP-00305249","Listing__r":{"attributes":{"type":"Listing__c","url":"/services/data/v<<SALESFORCE_API_VERSION>>/sobjects/Listing__c/a0W0P00000GbyuQUAR"},"Name":"Partners
        Test Listing (do not modify) - Yellow Acres","Lottery_Date__c":"2018-06-01T22:30:00.000+0000"},"Applicant__r":{"attributes":{"type":"Application_Member__c","url":"/services/data/v<<SALESFORCE_API_VERSION>>/sobjects/Application_Member__c/a0n0P00000D1eOvQAJ"},"First_Name__c":"Angelica","Last_Name__c":"Remington","Email__c":null,"Phone__c":null,"Residence_Address__c":null,"Mailing_Address__c":null},"Application_Submitted_Date__c":"2018-12-05","Total_Household_Size__c":1.0,"Application_Submission_Type__c":"Electronic","General_Lottery__c":false,"General_Lottery_Rank__c":null,"Processing_Status__c":null},{"attributes":{"type":"Application__c","url":"/services/data/v<<SALESFORCE_API_VERSION>>/sobjects/Application__c/a0o0P00000IvkU0QAJ"},"Id":"a0o0P00000IvkU0QAJ","Name":"APP-00305250","Listing__r":{"attributes":{"type":"Listing__c","url":"/services/data/v<<SALESFORCE_API_VERSION>>/sobjects/Listing__c/a0W0P00000GbyuQUAR"},"Name":"Partners
        Test Listing (do not modify) - Yellow Acres","Lottery_Date__c":"2018-06-01T22:30:00.000+0000"},"Applicant__r":{"attributes":{"type":"Application_Member__c","url":"/services/data/v<<SALESFORCE_API_VERSION>>/sobjects/Application_Member__c/a0n0P00000D1eOtQAJ"},"First_Name__c":"Amira","Last_Name__c":"Angelica","Email__c":null,"Phone__c":null,"Residence_Address__c":null,"Mailing_Address__c":null},"Application_Submitted_Date__c":"2018-12-05","Total_Household_Size__c":1.0,"Application_Submission_Type__c":"Electronic","General_Lottery__c":false,"General_Lottery_Rank__c":null,"Processing_Status__c":null},{"attributes":{"type":"Application__c","url":"/services/data/v<<SALESFORCE_API_VERSION>>/sobjects/Application__c/a0o0P00000IvkU1QAJ"},"Id":"a0o0P00000IvkU1QAJ","Name":"APP-00305251","Listing__r":{"attributes":{"type":"Listing__c","url":"/services/data/v<<SALESFORCE_API_VERSION>>/sobjects/Listing__c/a0W0P00000GbyuQUAR"},"Name":"Partners
        Test Listing (do not modify) - Yellow Acres","Lottery_Date__c":"2018-06-01T22:30:00.000+0000"},"Applicant__r":{"attributes":{"type":"Application_Member__c","url":"/services/data/v<<SALESFORCE_API_VERSION>>/sobjects/Application_Member__c/a0n0P00000D1ePfQAJ"},"First_Name__c":"Memphis","Last_Name__c":"Tristen","Email__c":null,"Phone__c":null,"Residence_Address__c":null,"Mailing_Address__c":null},"Application_Submitted_Date__c":"2018-12-05","Total_Household_Size__c":1.0,"Application_Submission_Type__c":"Electronic","General_Lottery__c":false,"General_Lottery_Rank__c":null,"Processing_Status__c":null},{"attributes":{"type":"Application__c","url":"/services/data/v<<SALESFORCE_API_VERSION>>/sobjects/Application__c/a0o0P00000IvkU2QAJ"},"Id":"a0o0P00000IvkU2QAJ","Name":"APP-00305252","Listing__r":{"attributes":{"type":"Listing__c","url":"/services/data/v<<SALESFORCE_API_VERSION>>/sobjects/Listing__c/a0W0P00000GbyuQUAR"},"Name":"Partners
        Test Listing (do not modify) - Yellow Acres","Lottery_Date__c":"2018-06-01T22:30:00.000+0000"},"Applicant__r":{"attributes":{"type":"Application_Member__c","url":"/services/data/v<<SALESFORCE_API_VERSION>>/sobjects/Application_Member__c/a0n0P00000D1eOwQAJ"},"First_Name__c":"Annabella","Last_Name__c":"Amira","Email__c":null,"Phone__c":null,"Residence_Address__c":null,"Mailing_Address__c":null},"Application_Submitted_Date__c":"2018-12-05","Total_Household_Size__c":1.0,"Application_Submission_Type__c":"Electronic","General_Lottery__c":false,"General_Lottery_Rank__c":null,"Processing_Status__c":null},{"attributes":{"type":"Application__c","url":"/services/data/v<<SALESFORCE_API_VERSION>>/sobjects/Application__c/a0o0P00000IvkU3QAJ"},"Id":"a0o0P00000IvkU3QAJ","Name":"APP-00305253","Listing__r":{"attributes":{"type":"Listing__c","url":"/services/data/v<<SALESFORCE_API_VERSION>>/sobjects/Listing__c/a0W0P00000GbyuQUAR"},"Name":"Partners
        Test Listing (do not modify) - Yellow Acres","Lottery_Date__c":"2018-06-01T22:30:00.000+0000"},"Applicant__r":{"attributes":{"type":"Application_Member__c","url":"/services/data/v<<SALESFORCE_API_VERSION>>/sobjects/Application_Member__c/a0n0P00000D1eQ0QAJ"},"First_Name__c":"Valentin","Last_Name__c":"Annabella","Email__c":null,"Phone__c":null,"Residence_Address__c":null,"Mailing_Address__c":null},"Application_Submitted_Date__c":"2018-12-05","Total_Household_Size__c":1.0,"Application_Submission_Type__c":"Electronic","General_Lottery__c":false,"General_Lottery_Rank__c":null,"Processing_Status__c":null},{"attributes":{"type":"Application__c","url":"/services/data/v<<SALESFORCE_API_VERSION>>/sobjects/Application__c/a0o0P00000IvkU4QAJ"},"Id":"a0o0P00000IvkU4QAJ","Name":"APP-00305254","Listing__r":{"attributes":{"type":"Listing__c","url":"/services/data/v<<SALESFORCE_API_VERSION>>/sobjects/Listing__c/a0W0P00000GbyuQUAR"},"Name":"Partners
        Test Listing (do not modify) - Yellow Acres","Lottery_Date__c":"2018-06-01T22:30:00.000+0000"},"Applicant__r":{"attributes":{"type":"Application_Member__c","url":"/services/data/v<<SALESFORCE_API_VERSION>>/sobjects/Application_Member__c/a0n0P00000D1ePUQAZ"},"First_Name__c":"Kendall","Last_Name__c":"Valentin","Email__c":null,"Phone__c":null,"Residence_Address__c":null,"Mailing_Address__c":null},"Application_Submitted_Date__c":"2018-12-05","Total_Household_Size__c":1.0,"Application_Submission_Type__c":"Electronic","General_Lottery__c":false,"General_Lottery_Rank__c":null,"Processing_Status__c":null},{"attributes":{"type":"Application__c","url":"/services/data/v<<SALESFORCE_API_VERSION>>/sobjects/Application__c/a0o0P00000IvkU5QAJ"},"Id":"a0o0P00000IvkU5QAJ","Name":"APP-00305255","Listing__r":{"attributes":{"type":"Listing__c","url":"/services/data/v<<SALESFORCE_API_VERSION>>/sobjects/Listing__c/a0W0P00000GbyuQUAR"},"Name":"Partners
        Test Listing (do not modify) - Yellow Acres","Lottery_Date__c":"2018-06-01T22:30:00.000+0000"},"Applicant__r":{"attributes":{"type":"Application_Member__c","url":"/services/data/v<<SALESFORCE_API_VERSION>>/sobjects/Application_Member__c/a0n0P00000D1eQ1QAJ"},"First_Name__c":"Van","Last_Name__c":"Kendall","Email__c":null,"Phone__c":null,"Residence_Address__c":null,"Mailing_Address__c":null},"Application_Submitted_Date__c":"2018-12-05","Total_Household_Size__c":1.0,"Application_Submission_Type__c":"Electronic","General_Lottery__c":false,"General_Lottery_Rank__c":null,"Processing_Status__c":null},{"attributes":{"type":"Application__c","url":"/services/data/v<<SALESFORCE_API_VERSION>>/sobjects/Application__c/a0o0P00000IvkU6QAJ"},"Id":"a0o0P00000IvkU6QAJ","Name":"APP-00305256","Listing__r":{"attributes":{"type":"Listing__c","url":"/services/data/v<<SALESFORCE_API_VERSION>>/sobjects/Listing__c/a0W0P00000GbyuQUAR"},"Name":"Partners
        Test Listing (do not modify) - Yellow Acres","Lottery_Date__c":"2018-06-01T22:30:00.000+0000"},"Applicant__r":{"attributes":{"type":"Application_Member__c","url":"/services/data/v<<SALESFORCE_API_VERSION>>/sobjects/Application_Member__c/a0n0P00000D1ePgQAJ"},"First_Name__c":"Mercedes","Last_Name__c":"Van","Email__c":null,"Phone__c":null,"Residence_Address__c":null,"Mailing_Address__c":null},"Application_Submitted_Date__c":"2018-12-05","Total_Household_Size__c":1.0,"Application_Submission_Type__c":"Electronic","General_Lottery__c":false,"General_Lottery_Rank__c":null,"Processing_Status__c":null},{"attributes":{"type":"Application__c","url":"/services/data/v<<SALESFORCE_API_VERSION>>/sobjects/Application__c/a0o0P00000IvkU7QAJ"},"Id":"a0o0P00000IvkU7QAJ","Name":"APP-00305257","Listing__r":{"attributes":{"type":"Listing__c","url":"/services/data/v<<SALESFORCE_API_VERSION>>/sobjects/Listing__c/a0W0P00000GbyuQUAR"},"Name":"Partners
        Test Listing (do not modify) - Yellow Acres","Lottery_Date__c":"2018-06-01T22:30:00.000+0000"},"Applicant__r":{"attributes":{"type":"Application_Member__c","url":"/services/data/v<<SALESFORCE_API_VERSION>>/sobjects/Application_Member__c/a0n0P00000D1ePFQAZ"},"First_Name__c":"Giovani","Last_Name__c":"Mercedes","Email__c":null,"Phone__c":null,"Residence_Address__c":null,"Mailing_Address__c":null},"Application_Submitted_Date__c":"2019-03-26","Total_Household_Size__c":1.0,"Application_Submission_Type__c":"Electronic","General_Lottery__c":false,"General_Lottery_Rank__c":null,"Processing_Status__c":"Processing"},{"attributes":{"type":"Application__c","url":"/services/data/v<<SALESFORCE_API_VERSION>>/sobjects/Application__c/a0o0P00000IvkU8QAJ"},"Id":"a0o0P00000IvkU8QAJ","Name":"APP-00305258","Listing__r":{"attributes":{"type":"Listing__c","url":"/services/data/v<<SALESFORCE_API_VERSION>>/sobjects/Listing__c/a0W0P00000GbyuQUAR"},"Name":"Partners
        Test Listing (do not modify) - Yellow Acres","Lottery_Date__c":"2018-06-01T22:30:00.000+0000"},"Applicant__r":{"attributes":{"type":"Application_Member__c","url":"/services/data/v<<SALESFORCE_API_VERSION>>/sobjects/Application_Member__c/a0n0P00000D1ePWQAZ"},"First_Name__c":"Kylie","Last_Name__c":"Giovani","Email__c":null,"Phone__c":null,"Residence_Address__c":null,"Mailing_Address__c":null},"Application_Submitted_Date__c":"2018-12-05","Total_Household_Size__c":1.0,"Application_Submission_Type__c":"Electronic","General_Lottery__c":false,"General_Lottery_Rank__c":null,"Processing_Status__c":null},{"attributes":{"type":"Application__c","url":"/services/data/v<<SALESFORCE_API_VERSION>>/sobjects/Application__c/a0o0P00000IvkU9QAJ"},"Id":"a0o0P00000IvkU9QAJ","Name":"APP-00305259","Listing__r":{"attributes":{"type":"Listing__c","url":"/services/data/v<<SALESFORCE_API_VERSION>>/sobjects/Listing__c/a0W0P00000GbyuQUAR"},"Name":"Partners
        Test Listing (do not modify) - Yellow Acres","Lottery_Date__c":"2018-06-01T22:30:00.000+0000"},"Applicant__r":{"attributes":{"type":"Application_Member__c","url":"/services/data/v<<SALESFORCE_API_VERSION>>/sobjects/Application_Member__c/a0n0P00000D1eOyQAJ"},"First_Name__c":"Arturo","Last_Name__c":"Kylie","Email__c":null,"Phone__c":null,"Residence_Address__c":null,"Mailing_Address__c":null},"Application_Submitted_Date__c":"2018-12-05","Total_Household_Size__c":1.0,"Application_Submission_Type__c":"Electronic","General_Lottery__c":false,"General_Lottery_Rank__c":null,"Processing_Status__c":null},{"attributes":{"type":"Application__c","url":"/services/data/v<<SALESFORCE_API_VERSION>>/sobjects/Application__c/a0o0P00000IvkUAQAZ"},"Id":"a0o0P00000IvkUAQAZ","Name":"APP-00305260","Listing__r":{"attributes":{"type":"Listing__c","url":"/services/data/v<<SALESFORCE_API_VERSION>>/sobjects/Listing__c/a0W0P00000GbyuQUAR"},"Name":"Partners
        Test Listing (do not modify) - Yellow Acres","Lottery_Date__c":"2018-06-01T22:30:00.000+0000"},"Applicant__r":{"attributes":{"type":"Application_Member__c","url":"/services/data/v<<SALESFORCE_API_VERSION>>/sobjects/Application_Member__c/a0n0P00000D1ePtQAJ"},"First_Name__c":"Shannon","Last_Name__c":"Arturo","Email__c":null,"Phone__c":null,"Residence_Address__c":null,"Mailing_Address__c":null},"Application_Submitted_Date__c":"2018-12-05","Total_Household_Size__c":1.0,"Application_Submission_Type__c":"Electronic","General_Lottery__c":false,"General_Lottery_Rank__c":null,"Processing_Status__c":null},{"attributes":{"type":"Application__c","url":"/services/data/v<<SALESFORCE_API_VERSION>>/sobjects/Application__c/a0o0P00000IvkUBQAZ"},"Id":"a0o0P00000IvkUBQAZ","Name":"APP-00305261","Listing__r":{"attributes":{"type":"Listing__c","url":"/services/data/v<<SALESFORCE_API_VERSION>>/sobjects/Listing__c/a0W0P00000GbyuQUAR"},"Name":"Partners
        Test Listing (do not modify) - Yellow Acres","Lottery_Date__c":"2018-06-01T22:30:00.000+0000"},"Applicant__r":{"attributes":{"type":"Application_Member__c","url":"/services/data/v<<SALESFORCE_API_VERSION>>/sobjects/Application_Member__c/a0n0P00000D1eOpQAJ"},"First_Name__c":"Addyson","Last_Name__c":"Shannon","Email__c":null,"Phone__c":null,"Residence_Address__c":null,"Mailing_Address__c":null},"Application_Submitted_Date__c":"2018-12-05","Total_Household_Size__c":1.0,"Application_Submission_Type__c":"Electronic","General_Lottery__c":false,"General_Lottery_Rank__c":null,"Processing_Status__c":null},{"attributes":{"type":"Application__c","url":"/services/data/v<<SALESFORCE_API_VERSION>>/sobjects/Application__c/a0o0P00000IvkUCQAZ"},"Id":"a0o0P00000IvkUCQAZ","Name":"APP-00305262","Listing__r":{"attributes":{"type":"Listing__c","url":"/services/data/v<<SALESFORCE_API_VERSION>>/sobjects/Listing__c/a0W0P00000GbyuQUAR"},"Name":"Partners
        Test Listing (do not modify) - Yellow Acres","Lottery_Date__c":"2018-06-01T22:30:00.000+0000"},"Applicant__r":{"attributes":{"type":"Application_Member__c","url":"/services/data/v<<SALESFORCE_API_VERSION>>/sobjects/Application_Member__c/a0n0P00000D1ePDQAZ"},"First_Name__c":"Evangeline","Last_Name__c":"Memphis","Email__c":null,"Phone__c":null,"Residence_Address__c":null,"Mailing_Address__c":null},"Application_Submitted_Date__c":"2019-03-26","Total_Household_Size__c":1.0,"Application_Submission_Type__c":"Electronic","General_Lottery__c":false,"General_Lottery_Rank__c":null,"Processing_Status__c":null},{"attributes":{"type":"Application__c","url":"/services/data/v<<SALESFORCE_API_VERSION>>/sobjects/Application__c/a0o0P00000IvkUDQAZ"},"Id":"a0o0P00000IvkUDQAZ","Name":"APP-00305263","Listing__r":{"attributes":{"type":"Listing__c","url":"/services/data/v<<SALESFORCE_API_VERSION>>/sobjects/Listing__c/a0W0P00000GbyuQUAR"},"Name":"Partners
        Test Listing (do not modify) - Yellow Acres","Lottery_Date__c":"2018-06-01T22:30:00.000+0000"},"Applicant__r":{"attributes":{"type":"Application_Member__c","url":"/services/data/v<<SALESFORCE_API_VERSION>>/sobjects/Application_Member__c/a0n0P00000D1ePnQAJ"},"First_Name__c":"Parker","Last_Name__c":"Addyson","Email__c":null,"Phone__c":null,"Residence_Address__c":null,"Mailing_Address__c":null},"Application_Submitted_Date__c":"2018-12-05","Total_Household_Size__c":1.0,"Application_Submission_Type__c":"Electronic","General_Lottery__c":false,"General_Lottery_Rank__c":null,"Processing_Status__c":null},{"attributes":{"type":"Application__c","url":"/services/data/v<<SALESFORCE_API_VERSION>>/sobjects/Application__c/a0o0P00000IvkUEQAZ"},"Id":"a0o0P00000IvkUEQAZ","Name":"APP-00305264","Listing__r":{"attributes":{"type":"Listing__c","url":"/services/data/v<<SALESFORCE_API_VERSION>>/sobjects/Listing__c/a0W0P00000GbyuQUAR"},"Name":"Partners
        Test Listing (do not modify) - Yellow Acres","Lottery_Date__c":"2018-06-01T22:30:00.000+0000"},"Applicant__r":{"attributes":{"type":"Application_Member__c","url":"/services/data/v<<SALESFORCE_API_VERSION>>/sobjects/Application_Member__c/a0n0P00000D1ePEQAZ"},"First_Name__c":"Gael","Last_Name__c":"Parker","Email__c":null,"Phone__c":null,"Residence_Address__c":null,"Mailing_Address__c":null},"Application_Submitted_Date__c":"2018-12-05","Total_Household_Size__c":1.0,"Application_Submission_Type__c":"Electronic","General_Lottery__c":false,"General_Lottery_Rank__c":null,"Processing_Status__c":null},{"attributes":{"type":"Application__c","url":"/services/data/v<<SALESFORCE_API_VERSION>>/sobjects/Application__c/a0o0P00000IvkUFQAZ"},"Id":"a0o0P00000IvkUFQAZ","Name":"APP-00305265","Listing__r":{"attributes":{"type":"Listing__c","url":"/services/data/v<<SALESFORCE_API_VERSION>>/sobjects/Listing__c/a0W0P00000GbyuQUAR"},"Name":"Partners
        Test Listing (do not modify) - Yellow Acres","Lottery_Date__c":"2018-06-01T22:30:00.000+0000"},"Applicant__r":{"attributes":{"type":"Application_Member__c","url":"/services/data/v<<SALESFORCE_API_VERSION>>/sobjects/Application_Member__c/a0n0P00000D1eOuQAJ"},"First_Name__c":"Angela","Last_Name__c":"Gael","Email__c":null,"Phone__c":null,"Residence_Address__c":null,"Mailing_Address__c":null},"Application_Submitted_Date__c":"2018-12-05","Total_Household_Size__c":1.0,"Application_Submission_Type__c":"Electronic","General_Lottery__c":false,"General_Lottery_Rank__c":null,"Processing_Status__c":null},{"attributes":{"type":"Application__c","url":"/services/data/v<<SALESFORCE_API_VERSION>>/sobjects/Application__c/a0o0P00000IvkUGQAZ"},"Id":"a0o0P00000IvkUGQAZ","Name":"APP-00305266","Listing__r":{"attributes":{"type":"Listing__c","url":"/services/data/v<<SALESFORCE_API_VERSION>>/sobjects/Listing__c/a0W0P00000GbyuQUAR"},"Name":"Partners
        Test Listing (do not modify) - Yellow Acres","Lottery_Date__c":"2018-06-01T22:30:00.000+0000"},"Applicant__r":{"attributes":{"type":"Application_Member__c","url":"/services/data/v<<SALESFORCE_API_VERSION>>/sobjects/Application_Member__c/a0n0P00000D1eP5QAJ"},"First_Name__c":"Carlos","Last_Name__c":"Angela","Email__c":null,"Phone__c":null,"Residence_Address__c":null,"Mailing_Address__c":null},"Application_Submitted_Date__c":"2018-12-05","Total_Household_Size__c":1.0,"Application_Submission_Type__c":"Electronic","General_Lottery__c":false,"General_Lottery_Rank__c":null,"Processing_Status__c":null},{"attributes":{"type":"Application__c","url":"/services/data/v<<SALESFORCE_API_VERSION>>/sobjects/Application__c/a0o0P00000IvkUHQAZ"},"Id":"a0o0P00000IvkUHQAZ","Name":"APP-00305267","Listing__r":{"attributes":{"type":"Listing__c","url":"/services/data/v<<SALESFORCE_API_VERSION>>/sobjects/Listing__c/a0W0P00000GbyuQUAR"},"Name":"Partners
        Test Listing (do not modify) - Yellow Acres","Lottery_Date__c":"2018-06-01T22:30:00.000+0000"},"Applicant__r":{"attributes":{"type":"Application_Member__c","url":"/services/data/v<<SALESFORCE_API_VERSION>>/sobjects/Application_Member__c/a0n0P00000D1ePVQAZ"},"First_Name__c":"Kyler","Last_Name__c":"Carlos","Email__c":null,"Phone__c":null,"Residence_Address__c":null,"Mailing_Address__c":null},"Application_Submitted_Date__c":"2018-12-05","Total_Household_Size__c":1.0,"Application_Submission_Type__c":"Electronic","General_Lottery__c":false,"General_Lottery_Rank__c":null,"Processing_Status__c":null},{"attributes":{"type":"Application__c","url":"/services/data/v<<SALESFORCE_API_VERSION>>/sobjects/Application__c/a0o0P00000IvkUIQAZ"},"Id":"a0o0P00000IvkUIQAZ","Name":"APP-00305268","Listing__r":{"attributes":{"type":"Listing__c","url":"/services/data/v<<SALESFORCE_API_VERSION>>/sobjects/Listing__c/a0W0P00000GbyuQUAR"},"Name":"Partners
        Test Listing (do not modify) - Yellow Acres","Lottery_Date__c":"2018-06-01T22:30:00.000+0000"},"Applicant__r":{"attributes":{"type":"Application_Member__c","url":"/services/data/v<<SALESFORCE_API_VERSION>>/sobjects/Application_Member__c/a0n0P00000D1ePjQAJ"},"First_Name__c":"Mylee","Last_Name__c":"Kyler","Email__c":null,"Phone__c":null,"Residence_Address__c":null,"Mailing_Address__c":null},"Application_Submitted_Date__c":"2018-12-05","Total_Household_Size__c":1.0,"Application_Submission_Type__c":"Electronic","General_Lottery__c":false,"General_Lottery_Rank__c":null,"Processing_Status__c":null},{"attributes":{"type":"Application__c","url":"/services/data/v<<SALESFORCE_API_VERSION>>/sobjects/Application__c/a0o0P00000IvkUJQAZ"},"Id":"a0o0P00000IvkUJQAZ","Name":"APP-00305269","Listing__r":{"attributes":{"type":"Listing__c","url":"/services/data/v<<SALESFORCE_API_VERSION>>/sobjects/Listing__c/a0W0P00000GbyuQUAR"},"Name":"Partners
        Test Listing (do not modify) - Yellow Acres","Lottery_Date__c":"2018-06-01T22:30:00.000+0000"},"Applicant__r":{"attributes":{"type":"Application_Member__c","url":"/services/data/v<<SALESFORCE_API_VERSION>>/sobjects/Application_Member__c/a0n0P00000D1ePmQAJ"},"First_Name__c":"Olivia","Last_Name__c":"Evangeline","Email__c":null,"Phone__c":null,"Residence_Address__c":null,"Mailing_Address__c":null},"Application_Submitted_Date__c":"2018-12-05","Total_Household_Size__c":1.0,"Application_Submission_Type__c":"Electronic","General_Lottery__c":false,"General_Lottery_Rank__c":null,"Processing_Status__c":null},{"attributes":{"type":"Application__c","url":"/services/data/v<<SALESFORCE_API_VERSION>>/sobjects/Application__c/a0o0P00000IvkUKQAZ"},"Id":"a0o0P00000IvkUKQAZ","Name":"APP-00305270","Listing__r":{"attributes":{"type":"Listing__c","url":"/services/data/v<<SALESFORCE_API_VERSION>>/sobjects/Listing__c/a0W0P00000GbyuQUAR"},"Name":"Partners
        Test Listing (do not modify) - Yellow Acres","Lottery_Date__c":"2018-06-01T22:30:00.000+0000"},"Applicant__r":{"attributes":{"type":"Application_Member__c","url":"/services/data/v<<SALESFORCE_API_VERSION>>/sobjects/Application_Member__c/a0n0P00000D1ePvQAJ"},"First_Name__c":"Sofia","Last_Name__c":"Olivia","Email__c":null,"Phone__c":null,"Residence_Address__c":null,"Mailing_Address__c":null},"Application_Submitted_Date__c":"2019-03-19","Total_Household_Size__c":1.0,"Application_Submission_Type__c":"Electronic","General_Lottery__c":false,"General_Lottery_Rank__c":null,"Processing_Status__c":"Withdrawn"},{"attributes":{"type":"Application__c","url":"/services/data/v<<SALESFORCE_API_VERSION>>/sobjects/Application__c/a0o0P00000IvwNUQAZ"},"Id":"a0o0P00000IvwNUQAZ","Name":"APP-00306509","Listing__r":{"attributes":{"type":"Listing__c","url":"/services/data/v<<SALESFORCE_API_VERSION>>/sobjects/Listing__c/a0W0P00000GbyuQUAR"},"Name":"Partners
        Test Listing (do not modify) - Yellow Acres","Lottery_Date__c":"2018-06-01T22:30:00.000+0000"},"Applicant__r":{"attributes":{"type":"Application_Member__c","url":"/services/data/v<<SALESFORCE_API_VERSION>>/sobjects/Application_Member__c/a0n0P00000D1jNNQAZ"},"First_Name__c":"Test","Last_Name__c":"Testerino","Email__c":null,"Phone__c":null,"Residence_Address__c":null,"Mailing_Address__c":null},"Application_Submitted_Date__c":"2018-12-11","Total_Household_Size__c":1.0,"Application_Submission_Type__c":"Paper","General_Lottery__c":true,"General_Lottery_Rank__c":null,"Processing_Status__c":null},{"attributes":{"type":"Application__c","url":"/services/data/v<<SALESFORCE_API_VERSION>>/sobjects/Application__c/a0o0P00000Iw6RXQAZ"},"Id":"a0o0P00000Iw6RXQAZ","Name":"APP-00308583","Listing__r":{"attributes":{"type":"Listing__c","url":"/services/data/v<<SALESFORCE_API_VERSION>>/sobjects/Listing__c/a0W0P00000GbyuQUAR"},"Name":"Partners
        Test Listing (do not modify) - Yellow Acres","Lottery_Date__c":"2018-06-01T22:30:00.000+0000"},"Applicant__r":{"attributes":{"type":"Application_Member__c","url":"/services/data/v<<SALESFORCE_API_VERSION>>/sobjects/Application_Member__c/a0n0P00000D1oxuQAB"},"First_Name__c":"987sj","Last_Name__c":"sjld9","Email__c":null,"Phone__c":null,"Residence_Address__c":null,"Mailing_Address__c":null},"Application_Submitted_Date__c":"2018-12-18","Total_Household_Size__c":1.0,"Application_Submission_Type__c":"Paper","General_Lottery__c":true,"General_Lottery_Rank__c":null,"Processing_Status__c":null},{"attributes":{"type":"Application__c","url":"/services/data/v<<SALESFORCE_API_VERSION>>/sobjects/Application__c/a0o0P00000Iw6RrQAJ"},"Id":"a0o0P00000Iw6RrQAJ","Name":"APP-00308587","Listing__r":{"attributes":{"type":"Listing__c","url":"/services/data/v<<SALESFORCE_API_VERSION>>/sobjects/Listing__c/a0W0P00000GbyuQUAR"},"Name":"Partners
        Test Listing (do not modify) - Yellow Acres","Lottery_Date__c":"2018-06-01T22:30:00.000+0000"},"Applicant__r":{"attributes":{"type":"Application_Member__c","url":"/services/data/v<<SALESFORCE_API_VERSION>>/sobjects/Application_Member__c/a0n0P00000D1oy4QAB"},"First_Name__c":"8dns___!","Last_Name__c":"smithtest","Email__c":null,"Phone__c":null,"Residence_Address__c":null,"Mailing_Address__c":null},"Application_Submitted_Date__c":"2018-12-18","Total_Household_Size__c":1.0,"Application_Submission_Type__c":"Paper","General_Lottery__c":true,"General_Lottery_Rank__c":null,"Processing_Status__c":null},{"attributes":{"type":"Application__c","url":"/services/data/v<<SALESFORCE_API_VERSION>>/sobjects/Application__c/a0o0P00000Iw6RwQAJ"},"Id":"a0o0P00000Iw6RwQAJ","Name":"APP-00308588","Listing__r":{"attributes":{"type":"Listing__c","url":"/services/data/v<<SALESFORCE_API_VERSION>>/sobjects/Listing__c/a0W0P00000GbyuQUAR"},"Name":"Partners
        Test Listing (do not modify) - Yellow Acres","Lottery_Date__c":"2018-06-01T22:30:00.000+0000"},"Applicant__r":{"attributes":{"type":"Application_Member__c","url":"/services/data/v<<SALESFORCE_API_VERSION>>/sobjects/Application_Member__c/a0n0P00000D1oy9QAB"},"First_Name__c":"cynthiatest","Last_Name__c":"289dinlask","Email__c":null,"Phone__c":null,"Residence_Address__c":null,"Mailing_Address__c":null},"Application_Submitted_Date__c":"2018-12-18","Total_Household_Size__c":1.0,"Application_Submission_Type__c":"Paper","General_Lottery__c":true,"General_Lottery_Rank__c":null,"Processing_Status__c":null},{"attributes":{"type":"Application__c","url":"/services/data/v<<SALESFORCE_API_VERSION>>/sobjects/Application__c/a0o0P00000Iw6S1QAJ"},"Id":"a0o0P00000Iw6S1QAJ","Name":"APP-00308589","Listing__r":{"attributes":{"type":"Listing__c","url":"/services/data/v<<SALESFORCE_API_VERSION>>/sobjects/Listing__c/a0W0P00000GbyuQUAR"},"Name":"Partners
        Test Listing (do not modify) - Yellow Acres","Lottery_Date__c":"2018-06-01T22:30:00.000+0000"},"Applicant__r":{"attributes":{"type":"Application_Member__c","url":"/services/data/v<<SALESFORCE_API_VERSION>>/sobjects/Application_Member__c/a0n0P00000D1oyEQAR"},"First_Name__c":"cythiatest","Last_Name__c":"smithtest","Email__c":null,"Phone__c":null,"Residence_Address__c":null,"Mailing_Address__c":null},"Application_Submitted_Date__c":"2018-12-18","Total_Household_Size__c":1.0,"Application_Submission_Type__c":"Paper","General_Lottery__c":true,"General_Lottery_Rank__c":null,"Processing_Status__c":null},{"attributes":{"type":"Application__c","url":"/services/data/v<<SALESFORCE_API_VERSION>>/sobjects/Application__c/a0o0P00000Iw6S6QAJ"},"Id":"a0o0P00000Iw6S6QAJ","Name":"APP-00308590","Listing__r":{"attributes":{"type":"Listing__c","url":"/services/data/v<<SALESFORCE_API_VERSION>>/sobjects/Listing__c/a0W0P00000GbyuQUAR"},"Name":"Partners
        Test Listing (do not modify) - Yellow Acres","Lottery_Date__c":"2018-06-01T22:30:00.000+0000"},"Applicant__r":{"attributes":{"type":"Application_Member__c","url":"/services/data/v<<SALESFORCE_API_VERSION>>/sobjects/Application_Member__c/a0n0P00000D1oyJQAR"},"First_Name__c":"cynthiatest","Last_Name__c":"smithtest","Email__c":null,"Phone__c":null,"Residence_Address__c":null,"Mailing_Address__c":null},"Application_Submitted_Date__c":"2018-12-18","Total_Household_Size__c":1.0,"Application_Submission_Type__c":"Paper","General_Lottery__c":true,"General_Lottery_Rank__c":null,"Processing_Status__c":null}]}'
    http_version: 
  recorded_at: Thu, 28 Mar 2019 00:56:26 GMT
- request:
    method: post
    uri: https://<<SALESFORCE_HOST>>/services/oauth2/token
    body:
      encoding: US-ASCII
      string: grant_type=password&client_id=<<SALESFORCE_CLIENT_ID>>&client_secret=<<SALESFORCE_CLIENT_SECRET>>&username=<<SALESFORCE_USERNAME>>&password=<<SALESFORCE_PASSWORD>><<SALESFORCE_SECURITY_TOKEN>>
    headers:
      User-Agent:
      - Faraday v0.12.2
      Content-Type:
      - application/x-www-form-urlencoded
      Accept-Encoding:
      - gzip;q=1.0,deflate;q=0.6,identity;q=0.3
      Accept:
      - "*/*"
  response:
    status:
      code: 200
      message: OK
    headers:
      Date:
      - Thu, 28 Mar 2019 00:56:26 GMT
      Strict-Transport-Security:
      - max-age=31536000; includeSubDomains
      X-Content-Type-Options:
      - nosniff
      X-Xss-Protection:
      - 1; mode=block
      Cache-Control:
      - no-cache,must-revalidate,max-age=0,no-store,private
      Set-Cookie:
      - BrowserId=cSi3YEx1SPyxSzfWAl-s3Q;Path=/;Domain=.salesforce.com;Expires=Mon,
        27-May-2019 00:56:26 GMT;Max-Age=5184000
      Expires:
      - Thu, 01 Jan 1970 00:00:00 GMT
      X-Readonlymode:
      - 'false'
      Content-Type:
      - application/json;charset=UTF-8
      Vary:
      - Accept-Encoding
      Transfer-Encoding:
      - chunked
    body:
      encoding: UTF-8
      string: '{"access_token":"<<ACCESS_TOKEN>>","instance_url":"<<SALESFORCE_INSTANCE_URL>>","id":"https://<<SALESFORCE_HOST>>/id/00D0t0000000xVqEAI/005U00000066jl9IAA","token_type":"Bearer","issued_at":"1553734587375","signature":"w8fLCSAmAauVeJJ75gQSCanWc+VpKJ7PJBVYUCRHTaQ="}'
    http_version: 
  recorded_at: Thu, 28 Mar 2019 00:56:27 GMT
recorded_with: VCR 4.0.0
