// Jest Snapshot v1, https://goo.gl/fbAQLP

exports[`LeaseUpSidebar snapshot tests should match snapshot with 5 status items 1`] = `
<div
  className="sidebar-content"
>
  <div
    className="show-large-up"
  >
    <LeaseUpSidebarButtons
      isLoading={false}
      onAddCommentClicked={null}
      onChangeStatus={null}
      onSaveClicked={null}
      status="Approved"
      withMobileStyling={false}
    />
  </div>
  <div
    className="padding-top--3x show-large-up"
  >
    <Component
      title="Status History"
    />
  </div>
  <div
    className="padding-top--half hide-large-up"
  >
    <Component
      title="Status History"
    />
  </div>
  <StatusItems
    limit={4}
    statusItems={
      Array [
        Object {
          "comment": "Lorem ipsum dolor sit amet, consectetur adipiscing elit. Pellentesque bibendum condimentum lorem consectetur eleifend.",
          "status": "Approved",
          "substatus": "Approval letter sent",
          "timestamp": 1598385600,
        },
        Object {
          "comment": "Lorem ipsum dolor sit amet, consectetur adipiscing elit. Pellentesque bibendum condimentum lorem consectetur eleifend.",
          "status": "Approved",
          "substatus": "Approval letter sent",
          "timestamp": 1598385600,
        },
        Object {
          "comment": "Lorem ipsum dolor sit amet, consectetur adipiscing elit. Pellentesque bibendum condimentum lorem consectetur eleifend.",
          "status": "Approved",
          "substatus": "Approval letter sent",
          "timestamp": 1598385600,
        },
        Object {
          "comment": "Lorem ipsum dolor sit amet, consectetur adipiscing elit. Pellentesque bibendum condimentum lorem consectetur eleifend.",
          "status": "Approved",
          "substatus": "Approval letter sent",
          "timestamp": 1598385600,
        },
        Object {
          "comment": "Lorem ipsum dolor sit amet, consectetur adipiscing elit. Pellentesque bibendum condimentum lorem consectetur eleifend.",
          "status": "Approved",
          "substatus": "Approval letter sent",
          "timestamp": 1598385600,
        },
      ]
    }
  />
  <ShowOrHideStatusesButton
    onClick={[Function]}
    showingAllStatuses={false}
  />
  <div
    className="hide-large-up"
  >
    <LeaseUpSidebarButtons
      isLoading={false}
      onAddCommentClicked={null}
      onChangeStatus={null}
      onSaveClicked={null}
      status="Approved"
      withMobileStyling={true}
    />
  </div>
</div>
`;
