// Jest Snapshot v1, https://goo.gl/fbAQLP

exports[`BreadCrumbs should render succesfully 1`] = `
<nav
  aria-label="breadcrumb"
>
  <ol
    className="breadcrumbs"
  >
    <li>
      <a
        href="/alpah"
      >
        Alpha
      </a>
    </li>
    <li>
      <a
        href="/beta"
      >
        Beta
      </a>
    </li>
    <li>
      <a
        href="/gama"
      >
        Gama
      </a>
    </li>
    <li
      className="current"
    >
      <a
        aria-current="page"
        href="/pi"
      >
        Pi
      </a>
    </li>
  </ol>
</nav>
`;
