---
http_interactions:
- request:
    method: post
    uri: https://<<SALESFORCE_HOST>>/services/oauth2/token
    body:
      encoding: US-ASCII
      string: grant_type=password&client_id=<<SALESFORCE_CLIENT_ID>>&client_secret=<<SALESFORCE_CLIENT_SECRET>>&username=<<SALESFORCE_USERNAME>>&password=<<SALESFORCE_PASSWORD>><<SALESFORCE_SECURITY_TOKEN>>
    headers:
      User-Agent:
      - Faraday v2.7.4
      Content-Type:
      - application/x-www-form-urlencoded
      Accept-Encoding:
      - gzip;q=1.0,deflate;q=0.6,identity;q=0.3
      Accept:
      - "*/*"
  response:
    status:
      code: 200
      message: OK
    headers:
      Date:
      - Mon, 11 Mar 2024 20:31:40 GMT
      Set-Cookie:
      - BrowserId=XaztWd_mEe6Lnjngg-fbWQ; domain=.salesforce.com; path=/; expires=Tue,
        11-Mar-2025 20:31:40 GMT; Max-Age=31536000
      - CookieConsentPolicy=0:1; path=/; expires=Tue, 11-Mar-2025 20:31:40 GMT; Max-Age=31536000;
        secure
      - LSKey-c$CookieConsentPolicy=0:1; path=/; expires=Tue, 11-Mar-2025 20:31:40
        GMT; Max-Age=31536000; secure
      Strict-Transport-Security:
      - max-age=63072000; includeSubDomains
      X-Content-Type-Options:
      - nosniff
      X-Robots-Tag:
      - none
      Cache-Control:
      - no-cache,must-revalidate,max-age=0,no-store,private
      Expires:
      - Thu, 01 Jan 1970 00:00:00 GMT
      X-Readonlymode:
      - 'false'
      Content-Type:
      - application/json;charset=UTF-8
      Vary:
      - Accept-Encoding
      Transfer-Encoding:
      - chunked
    body:
      encoding: ASCII-8BIT
      string: '{"access_token":"<<ACCESS_TOKEN>>","instance_url":"https://<<SALESFORCE_HOST>>","id":"https://test.salesforce.com/id/00D8H0000004dNlUAI/0058H000005lZogQAE","token_type":"Bearer","issued_at":"1710189100356","signature":"2puUdSRlWcbt1DX4pgdTNARXHF7CpRaa92fnP2viRUw="}'
  recorded_at: Mon, 11 Mar 2024 20:31:40 GMT
- request:
    method: get
    uri: https://<<SALESFORCE_HOST>>/services/data/v<<SALESFORCE_API_VERSION>>/query?q=%0A%20%20%20%20%20%20%20%20%20%20SELECT%20Listing__r.Id,%20Listing__r.Name,%20Listing__r.Status__c,%20Listing__r.Tenure__c,%20Listing__r.Lottery_Status__c%0A%20%20%20%20%20%20%20%20%20%20FROM%20Application__c%0A%20%20%20%20%20%20%20%20%20%20WHERE%20Id%20=%20%27a0o0P00000GZazOQAT%27%0A%20%20%20%20%20%20%20%20
    body:
      encoding: US-ASCII
      string: ''
    headers:
      User-Agent:
      - Faraday v2.7.4
      Authorization:
      - OAuth <<ACCESS_TOKEN>>
      Accept-Encoding:
      - gzip;q=1.0,deflate;q=0.6,identity;q=0.3
      Accept:
      - "*/*"
  response:
    status:
      code: 200
      message: OK
    headers:
      Date:
      - Mon, 11 Mar 2024 20:31:40 GMT
      Set-Cookie:
      - BrowserId=XgKHOd_mEe61Pd0JfiT2KA; domain=.salesforce.com; path=/; expires=Tue,
        11-Mar-2025 20:31:40 GMT; Max-Age=31536000
      - CookieConsentPolicy=0:1; path=/; expires=Tue, 11-Mar-2025 20:31:40 GMT; Max-Age=31536000;
        secure
      - LSKey-c$CookieConsentPolicy=0:1; path=/; expires=Tue, 11-Mar-2025 20:31:40
        GMT; Max-Age=31536000; secure
      Strict-Transport-Security:
      - max-age=63072000; includeSubDomains
      X-Content-Type-Options:
      - nosniff
      X-Robots-Tag:
      - none
      Cache-Control:
      - no-cache,must-revalidate,max-age=0,no-store,private
      Sforce-Limit-Info:
      - api-usage=15759/930000
      Content-Type:
      - application/json;charset=UTF-8
      Vary:
      - Accept-Encoding
      Transfer-Encoding:
      - chunked
    body:
      encoding: ASCII-8BIT
      string: '{"totalSize":1,"done":true,"records":[{"attributes":{"type":"Application__c","url":"/services/data/v<<SALESFORCE_API_VERSION>>/sobjects/Application__c/a0o0P00000GZazOQAT"},"Listing__r":{"attributes":{"type":"Listing__c","url":"/services/data/v<<SALESFORCE_API_VERSION>>/sobjects/Listing__c/a0W0P00000GbyuQUAR"},"Id":"a0W0P00000GbyuQUAR","Name":"TEST
        Partners Listing (do not modify) - Yellow Acres","Status__c":"Lease Up","Tenure__c":"New
        rental","Lottery_Status__c":"Lottery Complete"}}]}'
  recorded_at: Mon, 11 Mar 2024 20:31:40 GMT
- request:
    method: post
    uri: https://<<SALESFORCE_HOST>>/services/oauth2/token
    body:
      encoding: US-ASCII
      string: grant_type=password&client_id=<<SALESFORCE_CLIENT_ID>>&client_secret=<<SALESFORCE_CLIENT_SECRET>>&username=<<SALESFORCE_USERNAME>>&password=<<SALESFORCE_PASSWORD>><<SALESFORCE_SECURITY_TOKEN>>
    headers:
      User-Agent:
      - Faraday v2.7.4
      Content-Type:
      - application/x-www-form-urlencoded
      Accept-Encoding:
      - gzip;q=1.0,deflate;q=0.6,identity;q=0.3
      Accept:
      - "*/*"
  response:
    status:
      code: 200
      message: OK
    headers:
      Date:
      - Mon, 11 Mar 2024 20:31:41 GMT
      Set-Cookie:
      - BrowserId=XkRKft_mEe60in2bx7SPgA; domain=.salesforce.com; path=/; expires=Tue,
        11-Mar-2025 20:31:41 GMT; Max-Age=31536000
      - CookieConsentPolicy=0:1; path=/; expires=Tue, 11-Mar-2025 20:31:41 GMT; Max-Age=31536000;
        secure
      - LSKey-c$CookieConsentPolicy=0:1; path=/; expires=Tue, 11-Mar-2025 20:31:41
        GMT; Max-Age=31536000; secure
      Strict-Transport-Security:
      - max-age=63072000; includeSubDomains
      X-Content-Type-Options:
      - nosniff
      X-Robots-Tag:
      - none
      Cache-Control:
      - no-cache,must-revalidate,max-age=0,no-store,private
      Expires:
      - Thu, 01 Jan 1970 00:00:00 GMT
      X-Readonlymode:
      - 'false'
      Content-Type:
      - application/json;charset=UTF-8
      Vary:
      - Accept-Encoding
      Transfer-Encoding:
      - chunked
    body:
      encoding: ASCII-8BIT
      string: '{"access_token":"<<ACCESS_TOKEN>>","instance_url":"https://<<SALESFORCE_HOST>>","id":"https://test.salesforce.com/id/00D8H0000004dNlUAI/0058H000005lZogQAE","token_type":"Bearer","issued_at":"1710189101316","signature":"jTUzvAyCAOhPmLCjNOcysvVQYuaDw9oHsC98zuj7VcY="}'
  recorded_at: Mon, 11 Mar 2024 20:31:41 GMT
- request:
    method: get
    uri: https://<<SALESFORCE_HOST>>/services/apexrest/LeasingAgentPortal/shortForm/a0o0P00000GZazOQAT
    body:
      encoding: US-ASCII
      string: ''
    headers:
      User-Agent:
      - Faraday v2.7.4
      Authorization:
      - OAuth <<ACCESS_TOKEN>>
      Accept-Encoding:
      - gzip;q=1.0,deflate;q=0.6,identity;q=0.3
      Accept:
      - "*/*"
  response:
    status:
      code: 200
      message: OK
    headers:
      Date:
      - Mon, 11 Mar 2024 20:31:41 GMT
      Set-Cookie:
      - BrowserId=Xo5MP9_mEe6G5RPsuGOG-A; domain=.salesforce.com; path=/; expires=Tue,
        11-Mar-2025 20:31:41 GMT; Max-Age=31536000
      - CookieConsentPolicy=0:1; path=/; expires=Tue, 11-Mar-2025 20:31:41 GMT; Max-Age=31536000;
        secure
      - LSKey-c$CookieConsentPolicy=0:1; path=/; expires=Tue, 11-Mar-2025 20:31:41
        GMT; Max-Age=31536000; secure
      Strict-Transport-Security:
      - max-age=63072000; includeSubDomains
      X-Content-Type-Options:
      - nosniff
      X-Robots-Tag:
      - none
      Cache-Control:
      - no-cache,must-revalidate,max-age=0,no-store,private
      Content-Type:
      - application/json;charset=UTF-8
      Vary:
      - Accept-Encoding
      Transfer-Encoding:
      - chunked
    body:
      encoding: ASCII-8BIT
      string: '{"totalMonthlyRent":null,"suppAppSignedDate":null,"subStatus":null,"status":"Submitted","snapshotId":null,"shortFormPreferences":[{"zip":null,"vetStatus":null,"vetPreferenceProof":null,"state":null,"shortformPreferenceID":"a0w0P00000OUJc0QAH","requiresProof":false,"recordTypeDevName":"COP","preferenceProof":null,"postLotteryValidation":null,"optOut":false,"naturalKey":null,"lwPreferenceProof":null,"listingPreferenceID":"a0l0P00001Q1vxUQAR","individualPreference":null,"customPreferenceType":"COP","city":null,"certificateNumber":null,"appMemberID":null,"applicationID":"a0o0P00000GZazOQAT","address":null},{"zip":null,"vetStatus":null,"vetPreferenceProof":null,"state":null,"shortformPreferenceID":"a0w0P00000OUJc1QAH","requiresProof":false,"recordTypeDevName":"DTHP","preferenceProof":null,"postLotteryValidation":null,"optOut":false,"naturalKey":null,"lwPreferenceProof":null,"listingPreferenceID":"a0l0P00001Q1vxyQAB","individualPreference":null,"customPreferenceType":"DTHP","city":null,"certificateNumber":null,"appMemberID":null,"applicationID":"a0o0P00000GZazOQAT","address":null},{"zip":null,"vetStatus":null,"vetPreferenceProof":null,"state":null,"shortformPreferenceID":"a0w0P00000OUJc2QAH","requiresProof":false,"recordTypeDevName":"RB_AHP","preferenceProof":"Lease
        and rent proof","postLotteryValidation":"Confirmed","optOut":false,"naturalKey":null,"lwPreferenceProof":null,"listingPreferenceID":"a0l0P00001Q1w0mQAB","individualPreference":"Assisted
        Housing","customPreferenceType":"RB_AHP","city":null,"certificateNumber":null,"appMemberID":"a0n0P00000D3qIZQAZ","applicationID":"a0o0P00000GZazOQAT","address":null},{"zip":null,"vetStatus":null,"vetPreferenceProof":null,"state":null,"shortformPreferenceID":"a0w0P00000OUJc3QAH","requiresProof":false,"recordTypeDevName":"L_W","preferenceProof":"Paystub
        with employer address","postLotteryValidation":"Unconfirmed","optOut":false,"naturalKey":null,"lwPreferenceProof":"Paystub
        with employer address","listingPreferenceID":"a0l0P00001Q1w1BQAR","individualPreference":"Work
        in SF","customPreferenceType":"L_W","city":null,"certificateNumber":null,"appMemberID":"a0n0P00000D3qIZQAZ","applicationID":"a0o0P00000GZazOQAT","address":null},{"zip":null,"vetStatus":null,"vetPreferenceProof":null,"state":null,"shortformPreferenceID":"a0w0P00000Oqew2QAB","requiresProof":false,"recordTypeDevName":"AG","preferenceProof":null,"postLotteryValidation":null,"optOut":false,"naturalKey":null,"lwPreferenceProof":null,"listingPreferenceID":"a0l0P00001QRPiaQAH","individualPreference":null,"customPreferenceType":"AG","city":null,"certificateNumber":null,"appMemberID":null,"applicationID":"a0o0P00000GZazOQAT","address":null},{"zip":null,"vetStatus":null,"vetPreferenceProof":null,"state":null,"shortformPreferenceID":"a0w0P00000Oqew3QAB","requiresProof":false,"recordTypeDevName":"NRHP","preferenceProof":null,"postLotteryValidation":null,"optOut":false,"naturalKey":null,"lwPreferenceProof":null,"listingPreferenceID":"a0l0P00001QRQGzQAP","individualPreference":null,"customPreferenceType":"NRHP","city":null,"certificateNumber":null,"appMemberID":null,"applicationID":"a0o0P00000GZazOQAT","address":null},{"zip":null,"vetStatus":null,"vetPreferenceProof":null,"state":null,"shortformPreferenceID":"a0w0P00000PC8JoQAL","requiresProof":false,"recordTypeDevName":"ADHP","preferenceProof":null,"postLotteryValidation":null,"optOut":false,"naturalKey":null,"lwPreferenceProof":null,"listingPreferenceID":"a0l0P00001RbKCJQA3","individualPreference":null,"customPreferenceType":"ADHP","city":null,"certificateNumber":null,"appMemberID":null,"applicationID":"a0o0P00000GZazOQAT","address":null}],"referral":null,"processingStatus":"Processing","primaryApplicant":{"zip":"89489","yCoordinate":null,"xCoordinate":null,"workInSf":null,"whiteOther":null,"whichComponentOfLocatorWasUsed":null,"webAppID":null,"state":"Lo","sexualOrientationOther":null,"sexualOrientation":null,"sexAtBirth":null,"relationship":null,"raceEthnicity":null,"race":null,"primaryLanguage":null,"preferenceStatus":null,"preferenceAddressMatch":null,"phoneType":null,"phone":null,"pacificIslanderOther":null,"otherLanguage":null,"noPhone":false,"noEmail":false,"noAddress":false,"nickname":null,"middleName":null,"menaOther":null,"maritalStatus":"Single","mailingZip":"88289","mailingState":"Mi","mailingCity":"Port
        Heather","mailingAddress":"430 Jennifer Mount Apt. 959","lendingAgentStatus":null,"latinoOther":null,"lastName":"Thomas","jobClassification":null,"isVeteran":null,"isSFUSDEmployee":null,"indigenousOther":null,"indigenousNativeAmericanGroup":null,"indigenousCentralSouthAmericaGroup":null,"hiv":false,"hasSameAddressAsApplicant":null,"hasDisability":null,"hasAltMailingAddress":false,"genderOther":null,"gender":null,"firstName":"Allen","ethnicity":null,"email":"kbrooks@example.org","DOB":"2000-01-01","contactId":"0030P00002HAKDJQA5","city":"West
        Jaimefurt","candidateScore":null,"blackOther":null,"asianOther":null,"appMemberType":"Primary
        Applicant","appMemberId":"a0n0P00000D3qIZQAZ","applicationId":"a0o0P00000GZazOQAT","alternatePhoneType":null,"alternatePhone":null,"alternateContactTypeOther":null,"alternateContactType":null,"agency":null,"address":"8362
        Jerry Springs"},"otherHousingCounselingAgency":null,"numberOfSeniors":null,"numberOfMinors":null,"numberOfDependents":1,"name":"APP-00243697","monthlyIncome":null,"lotteryNumberManual":null,"lotteryNumber":"00243697","listingID":"a0W0P00000GbyuQUAR","lendingAgent":null,"jobClassification":null,"isVeteranInHousehold":false,"isSFUSDEmployee":null,"isPrimaryApplicantVeteran":null,"isNonPrimaryMemberVeteran":null,"isFirstTimeHomebuyer":false,"interviewScheduledDate":null,"imputedIncomeFromAssets":972.92,"id":"a0o0P00000GZazOQAT","housingCounselingAgency":null,"householdVouchersSubsidies":"true","householdMembers":[],"householdAssets":407.93,"HHTotalIncomeWithAssets":575.18,"hasSenior":"No","hasPublicHousing":null,"hasMinimumCreditScore":false,"hasMilitaryService":"No","hasLoanPreapproval":false,"hasDisability":null,"hasDevelopmentalDisability":"No","hasCompletedHomebuyerEducation":false,"formMetadata":null,"externalSessionId":"","didApplicantUseHousingCounselingAgency":null,"confirmedHouseholdAnnualIncome":665.34,"appRTType":"Rental_Short_Form","applicationSubmittedDate":"2020-10-13","applicationSubmissionType":"Paper","applicationLanguage":"English","answeredCommunityScreening":null,"annualIncome":5000.00,"amiPercentage":5,"amiChartYear":"2018","amiChartType":"HUD
        Unadjusted","alternateContact":null,"agreeToTerms":true,"adaPrioritiesSelected":"Vision
        impairments;Mobility impairments"}'
  recorded_at: Mon, 11 Mar 2024 20:31:42 GMT
- request:
    method: post
    uri: https://<<SALESFORCE_HOST>>/services/oauth2/token
    body:
      encoding: US-ASCII
      string: grant_type=password&client_id=<<SALESFORCE_CLIENT_ID>>&client_secret=<<SALESFORCE_CLIENT_SECRET>>&username=<<SALESFORCE_USERNAME>>&password=<<SALESFORCE_PASSWORD>><<SALESFORCE_SECURITY_TOKEN>>
    headers:
      User-Agent:
      - Faraday v2.7.4
      Content-Type:
      - application/x-www-form-urlencoded
      Accept-Encoding:
      - gzip;q=1.0,deflate;q=0.6,identity;q=0.3
      Accept:
      - "*/*"
  response:
    status:
      code: 200
      message: OK
    headers:
      Date:
      - Mon, 11 Mar 2024 20:31:42 GMT
      Set-Cookie:
      - BrowserId=Xv4k59_mEe6ikK-JvnZ1Rg; domain=.salesforce.com; path=/; expires=Tue,
        11-Mar-2025 20:31:42 GMT; Max-Age=31536000
      - CookieConsentPolicy=0:1; path=/; expires=Tue, 11-Mar-2025 20:31:42 GMT; Max-Age=31536000;
        secure
      - LSKey-c$CookieConsentPolicy=0:1; path=/; expires=Tue, 11-Mar-2025 20:31:42
        GMT; Max-Age=31536000; secure
      Strict-Transport-Security:
      - max-age=63072000; includeSubDomains
      X-Content-Type-Options:
      - nosniff
      X-Robots-Tag:
      - none
      Cache-Control:
      - no-cache,must-revalidate,max-age=0,no-store,private
      Expires:
      - Thu, 01 Jan 1970 00:00:00 GMT
      X-Readonlymode:
      - 'false'
      Content-Type:
      - application/json;charset=UTF-8
      Vary:
      - Accept-Encoding
      Transfer-Encoding:
      - chunked
    body:
      encoding: ASCII-8BIT
      string: '{"access_token":"<<ACCESS_TOKEN>>","instance_url":"https://<<SALESFORCE_HOST>>","id":"https://test.salesforce.com/id/00D8H0000004dNlUAI/0058H000005lZogQAE","token_type":"Bearer","issued_at":"1710189102519","signature":"rGw5bmbq7GWaU2K6nBqAoOFn0JMAGlGuGfFXSUyJcVE="}'
  recorded_at: Mon, 11 Mar 2024 20:31:42 GMT
- request:
    method: get
    uri: https://<<SALESFORCE_HOST>>/services/data/v<<SALESFORCE_API_VERSION>>/query?q=%0A%20%20%20%20%20%20%20%20%20%20SELECT%20Id,%20Document_Type__c,%20Related_Application__c,%20Related_Application_Preference__c%0A%20%20%20%20%20%20%20%20%20%20FROM%20Attachment__c%0A%20%20%20%20%20%20%20%20%20%20WHERE%20Related_Application__c%20=%20%27a0o0P00000GZazOQAT%27%0A%20%20%20%20%20%20%20%20
    body:
      encoding: US-ASCII
      string: ''
    headers:
      User-Agent:
      - Faraday v2.7.4
      Authorization:
      - OAuth <<ACCESS_TOKEN>>
      Accept-Encoding:
      - gzip;q=1.0,deflate;q=0.6,identity;q=0.3
      Accept:
      - "*/*"
  response:
    status:
      code: 200
      message: OK
    headers:
      Date:
      - Mon, 11 Mar 2024 20:31:42 GMT
      Set-Cookie:
      - BrowserId=X0hNgt_mEe6G5RPsuGOG-A; domain=.salesforce.com; path=/; expires=Tue,
        11-Mar-2025 20:31:42 GMT; Max-Age=31536000
      - CookieConsentPolicy=0:1; path=/; expires=Tue, 11-Mar-2025 20:31:42 GMT; Max-Age=31536000;
        secure
      - LSKey-c$CookieConsentPolicy=0:1; path=/; expires=Tue, 11-Mar-2025 20:31:42
        GMT; Max-Age=31536000; secure
      Strict-Transport-Security:
      - max-age=63072000; includeSubDomains
      X-Content-Type-Options:
      - nosniff
      X-Robots-Tag:
      - none
      Cache-Control:
      - no-cache,must-revalidate,max-age=0,no-store,private
      Sforce-Limit-Info:
      - api-usage=15760/930000
      Content-Type:
      - application/json;charset=UTF-8
      Vary:
      - Accept-Encoding
      Transfer-Encoding:
      - chunked
    body:
      encoding: ASCII-8BIT
      string: '{"totalSize":0,"done":true,"records":[]}'
  recorded_at: Mon, 11 Mar 2024 20:31:42 GMT
- request:
    method: post
    uri: https://<<SALESFORCE_HOST>>/services/oauth2/token
    body:
      encoding: US-ASCII
      string: grant_type=password&client_id=<<SALESFORCE_CLIENT_ID>>&client_secret=<<SALESFORCE_CLIENT_SECRET>>&username=<<SALESFORCE_USERNAME>>&password=<<SALESFORCE_PASSWORD>><<SALESFORCE_SECURITY_TOKEN>>
    headers:
      User-Agent:
      - Faraday v2.7.4
      Content-Type:
      - application/x-www-form-urlencoded
      Accept-Encoding:
      - gzip;q=1.0,deflate;q=0.6,identity;q=0.3
      Accept:
      - "*/*"
  response:
    status:
      code: 200
      message: OK
    headers:
      Date:
      - Mon, 11 Mar 2024 20:31:43 GMT
      Set-Cookie:
      - BrowserId=X4ZoOd_mEe69eTkH6Vhq2Q; domain=.salesforce.com; path=/; expires=Tue,
        11-Mar-2025 20:31:43 GMT; Max-Age=31536000
      - CookieConsentPolicy=0:1; path=/; expires=Tue, 11-Mar-2025 20:31:43 GMT; Max-Age=31536000;
        secure
      - LSKey-c$CookieConsentPolicy=0:1; path=/; expires=Tue, 11-Mar-2025 20:31:43
        GMT; Max-Age=31536000; secure
      Strict-Transport-Security:
      - max-age=63072000; includeSubDomains
      X-Content-Type-Options:
      - nosniff
      X-Robots-Tag:
      - none
      Cache-Control:
      - no-cache,must-revalidate,max-age=0,no-store,private
      Expires:
      - Thu, 01 Jan 1970 00:00:00 GMT
      X-Readonlymode:
      - 'false'
      Content-Type:
      - application/json;charset=UTF-8
      Vary:
      - Accept-Encoding
      Transfer-Encoding:
      - chunked
    body:
      encoding: ASCII-8BIT
      string: '{"access_token":"<<ACCESS_TOKEN>>","instance_url":"https://<<SALESFORCE_HOST>>","id":"https://test.salesforce.com/id/00D8H0000004dNlUAI/0058H000005lZogQAE","token_type":"Bearer","issued_at":"1710189103420","signature":"8gdAm6e+slfQJMsnjMKUoCCqftq57MJF2stml+IZH+o="}'
  recorded_at: Mon, 11 Mar 2024 20:31:43 GMT
- request:
    method: get
    uri: https://<<SALESFORCE_HOST>>/services/data/v<<SALESFORCE_API_VERSION>>/query?q=%0A%20%20%20%20%20%20%20%20SELECT%20Flagged_Record_Set__c,%20Flagged_Record_Set__r.Id,%20Flagged_Record_Set__r.Rule_Name__c,%20Flagged_Record_Set__r.Total_Number_of_Pending_Review__c%0A%20%20%20%20%20%20%20%20FROM%20Flagged_Application__c%0A%20%20%20%20%20%20%20%20WHERE%20Application__c%20%20=%20%27a0o0P00000GZazOQAT%27%0A%20%20%20%20%20%20
    body:
      encoding: US-ASCII
      string: ''
    headers:
      User-Agent:
      - Faraday v2.7.4
      Authorization:
      - OAuth <<ACCESS_TOKEN>>
      Accept-Encoding:
      - gzip;q=1.0,deflate;q=0.6,identity;q=0.3
      Accept:
      - "*/*"
  response:
    status:
      code: 200
      message: OK
    headers:
      Date:
      - Mon, 11 Mar 2024 20:31:43 GMT
      Set-Cookie:
      - BrowserId=X9HJK9_mEe61Pd0JfiT2KA; domain=.salesforce.com; path=/; expires=Tue,
        11-Mar-2025 20:31:43 GMT; Max-Age=31536000
      - CookieConsentPolicy=0:1; path=/; expires=Tue, 11-Mar-2025 20:31:43 GMT; Max-Age=31536000;
        secure
      - LSKey-c$CookieConsentPolicy=0:1; path=/; expires=Tue, 11-Mar-2025 20:31:43
        GMT; Max-Age=31536000; secure
      Strict-Transport-Security:
      - max-age=63072000; includeSubDomains
      X-Content-Type-Options:
      - nosniff
      X-Robots-Tag:
      - none
      Cache-Control:
      - no-cache,must-revalidate,max-age=0,no-store,private
      Sforce-Limit-Info:
      - api-usage=15760/930000
      Content-Type:
      - application/json;charset=UTF-8
      Vary:
      - Accept-Encoding
      Transfer-Encoding:
      - chunked
    body:
      encoding: ASCII-8BIT
      string: '{"totalSize":0,"done":true,"records":[]}'
  recorded_at: Mon, 11 Mar 2024 20:31:43 GMT
- request:
    method: post
    uri: https://<<SALESFORCE_HOST>>/services/oauth2/token
    body:
      encoding: US-ASCII
      string: grant_type=password&client_id=<<SALESFORCE_CLIENT_ID>>&client_secret=<<SALESFORCE_CLIENT_SECRET>>&username=<<SALESFORCE_USERNAME>>&password=<<SALESFORCE_PASSWORD>><<SALESFORCE_SECURITY_TOKEN>>
    headers:
      User-Agent:
      - Faraday v2.7.4
      Content-Type:
      - application/x-www-form-urlencoded
      Accept-Encoding:
      - gzip;q=1.0,deflate;q=0.6,identity;q=0.3
      Accept:
      - "*/*"
  response:
    status:
      code: 200
      message: OK
    headers:
      Date:
      - Mon, 11 Mar 2024 20:31:44 GMT
      Set-Cookie:
      - BrowserId=YA-8Dt_mEe6ikK-JvnZ1Rg; domain=.salesforce.com; path=/; expires=Tue,
        11-Mar-2025 20:31:44 GMT; Max-Age=31536000
      - CookieConsentPolicy=0:1; path=/; expires=Tue, 11-Mar-2025 20:31:44 GMT; Max-Age=31536000;
        secure
      - LSKey-c$CookieConsentPolicy=0:1; path=/; expires=Tue, 11-Mar-2025 20:31:44
        GMT; Max-Age=31536000; secure
      Strict-Transport-Security:
      - max-age=63072000; includeSubDomains
      X-Content-Type-Options:
      - nosniff
      X-Robots-Tag:
      - none
      Cache-Control:
      - no-cache,must-revalidate,max-age=0,no-store,private
      Expires:
      - Thu, 01 Jan 1970 00:00:00 GMT
      X-Readonlymode:
      - 'false'
      Content-Type:
      - application/json;charset=UTF-8
      Vary:
      - Accept-Encoding
      Transfer-Encoding:
      - chunked
    body:
      encoding: ASCII-8BIT
      string: '{"access_token":"<<ACCESS_TOKEN>>","instance_url":"https://<<SALESFORCE_HOST>>","id":"https://test.salesforce.com/id/00D8H0000004dNlUAI/0058H000005lZogQAE","token_type":"Bearer","issued_at":"1710189104311","signature":"NgWCVsMLeIYdcgv+ioXCfhIyeNDo2TfMm0lcjF8ipx8="}'
  recorded_at: Mon, 11 Mar 2024 20:31:44 GMT
- request:
    method: get
    uri: https://<<SALESFORCE_HOST>>/services/data/v<<SALESFORCE_API_VERSION>>/query?q=%0A%20%20%20%20%20%20%20%20%20%20SELECT%20Id,%20Name,%20Preference_Name__c,%20Person_who_claimed_Name__c,%20Type_of_proof__c,%20Veteran_Type_of_Proof__c,%20Opt_Out__c,%20Lottery_Status__c,%20Preference_Lottery_Rank__c,%20Listing_Preference_ID__c,%20Receives_Preference__c,%20Application_Member__c,%20Application_Member__r.First_Name__c,%20Application_Member__r.Last_Name__c,%20Application_Member__r.Date_of_Birth__c,%20Application_Member__r.Id,%20Individual_preference__c,%20Certificate_Number__c,%20Preference_Order__c,%20RecordType.DeveloperName,%20LW_Type_of_Proof__c,%20City__c,%20State__c,%20Street__c,%20Zip_Code__c,%20Post_Lottery_Validation__c,%20Total_Household_Rent__c,%20Custom_Preference_Type__c%0A%20%20%20%20%20%20%20%20%20%20FROM%20Application_Preference__c%0A%20%20%20%20%20%20%20%20%20%20WHERE%20Application__c%20=%20%27a0o0P00000GZazOQAT%27%0A%20%20%20%20%20%20%20%20%20%20%0A%20%20%20%20%20%20%20%20
    body:
      encoding: US-ASCII
      string: ''
    headers:
      User-Agent:
      - Faraday v2.7.4
      Authorization:
      - OAuth <<ACCESS_TOKEN>>
      Accept-Encoding:
      - gzip;q=1.0,deflate;q=0.6,identity;q=0.3
      Accept:
      - "*/*"
  response:
    status:
      code: 200
      message: OK
    headers:
      Date:
      - Mon, 11 Mar 2024 20:31:44 GMT
      Set-Cookie:
      - BrowserId=YF__Jd_mEe6JoEEbexjlwQ; domain=.salesforce.com; path=/; expires=Tue,
        11-Mar-2025 20:31:44 GMT; Max-Age=31536000
      - CookieConsentPolicy=0:1; path=/; expires=Tue, 11-Mar-2025 20:31:44 GMT; Max-Age=31536000;
        secure
      - LSKey-c$CookieConsentPolicy=0:1; path=/; expires=Tue, 11-Mar-2025 20:31:44
        GMT; Max-Age=31536000; secure
      Strict-Transport-Security:
      - max-age=63072000; includeSubDomains
      X-Content-Type-Options:
      - nosniff
      X-Robots-Tag:
      - none
      Cache-Control:
      - no-cache,must-revalidate,max-age=0,no-store,private
      Sforce-Limit-Info:
      - api-usage=15759/930000
      Content-Type:
      - application/json;charset=UTF-8
      Vary:
      - Accept-Encoding
      Transfer-Encoding:
      - chunked
    body:
      encoding: ASCII-8BIT
      string: '{"totalSize":7,"done":true,"records":[{"attributes":{"type":"Application_Preference__c","url":"/services/data/v<<SALESFORCE_API_VERSION>>/sobjects/Application_Preference__c/a0w0P00000OUJc0QAH"},"Id":"a0w0P00000OUJc0QAH","Name":"AP-0000826196","Preference_Name__c":"Certificate
        of Preference (COP)","Person_who_claimed_Name__c":null,"Type_of_proof__c":null,"Veteran_Type_of_Proof__c":null,"Opt_Out__c":false,"Lottery_Status__c":null,"Preference_Lottery_Rank__c":null,"Listing_Preference_ID__c":"a0l0P00001Q1vxUQAR","Receives_Preference__c":false,"Application_Member__c":null,"Application_Member__r":null,"Individual_preference__c":null,"Certificate_Number__c":null,"Preference_Order__c":1.0,"RecordType":{"attributes":{"type":"RecordType","url":"/services/data/v<<SALESFORCE_API_VERSION>>/sobjects/RecordType/0120P000000R7BHQA0"},"DeveloperName":"COP"},"LW_Type_of_Proof__c":null,"City__c":null,"State__c":null,"Street__c":null,"Zip_Code__c":null,"Post_Lottery_Validation__c":null,"Total_Household_Rent__c":0.0},{"attributes":{"type":"Application_Preference__c","url":"/services/data/v<<SALESFORCE_API_VERSION>>/sobjects/Application_Preference__c/a0w0P00000OUJc1QAH"},"Id":"a0w0P00000OUJc1QAH","Name":"AP-0000826197","Preference_Name__c":"Displaced
        Tenant Housing Preference (DTHP)","Person_who_claimed_Name__c":null,"Type_of_proof__c":null,"Veteran_Type_of_Proof__c":null,"Opt_Out__c":false,"Lottery_Status__c":null,"Preference_Lottery_Rank__c":null,"Listing_Preference_ID__c":"a0l0P00001Q1vxyQAB","Receives_Preference__c":false,"Application_Member__c":null,"Application_Member__r":null,"Individual_preference__c":null,"Certificate_Number__c":null,"Preference_Order__c":2.0,"RecordType":{"attributes":{"type":"RecordType","url":"/services/data/v<<SALESFORCE_API_VERSION>>/sobjects/RecordType/0120P000000R7BJQA0"},"DeveloperName":"DTHP"},"LW_Type_of_Proof__c":null,"City__c":null,"State__c":null,"Street__c":null,"Zip_Code__c":null,"Post_Lottery_Validation__c":null,"Total_Household_Rent__c":0.0},{"attributes":{"type":"Application_Preference__c","url":"/services/data/v<<SALESFORCE_API_VERSION>>/sobjects/Application_Preference__c/a0w0P00000OUJc2QAH"},"Id":"a0w0P00000OUJc2QAH","Name":"AP-0000826198","Preference_Name__c":"Rent
        Burdened / Assisted Housing Preference","Person_who_claimed_Name__c":"Allen
        Thomas","Type_of_proof__c":"Lease and rent proof","Veteran_Type_of_Proof__c":null,"Opt_Out__c":false,"Lottery_Status__c":"None","Preference_Lottery_Rank__c":1.0,"Listing_Preference_ID__c":"a0l0P00001Q1w0mQAB","Receives_Preference__c":true,"Application_Member__c":"a0n0P00000D3qIZQAZ","Application_Member__r":{"attributes":{"type":"Application_Member__c","url":"/services/data/v<<SALESFORCE_API_VERSION>>/sobjects/Application_Member__c/a0n0P00000D3qIZQAZ"},"First_Name__c":"Allen","Last_Name__c":"Thomas","Date_of_Birth__c":"2000-01-01","Id":"a0n0P00000D3qIZQAZ"},"Individual_preference__c":"Assisted
        Housing","Certificate_Number__c":null,"Preference_Order__c":3.0,"RecordType":{"attributes":{"type":"RecordType","url":"/services/data/v<<SALESFORCE_API_VERSION>>/sobjects/RecordType/0120P000000R7BMQA0"},"DeveloperName":"RB_AHP"},"LW_Type_of_Proof__c":null,"City__c":null,"State__c":null,"Street__c":null,"Zip_Code__c":null,"Post_Lottery_Validation__c":"Confirmed","Total_Household_Rent__c":0.0},{"attributes":{"type":"Application_Preference__c","url":"/services/data/v<<SALESFORCE_API_VERSION>>/sobjects/Application_Preference__c/a0w0P00000OUJc3QAH"},"Id":"a0w0P00000OUJc3QAH","Name":"AP-0000826199","Preference_Name__c":"Live
        or Work in San Francisco Preference","Person_who_claimed_Name__c":"Allen Thomas","Type_of_proof__c":"Paystub
        with employer address","Veteran_Type_of_Proof__c":null,"Opt_Out__c":false,"Lottery_Status__c":"None","Preference_Lottery_Rank__c":4.0,"Listing_Preference_ID__c":"a0l0P00001Q1w1BQAR","Receives_Preference__c":true,"Application_Member__c":"a0n0P00000D3qIZQAZ","Application_Member__r":{"attributes":{"type":"Application_Member__c","url":"/services/data/v<<SALESFORCE_API_VERSION>>/sobjects/Application_Member__c/a0n0P00000D3qIZQAZ"},"First_Name__c":"Allen","Last_Name__c":"Thomas","Date_of_Birth__c":"2000-01-01","Id":"a0n0P00000D3qIZQAZ"},"Individual_preference__c":"Work
        in SF","Certificate_Number__c":null,"Preference_Order__c":4.0,"RecordType":{"attributes":{"type":"RecordType","url":"/services/data/v<<SALESFORCE_API_VERSION>>/sobjects/RecordType/0120P000000R7BKQA0"},"DeveloperName":"L_W"},"LW_Type_of_Proof__c":"Paystub
        with employer address","City__c":null,"State__c":null,"Street__c":null,"Zip_Code__c":null,"Post_Lottery_Validation__c":"Unconfirmed","Total_Household_Rent__c":0.0},{"attributes":{"type":"Application_Preference__c","url":"/services/data/v<<SALESFORCE_API_VERSION>>/sobjects/Application_Preference__c/a0w0P00000Oqew2QAB"},"Id":"a0w0P00000Oqew2QAB","Name":"AP-0000919887","Preference_Name__c":"Alice
        Griffith Housing Development Resident","Person_who_claimed_Name__c":null,"Type_of_proof__c":null,"Veteran_Type_of_Proof__c":null,"Opt_Out__c":false,"Lottery_Status__c":"None","Preference_Lottery_Rank__c":null,"Listing_Preference_ID__c":"a0l0P00001QRPiaQAH","Receives_Preference__c":false,"Application_Member__c":null,"Application_Member__r":null,"Individual_preference__c":null,"Certificate_Number__c":null,"Preference_Order__c":5.0,"RecordType":{"attributes":{"type":"RecordType","url":"/services/data/v<<SALESFORCE_API_VERSION>>/sobjects/RecordType/0120P000000NHVqQAO"},"DeveloperName":"AG"},"LW_Type_of_Proof__c":null,"City__c":null,"State__c":null,"Street__c":null,"Zip_Code__c":null,"Post_Lottery_Validation__c":null,"Total_Household_Rent__c":0.0},{"attributes":{"type":"Application_Preference__c","url":"/services/data/v<<SALESFORCE_API_VERSION>>/sobjects/Application_Preference__c/a0w0P00000Oqew3QAB"},"Id":"a0w0P00000Oqew3QAB","Name":"AP-0000919888","Preference_Name__c":"Neighborhood
        Resident Housing Preference (NRHP)","Person_who_claimed_Name__c":null,"Type_of_proof__c":null,"Veteran_Type_of_Proof__c":null,"Opt_Out__c":false,"Lottery_Status__c":null,"Preference_Lottery_Rank__c":null,"Listing_Preference_ID__c":"a0l0P00001QRQGzQAP","Receives_Preference__c":false,"Application_Member__c":null,"Application_Member__r":null,"Individual_preference__c":null,"Certificate_Number__c":null,"Preference_Order__c":6.0,"RecordType":{"attributes":{"type":"RecordType","url":"/services/data/v<<SALESFORCE_API_VERSION>>/sobjects/RecordType/0120P000000R7BLQA0"},"DeveloperName":"NRHP"},"LW_Type_of_Proof__c":null,"City__c":null,"State__c":null,"Street__c":null,"Zip_Code__c":null,"Post_Lottery_Validation__c":null,"Total_Household_Rent__c":0.0},{"attributes":{"type":"Application_Preference__c","url":"/services/data/v<<SALESFORCE_API_VERSION>>/sobjects/Application_Preference__c/a0w0P00000PC8JoQAL"},"Id":"a0w0P00000PC8JoQAL","Name":"AP-0001011481","Preference_Name__c":"Anti-Displacement
        Housing Preference (ADHP)","Person_who_claimed_Name__c":null,"Type_of_proof__c":null,"Veteran_Type_of_Proof__c":null,"Opt_Out__c":false,"Lottery_Status__c":"Unconfirmed","Preference_Lottery_Rank__c":null,"Listing_Preference_ID__c":"a0l0P00001RbKCJQA3","Receives_Preference__c":false,"Application_Member__c":null,"Application_Member__r":null,"Individual_preference__c":null,"Certificate_Number__c":null,"Preference_Order__c":8.0,"RecordType":{"attributes":{"type":"RecordType","url":"/services/data/v<<SALESFORCE_API_VERSION>>/sobjects/RecordType/0120P000000R7BGQA0"},"DeveloperName":"ADHP"},"LW_Type_of_Proof__c":null,"City__c":null,"State__c":null,"Street__c":null,"Zip_Code__c":null,"Post_Lottery_Validation__c":null,"Total_Household_Rent__c":0.0}]}'
  recorded_at: Mon, 11 Mar 2024 20:31:44 GMT
recorded_with: VCR 6.1.0
