// Jest Snapshot v1, https://goo.gl/fbAQLP

exports[`LeaseUpListingsTable should render succesfully 1`] = `
<DocumentFragment>
  <div
    class="ReactTable"
  >
    <div
      class="rt-table"
      role="grid"
    >
      <div
        class="rt-thead -header"
        style="min-width: 720px;"
      >
        <div
          class="rt-tr"
          role="row"
        >
          <div
            class="rt-th td-min-wide rt-resizable-header -cursor-pointer"
            role="columnheader"
            style="flex: 100 0 auto; width: 100px;"
            tabindex="-1"
          >
            <div
              class="rt-resizable-header-content"
            >
              Listing Name
            </div>
            <div
              class="rt-resizer"
            />
          </div>
          <div
            class="rt-th text-right rt-resizable-header -cursor-pointer"
            role="columnheader"
            style="flex: 100 0 auto; width: 100px;"
            tabindex="-1"
          >
            <div
              class="rt-resizable-header-content"
            >
              Lottery Date
            </div>
            <div
              class="rt-resizer"
            />
          </div>
          <div
            class="rt-th text-right rt-resizable-header -cursor-pointer"
            role="columnheader"
            style="flex: 120 0 auto; width: 120px;"
            tabindex="-1"
          >
            <div
              class="rt-resizable-header-content"
            >
              Lottery Results Date
            </div>
            <div
              class="rt-resizer"
            />
          </div>
          <div
            class="rt-th text-right rt-resizable-header -cursor-pointer"
            role="columnheader"
            style="flex: 100 0 auto; width: 100px;"
            tabindex="-1"
          >
            <div
              class="rt-resizable-header-content"
            >
              Applications in Lottery
            </div>
            <div
              class="rt-resizer"
            />
          </div>
          <div
            class="rt-th text-right rt-resizable-header -cursor-pointer"
            role="columnheader"
            style="flex: 100 0 auto; width: 100px;"
            tabindex="-1"
          >
            <div
              class="rt-resizable-header-content"
            >
              Total Units Available
            </div>
            <div
              class="rt-resizer"
            />
          </div>
          <div
            class="rt-th text-right rt-resizable-header -cursor-pointer"
            role="columnheader"
            style="flex: 100 0 auto; width: 100px;"
            tabindex="-1"
          >
            <div
              class="rt-resizable-header-content"
            >
              Leases Signed
            </div>
            <div
              class="rt-resizer"
            />
          </div>
          <div
            class="rt-th text-right rt-resizable-header -cursor-pointer"
            role="columnheader"
            style="flex: 100 0 auto; width: 100px;"
            tabindex="-1"
          >
            <div
              class="rt-resizable-header-content"
            >
              Last updated
            </div>
            <div
              class="rt-resizer"
            />
          </div>
        </div>
      </div>
      <div
        class="rt-thead -filters"
        style="min-width: 720px;"
      >
        <div
          class="rt-tr"
          role="row"
        >
          <div
            class="rt-th td-min-wide"
            role="columnheader"
            style="flex: 100 0 auto; width: 100px;"
            tabindex="-1"
          >
            <input
              style="width: 100%;"
              type="text"
              value=""
            />
          </div>
          <div
            class="rt-th text-right"
            role="columnheader"
            style="flex: 100 0 auto; width: 100px;"
            tabindex="-1"
          />
          <div
            class="rt-th text-right"
            role="columnheader"
            style="flex: 120 0 auto; width: 120px;"
            tabindex="-1"
          />
          <div
            class="rt-th text-right"
            role="columnheader"
            style="flex: 100 0 auto; width: 100px;"
            tabindex="-1"
          />
          <div
            class="rt-th text-right"
            role="columnheader"
            style="flex: 100 0 auto; width: 100px;"
            tabindex="-1"
          />
          <div
            class="rt-th text-right"
            role="columnheader"
            style="flex: 100 0 auto; width: 100px;"
            tabindex="-1"
          />
          <div
            class="rt-th text-right"
            role="columnheader"
            style="flex: 100 0 auto; width: 100px;"
            tabindex="-1"
          />
        </div>
      </div>
      <div
        class="rt-tbody"
        style="min-width: 720px;"
      >
        <div
          class="rt-tr-group"
          role="rowgroup"
        >
          <div
            class="rt-tr -odd"
            role="row"
          >
            <div
              class="rt-td td-bold td-min-wide"
              role="gridcell"
              style="flex: 100 0 auto; width: 100px;"
            >
              Test 5/30
            </div>
            <div
              class="rt-td text-right"
              role="gridcell"
              style="flex: 100 0 auto; width: 100px;"
            >
              <div>
                03/22/2017
              </div>
            </div>
            <div
              class="rt-td text-right"
              role="gridcell"
              style="flex: 120 0 auto; width: 120px;"
            >
              <div>
                03/23/2017
              </div>
            </div>
            <div
              class="rt-td text-right"
              role="gridcell"
              style="flex: 100 0 auto; width: 100px;"
            >
              2
            </div>
            <div
              class="rt-td text-right"
              role="gridcell"
              style="flex: 100 0 auto; width: 100px;"
            />
            <div
              class="rt-td text-right"
              role="gridcell"
              style="flex: 100 0 auto; width: 100px;"
            />
            <div
              class="rt-td text-right"
              role="gridcell"
              style="flex: 100 0 auto; width: 100px;"
            >
              <i>
                none
              </i>
            </div>
          </div>
        </div>
        <div
          class="rt-tr-group"
          role="rowgroup"
        >
          <div
            class="rt-tr -padRow -even"
            role="row"
          >
            <div
              class="rt-td td-bold td-min-wide"
              role="gridcell"
              style="flex: 100 0 auto; width: 100px;"
            >
              <span>
                 
              </span>
            </div>
            <div
              class="rt-td text-right"
              role="gridcell"
              style="flex: 100 0 auto; width: 100px;"
            >
              <span>
                 
              </span>
            </div>
            <div
              class="rt-td text-right"
              role="gridcell"
              style="flex: 120 0 auto; width: 120px;"
            >
              <span>
                 
              </span>
            </div>
            <div
              class="rt-td text-right"
              role="gridcell"
              style="flex: 100 0 auto; width: 100px;"
            >
              <span>
                 
              </span>
            </div>
            <div
              class="rt-td text-right"
              role="gridcell"
              style="flex: 100 0 auto; width: 100px;"
            >
              <span>
                 
              </span>
            </div>
            <div
              class="rt-td text-right"
              role="gridcell"
              style="flex: 100 0 auto; width: 100px;"
            >
              <span>
                 
              </span>
            </div>
            <div
              class="rt-td text-right"
              role="gridcell"
              style="flex: 100 0 auto; width: 100px;"
            >
              <span>
                 
              </span>
            </div>
          </div>
        </div>
        <div
          class="rt-tr-group"
          role="rowgroup"
        >
          <div
            class="rt-tr -padRow -odd"
            role="row"
          >
            <div
              class="rt-td td-bold td-min-wide"
              role="gridcell"
              style="flex: 100 0 auto; width: 100px;"
            >
              <span>
                 
              </span>
            </div>
            <div
              class="rt-td text-right"
              role="gridcell"
              style="flex: 100 0 auto; width: 100px;"
            >
              <span>
                 
              </span>
            </div>
            <div
              class="rt-td text-right"
              role="gridcell"
              style="flex: 120 0 auto; width: 120px;"
            >
              <span>
                 
              </span>
            </div>
            <div
              class="rt-td text-right"
              role="gridcell"
              style="flex: 100 0 auto; width: 100px;"
            >
              <span>
                 
              </span>
            </div>
            <div
              class="rt-td text-right"
              role="gridcell"
              style="flex: 100 0 auto; width: 100px;"
            >
              <span>
                 
              </span>
            </div>
            <div
              class="rt-td text-right"
              role="gridcell"
              style="flex: 100 0 auto; width: 100px;"
            >
              <span>
                 
              </span>
            </div>
            <div
              class="rt-td text-right"
              role="gridcell"
              style="flex: 100 0 auto; width: 100px;"
            >
              <span>
                 
              </span>
            </div>
          </div>
        </div>
        <div
          class="rt-tr-group"
          role="rowgroup"
        >
          <div
            class="rt-tr -padRow -even"
            role="row"
          >
            <div
              class="rt-td td-bold td-min-wide"
              role="gridcell"
              style="flex: 100 0 auto; width: 100px;"
            >
              <span>
                 
              </span>
            </div>
            <div
              class="rt-td text-right"
              role="gridcell"
              style="flex: 100 0 auto; width: 100px;"
            >
              <span>
                 
              </span>
            </div>
            <div
              class="rt-td text-right"
              role="gridcell"
              style="flex: 120 0 auto; width: 120px;"
            >
              <span>
                 
              </span>
            </div>
            <div
              class="rt-td text-right"
              role="gridcell"
              style="flex: 100 0 auto; width: 100px;"
            >
              <span>
                 
              </span>
            </div>
            <div
              class="rt-td text-right"
              role="gridcell"
              style="flex: 100 0 auto; width: 100px;"
            >
              <span>
                 
              </span>
            </div>
            <div
              class="rt-td text-right"
              role="gridcell"
              style="flex: 100 0 auto; width: 100px;"
            >
              <span>
                 
              </span>
            </div>
            <div
              class="rt-td text-right"
              role="gridcell"
              style="flex: 100 0 auto; width: 100px;"
            >
              <span>
                 
              </span>
            </div>
          </div>
        </div>
        <div
          class="rt-tr-group"
          role="rowgroup"
        >
          <div
            class="rt-tr -padRow -odd"
            role="row"
          >
            <div
              class="rt-td td-bold td-min-wide"
              role="gridcell"
              style="flex: 100 0 auto; width: 100px;"
            >
              <span>
                 
              </span>
            </div>
            <div
              class="rt-td text-right"
              role="gridcell"
              style="flex: 100 0 auto; width: 100px;"
            >
              <span>
                 
              </span>
            </div>
            <div
              class="rt-td text-right"
              role="gridcell"
              style="flex: 120 0 auto; width: 120px;"
            >
              <span>
                 
              </span>
            </div>
            <div
              class="rt-td text-right"
              role="gridcell"
              style="flex: 100 0 auto; width: 100px;"
            >
              <span>
                 
              </span>
            </div>
            <div
              class="rt-td text-right"
              role="gridcell"
              style="flex: 100 0 auto; width: 100px;"
            >
              <span>
                 
              </span>
            </div>
            <div
              class="rt-td text-right"
              role="gridcell"
              style="flex: 100 0 auto; width: 100px;"
            >
              <span>
                 
              </span>
            </div>
            <div
              class="rt-td text-right"
              role="gridcell"
              style="flex: 100 0 auto; width: 100px;"
            >
              <span>
                 
              </span>
            </div>
          </div>
        </div>
        <div
          class="rt-tr-group"
          role="rowgroup"
        >
          <div
            class="rt-tr -padRow -even"
            role="row"
          >
            <div
              class="rt-td td-bold td-min-wide"
              role="gridcell"
              style="flex: 100 0 auto; width: 100px;"
            >
              <span>
                 
              </span>
            </div>
            <div
              class="rt-td text-right"
              role="gridcell"
              style="flex: 100 0 auto; width: 100px;"
            >
              <span>
                 
              </span>
            </div>
            <div
              class="rt-td text-right"
              role="gridcell"
              style="flex: 120 0 auto; width: 120px;"
            >
              <span>
                 
              </span>
            </div>
            <div
              class="rt-td text-right"
              role="gridcell"
              style="flex: 100 0 auto; width: 100px;"
            >
              <span>
                 
              </span>
            </div>
            <div
              class="rt-td text-right"
              role="gridcell"
              style="flex: 100 0 auto; width: 100px;"
            >
              <span>
                 
              </span>
            </div>
            <div
              class="rt-td text-right"
              role="gridcell"
              style="flex: 100 0 auto; width: 100px;"
            >
              <span>
                 
              </span>
            </div>
            <div
              class="rt-td text-right"
              role="gridcell"
              style="flex: 100 0 auto; width: 100px;"
            >
              <span>
                 
              </span>
            </div>
          </div>
        </div>
        <div
          class="rt-tr-group"
          role="rowgroup"
        >
          <div
            class="rt-tr -padRow -odd"
            role="row"
          >
            <div
              class="rt-td td-bold td-min-wide"
              role="gridcell"
              style="flex: 100 0 auto; width: 100px;"
            >
              <span>
                 
              </span>
            </div>
            <div
              class="rt-td text-right"
              role="gridcell"
              style="flex: 100 0 auto; width: 100px;"
            >
              <span>
                 
              </span>
            </div>
            <div
              class="rt-td text-right"
              role="gridcell"
              style="flex: 120 0 auto; width: 120px;"
            >
              <span>
                 
              </span>
            </div>
            <div
              class="rt-td text-right"
              role="gridcell"
              style="flex: 100 0 auto; width: 100px;"
            >
              <span>
                 
              </span>
            </div>
            <div
              class="rt-td text-right"
              role="gridcell"
              style="flex: 100 0 auto; width: 100px;"
            >
              <span>
                 
              </span>
            </div>
            <div
              class="rt-td text-right"
              role="gridcell"
              style="flex: 100 0 auto; width: 100px;"
            >
              <span>
                 
              </span>
            </div>
            <div
              class="rt-td text-right"
              role="gridcell"
              style="flex: 100 0 auto; width: 100px;"
            >
              <span>
                 
              </span>
            </div>
          </div>
        </div>
        <div
          class="rt-tr-group"
          role="rowgroup"
        >
          <div
            class="rt-tr -padRow -even"
            role="row"
          >
            <div
              class="rt-td td-bold td-min-wide"
              role="gridcell"
              style="flex: 100 0 auto; width: 100px;"
            >
              <span>
                 
              </span>
            </div>
            <div
              class="rt-td text-right"
              role="gridcell"
              style="flex: 100 0 auto; width: 100px;"
            >
              <span>
                 
              </span>
            </div>
            <div
              class="rt-td text-right"
              role="gridcell"
              style="flex: 120 0 auto; width: 120px;"
            >
              <span>
                 
              </span>
            </div>
            <div
              class="rt-td text-right"
              role="gridcell"
              style="flex: 100 0 auto; width: 100px;"
            >
              <span>
                 
              </span>
            </div>
            <div
              class="rt-td text-right"
              role="gridcell"
              style="flex: 100 0 auto; width: 100px;"
            >
              <span>
                 
              </span>
            </div>
            <div
              class="rt-td text-right"
              role="gridcell"
              style="flex: 100 0 auto; width: 100px;"
            >
              <span>
                 
              </span>
            </div>
            <div
              class="rt-td text-right"
              role="gridcell"
              style="flex: 100 0 auto; width: 100px;"
            >
              <span>
                 
              </span>
            </div>
          </div>
        </div>
        <div
          class="rt-tr-group"
          role="rowgroup"
        >
          <div
            class="rt-tr -padRow -odd"
            role="row"
          >
            <div
              class="rt-td td-bold td-min-wide"
              role="gridcell"
              style="flex: 100 0 auto; width: 100px;"
            >
              <span>
                 
              </span>
            </div>
            <div
              class="rt-td text-right"
              role="gridcell"
              style="flex: 100 0 auto; width: 100px;"
            >
              <span>
                 
              </span>
            </div>
            <div
              class="rt-td text-right"
              role="gridcell"
              style="flex: 120 0 auto; width: 120px;"
            >
              <span>
                 
              </span>
            </div>
            <div
              class="rt-td text-right"
              role="gridcell"
              style="flex: 100 0 auto; width: 100px;"
            >
              <span>
                 
              </span>
            </div>
            <div
              class="rt-td text-right"
              role="gridcell"
              style="flex: 100 0 auto; width: 100px;"
            >
              <span>
                 
              </span>
            </div>
            <div
              class="rt-td text-right"
              role="gridcell"
              style="flex: 100 0 auto; width: 100px;"
            >
              <span>
                 
              </span>
            </div>
            <div
              class="rt-td text-right"
              role="gridcell"
              style="flex: 100 0 auto; width: 100px;"
            >
              <span>
                 
              </span>
            </div>
          </div>
        </div>
        <div
          class="rt-tr-group"
          role="rowgroup"
        >
          <div
            class="rt-tr -padRow -even"
            role="row"
          >
            <div
              class="rt-td td-bold td-min-wide"
              role="gridcell"
              style="flex: 100 0 auto; width: 100px;"
            >
              <span>
                 
              </span>
            </div>
            <div
              class="rt-td text-right"
              role="gridcell"
              style="flex: 100 0 auto; width: 100px;"
            >
              <span>
                 
              </span>
            </div>
            <div
              class="rt-td text-right"
              role="gridcell"
              style="flex: 120 0 auto; width: 120px;"
            >
              <span>
                 
              </span>
            </div>
            <div
              class="rt-td text-right"
              role="gridcell"
              style="flex: 100 0 auto; width: 100px;"
            >
              <span>
                 
              </span>
            </div>
            <div
              class="rt-td text-right"
              role="gridcell"
              style="flex: 100 0 auto; width: 100px;"
            >
              <span>
                 
              </span>
            </div>
            <div
              class="rt-td text-right"
              role="gridcell"
              style="flex: 100 0 auto; width: 100px;"
            >
              <span>
                 
              </span>
            </div>
            <div
              class="rt-td text-right"
              role="gridcell"
              style="flex: 100 0 auto; width: 100px;"
            >
              <span>
                 
              </span>
            </div>
          </div>
        </div>
        <div
          class="rt-tr-group"
          role="rowgroup"
        >
          <div
            class="rt-tr -padRow -odd"
            role="row"
          >
            <div
              class="rt-td td-bold td-min-wide"
              role="gridcell"
              style="flex: 100 0 auto; width: 100px;"
            >
              <span>
                 
              </span>
            </div>
            <div
              class="rt-td text-right"
              role="gridcell"
              style="flex: 100 0 auto; width: 100px;"
            >
              <span>
                 
              </span>
            </div>
            <div
              class="rt-td text-right"
              role="gridcell"
              style="flex: 120 0 auto; width: 120px;"
            >
              <span>
                 
              </span>
            </div>
            <div
              class="rt-td text-right"
              role="gridcell"
              style="flex: 100 0 auto; width: 100px;"
            >
              <span>
                 
              </span>
            </div>
            <div
              class="rt-td text-right"
              role="gridcell"
              style="flex: 100 0 auto; width: 100px;"
            >
              <span>
                 
              </span>
            </div>
            <div
              class="rt-td text-right"
              role="gridcell"
              style="flex: 100 0 auto; width: 100px;"
            >
              <span>
                 
              </span>
            </div>
            <div
              class="rt-td text-right"
              role="gridcell"
              style="flex: 100 0 auto; width: 100px;"
            >
              <span>
                 
              </span>
            </div>
          </div>
        </div>
        <div
          class="rt-tr-group"
          role="rowgroup"
        >
          <div
            class="rt-tr -padRow -even"
            role="row"
          >
            <div
              class="rt-td td-bold td-min-wide"
              role="gridcell"
              style="flex: 100 0 auto; width: 100px;"
            >
              <span>
                 
              </span>
            </div>
            <div
              class="rt-td text-right"
              role="gridcell"
              style="flex: 100 0 auto; width: 100px;"
            >
              <span>
                 
              </span>
            </div>
            <div
              class="rt-td text-right"
              role="gridcell"
              style="flex: 120 0 auto; width: 120px;"
            >
              <span>
                 
              </span>
            </div>
            <div
              class="rt-td text-right"
              role="gridcell"
              style="flex: 100 0 auto; width: 100px;"
            >
              <span>
                 
              </span>
            </div>
            <div
              class="rt-td text-right"
              role="gridcell"
              style="flex: 100 0 auto; width: 100px;"
            >
              <span>
                 
              </span>
            </div>
            <div
              class="rt-td text-right"
              role="gridcell"
              style="flex: 100 0 auto; width: 100px;"
            >
              <span>
                 
              </span>
            </div>
            <div
              class="rt-td text-right"
              role="gridcell"
              style="flex: 100 0 auto; width: 100px;"
            >
              <span>
                 
              </span>
            </div>
          </div>
        </div>
        <div
          class="rt-tr-group"
          role="rowgroup"
        >
          <div
            class="rt-tr -padRow -odd"
            role="row"
          >
            <div
              class="rt-td td-bold td-min-wide"
              role="gridcell"
              style="flex: 100 0 auto; width: 100px;"
            >
              <span>
                 
              </span>
            </div>
            <div
              class="rt-td text-right"
              role="gridcell"
              style="flex: 100 0 auto; width: 100px;"
            >
              <span>
                 
              </span>
            </div>
            <div
              class="rt-td text-right"
              role="gridcell"
              style="flex: 120 0 auto; width: 120px;"
            >
              <span>
                 
              </span>
            </div>
            <div
              class="rt-td text-right"
              role="gridcell"
              style="flex: 100 0 auto; width: 100px;"
            >
              <span>
                 
              </span>
            </div>
            <div
              class="rt-td text-right"
              role="gridcell"
              style="flex: 100 0 auto; width: 100px;"
            >
              <span>
                 
              </span>
            </div>
            <div
              class="rt-td text-right"
              role="gridcell"
              style="flex: 100 0 auto; width: 100px;"
            >
              <span>
                 
              </span>
            </div>
            <div
              class="rt-td text-right"
              role="gridcell"
              style="flex: 100 0 auto; width: 100px;"
            >
              <span>
                 
              </span>
            </div>
          </div>
        </div>
        <div
          class="rt-tr-group"
          role="rowgroup"
        >
          <div
            class="rt-tr -padRow -even"
            role="row"
          >
            <div
              class="rt-td td-bold td-min-wide"
              role="gridcell"
              style="flex: 100 0 auto; width: 100px;"
            >
              <span>
                 
              </span>
            </div>
            <div
              class="rt-td text-right"
              role="gridcell"
              style="flex: 100 0 auto; width: 100px;"
            >
              <span>
                 
              </span>
            </div>
            <div
              class="rt-td text-right"
              role="gridcell"
              style="flex: 120 0 auto; width: 120px;"
            >
              <span>
                 
              </span>
            </div>
            <div
              class="rt-td text-right"
              role="gridcell"
              style="flex: 100 0 auto; width: 100px;"
            >
              <span>
                 
              </span>
            </div>
            <div
              class="rt-td text-right"
              role="gridcell"
              style="flex: 100 0 auto; width: 100px;"
            >
              <span>
                 
              </span>
            </div>
            <div
              class="rt-td text-right"
              role="gridcell"
              style="flex: 100 0 auto; width: 100px;"
            >
              <span>
                 
              </span>
            </div>
            <div
              class="rt-td text-right"
              role="gridcell"
              style="flex: 100 0 auto; width: 100px;"
            >
              <span>
                 
              </span>
            </div>
          </div>
        </div>
        <div
          class="rt-tr-group"
          role="rowgroup"
        >
          <div
            class="rt-tr -padRow -odd"
            role="row"
          >
            <div
              class="rt-td td-bold td-min-wide"
              role="gridcell"
              style="flex: 100 0 auto; width: 100px;"
            >
              <span>
                 
              </span>
            </div>
            <div
              class="rt-td text-right"
              role="gridcell"
              style="flex: 100 0 auto; width: 100px;"
            >
              <span>
                 
              </span>
            </div>
            <div
              class="rt-td text-right"
              role="gridcell"
              style="flex: 120 0 auto; width: 120px;"
            >
              <span>
                 
              </span>
            </div>
            <div
              class="rt-td text-right"
              role="gridcell"
              style="flex: 100 0 auto; width: 100px;"
            >
              <span>
                 
              </span>
            </div>
            <div
              class="rt-td text-right"
              role="gridcell"
              style="flex: 100 0 auto; width: 100px;"
            >
              <span>
                 
              </span>
            </div>
            <div
              class="rt-td text-right"
              role="gridcell"
              style="flex: 100 0 auto; width: 100px;"
            >
              <span>
                 
              </span>
            </div>
            <div
              class="rt-td text-right"
              role="gridcell"
              style="flex: 100 0 auto; width: 100px;"
            >
              <span>
                 
              </span>
            </div>
          </div>
        </div>
        <div
          class="rt-tr-group"
          role="rowgroup"
        >
          <div
            class="rt-tr -padRow -even"
            role="row"
          >
            <div
              class="rt-td td-bold td-min-wide"
              role="gridcell"
              style="flex: 100 0 auto; width: 100px;"
            >
              <span>
                 
              </span>
            </div>
            <div
              class="rt-td text-right"
              role="gridcell"
              style="flex: 100 0 auto; width: 100px;"
            >
              <span>
                 
              </span>
            </div>
            <div
              class="rt-td text-right"
              role="gridcell"
              style="flex: 120 0 auto; width: 120px;"
            >
              <span>
                 
              </span>
            </div>
            <div
              class="rt-td text-right"
              role="gridcell"
              style="flex: 100 0 auto; width: 100px;"
            >
              <span>
                 
              </span>
            </div>
            <div
              class="rt-td text-right"
              role="gridcell"
              style="flex: 100 0 auto; width: 100px;"
            >
              <span>
                 
              </span>
            </div>
            <div
              class="rt-td text-right"
              role="gridcell"
              style="flex: 100 0 auto; width: 100px;"
            >
              <span>
                 
              </span>
            </div>
            <div
              class="rt-td text-right"
              role="gridcell"
              style="flex: 100 0 auto; width: 100px;"
            >
              <span>
                 
              </span>
            </div>
          </div>
        </div>
        <div
          class="rt-tr-group"
          role="rowgroup"
        >
          <div
            class="rt-tr -padRow -odd"
            role="row"
          >
            <div
              class="rt-td td-bold td-min-wide"
              role="gridcell"
              style="flex: 100 0 auto; width: 100px;"
            >
              <span>
                 
              </span>
            </div>
            <div
              class="rt-td text-right"
              role="gridcell"
              style="flex: 100 0 auto; width: 100px;"
            >
              <span>
                 
              </span>
            </div>
            <div
              class="rt-td text-right"
              role="gridcell"
              style="flex: 120 0 auto; width: 120px;"
            >
              <span>
                 
              </span>
            </div>
            <div
              class="rt-td text-right"
              role="gridcell"
              style="flex: 100 0 auto; width: 100px;"
            >
              <span>
                 
              </span>
            </div>
            <div
              class="rt-td text-right"
              role="gridcell"
              style="flex: 100 0 auto; width: 100px;"
            >
              <span>
                 
              </span>
            </div>
            <div
              class="rt-td text-right"
              role="gridcell"
              style="flex: 100 0 auto; width: 100px;"
            >
              <span>
                 
              </span>
            </div>
            <div
              class="rt-td text-right"
              role="gridcell"
              style="flex: 100 0 auto; width: 100px;"
            >
              <span>
                 
              </span>
            </div>
          </div>
        </div>
        <div
          class="rt-tr-group"
          role="rowgroup"
        >
          <div
            class="rt-tr -padRow -even"
            role="row"
          >
            <div
              class="rt-td td-bold td-min-wide"
              role="gridcell"
              style="flex: 100 0 auto; width: 100px;"
            >
              <span>
                 
              </span>
            </div>
            <div
              class="rt-td text-right"
              role="gridcell"
              style="flex: 100 0 auto; width: 100px;"
            >
              <span>
                 
              </span>
            </div>
            <div
              class="rt-td text-right"
              role="gridcell"
              style="flex: 120 0 auto; width: 120px;"
            >
              <span>
                 
              </span>
            </div>
            <div
              class="rt-td text-right"
              role="gridcell"
              style="flex: 100 0 auto; width: 100px;"
            >
              <span>
                 
              </span>
            </div>
            <div
              class="rt-td text-right"
              role="gridcell"
              style="flex: 100 0 auto; width: 100px;"
            >
              <span>
                 
              </span>
            </div>
            <div
              class="rt-td text-right"
              role="gridcell"
              style="flex: 100 0 auto; width: 100px;"
            >
              <span>
                 
              </span>
            </div>
            <div
              class="rt-td text-right"
              role="gridcell"
              style="flex: 100 0 auto; width: 100px;"
            >
              <span>
                 
              </span>
            </div>
          </div>
        </div>
        <div
          class="rt-tr-group"
          role="rowgroup"
        >
          <div
            class="rt-tr -padRow -odd"
            role="row"
          >
            <div
              class="rt-td td-bold td-min-wide"
              role="gridcell"
              style="flex: 100 0 auto; width: 100px;"
            >
              <span>
                 
              </span>
            </div>
            <div
              class="rt-td text-right"
              role="gridcell"
              style="flex: 100 0 auto; width: 100px;"
            >
              <span>
                 
              </span>
            </div>
            <div
              class="rt-td text-right"
              role="gridcell"
              style="flex: 120 0 auto; width: 120px;"
            >
              <span>
                 
              </span>
            </div>
            <div
              class="rt-td text-right"
              role="gridcell"
              style="flex: 100 0 auto; width: 100px;"
            >
              <span>
                 
              </span>
            </div>
            <div
              class="rt-td text-right"
              role="gridcell"
              style="flex: 100 0 auto; width: 100px;"
            >
              <span>
                 
              </span>
            </div>
            <div
              class="rt-td text-right"
              role="gridcell"
              style="flex: 100 0 auto; width: 100px;"
            >
              <span>
                 
              </span>
            </div>
            <div
              class="rt-td text-right"
              role="gridcell"
              style="flex: 100 0 auto; width: 100px;"
            >
              <span>
                 
              </span>
            </div>
          </div>
        </div>
        <div
          class="rt-tr-group"
          role="rowgroup"
        >
          <div
            class="rt-tr -padRow -even"
            role="row"
          >
            <div
              class="rt-td td-bold td-min-wide"
              role="gridcell"
              style="flex: 100 0 auto; width: 100px;"
            >
              <span>
                 
              </span>
            </div>
            <div
              class="rt-td text-right"
              role="gridcell"
              style="flex: 100 0 auto; width: 100px;"
            >
              <span>
                 
              </span>
            </div>
            <div
              class="rt-td text-right"
              role="gridcell"
              style="flex: 120 0 auto; width: 120px;"
            >
              <span>
                 
              </span>
            </div>
            <div
              class="rt-td text-right"
              role="gridcell"
              style="flex: 100 0 auto; width: 100px;"
            >
              <span>
                 
              </span>
            </div>
            <div
              class="rt-td text-right"
              role="gridcell"
              style="flex: 100 0 auto; width: 100px;"
            >
              <span>
                 
              </span>
            </div>
            <div
              class="rt-td text-right"
              role="gridcell"
              style="flex: 100 0 auto; width: 100px;"
            >
              <span>
                 
              </span>
            </div>
            <div
              class="rt-td text-right"
              role="gridcell"
              style="flex: 100 0 auto; width: 100px;"
            >
              <span>
                 
              </span>
            </div>
          </div>
        </div>
      </div>
    </div>
    <div
      class="-loading"
    >
      <div
        class="-loading-inner"
      >
        Loading...
      </div>
    </div>
  </div>
</DocumentFragment>
`;
