---
http_interactions:
- request:
    method: post
    uri: https://<<SALESFORCE_HOST>>/services/oauth2/token
    body:
      encoding: US-ASCII
      string: grant_type=password&client_id=<<SALESFORCE_CLIENT_ID>>&client_secret=<<SALESFORCE_CLIENT_SECRET>>&username=<<SALESFORCE_USERNAME>>&password=<<SALESFORCE_PASSWORD>><<SALESFORCE_SECURITY_TOKEN>>
    headers:
      User-Agent:
      - Faraday v0.12.2
      Content-Type:
      - application/x-www-form-urlencoded
      Accept-Encoding:
      - gzip;q=1.0,deflate;q=0.6,identity;q=0.3
      Accept:
      - "*/*"
  response:
    status:
      code: 200
      message: OK
    headers:
      Date:
      - Thu, 13 Dec 2018 02:38:52 GMT
      Strict-Transport-Security:
      - max-age=31536000; includeSubDomains
      X-Content-Type-Options:
      - nosniff
      X-Xss-Protection:
      - 1; mode=block
      Content-Security-Policy:
      - upgrade-insecure-requests
      Cache-Control:
      - no-cache,must-revalidate,max-age=0,no-store,private
      Set-Cookie:
      - BrowserId=6UDUEnRQSzG1qb8Ixid0Kg;Path=/;Domain=.salesforce.com;Expires=Mon,
        11-Feb-2019 02:38:52 GMT;Max-Age=5184000
      Expires:
      - Thu, 01 Jan 1970 00:00:00 GMT
      X-Readonlymode:
      - 'false'
      Content-Type:
      - application/json;charset=UTF-8
      Vary:
      - Accept-Encoding
      Transfer-Encoding:
      - chunked
    body:
      encoding: UTF-8
      string: '{"access_token":"<<ACCESS_TOKEN>>","instance_url":"<<SALESFORCE_INSTANCE_URL>>","id":"https://<<SALESFORCE_HOST>>/id/00D0U0000000Qf1UAE/005U00000066jl9IAA","token_type":"Bearer","issued_at":"1544668733077","signature":"nXkSzLIzg58In46itgCVnoC/G+hpTac5NtV82k1ZQUE="}'
    http_version: 
  recorded_at: Thu, 13 Dec 2018 02:38:53 GMT
- request:
    method: get
    uri: "<<SALESFORCE_INSTANCE_URL>>/services/data/v<<SALESFORCE_API_VERSION>>/query?q=%0A%20%20%20%20%20%20%20%20%20%20SELECT%20Id,%20Name,%20Applicant__c,%20Primary_Applicant__c,%20Alternate_Contact__c,%20Listing__c,%20Listing__r.Name,%20Listing__r.Id,%20Status__c,%20Listing__r.Reserved_community_type__c,%20Total_Household_Size__c,%20Application_Submission_Type__c,%20Application_Submitted_Date__c,%20CreatedBy.Name,%20Annual_Income__c,%20Confirmed_Household_Annual_Income__c,%20Household_Assets__c,%20HH_Total_Income_with_Assets_Annual__c,%20Monthly_Income__c,%20Is_Lottery_Complete__c,%20Housing_Voucher_or_Subsidy__c,%20Referral_Source__c,%20Application_Language__c,%20Lottery_Number_Manual__c,%20Lottery_Number__c,%20Total_Monthly_Rent__c,%20General_Lottery__c,%20General_Lottery_Rank__c,%20Answered_Community_Screening__c,%20Has_Military_Service__c,%20Reserved_Senior__c,%20Has_DevelopmentalDisability__c,%20Has_ADA_Priorities_Selected__c,%20Terms_Acknowledged__c,%20Applicant__r.Id,%20Applicant__r.First_Name__c,%20Applicant__r.Last_Name__c,%20Applicant__r.Middle_Name__c,%20Applicant__r.Name__c,%20Applicant__r.Date_of_Birth__c,%20Applicant__r.Phone_Type__c,%20Applicant__r.Phone__c,%20Applicant__r.Second_Phone_Type__c,%20Applicant__r.Second_Phone__c,%20Applicant__r.Email__c,%20Applicant__r.Primary_Language__c,%20Applicant__r.Residence_Address__c,%20Applicant__r.Street__c,%20Applicant__r.City__c,%20Applicant__r.State__c,%20Applicant__r.Zip_Code__c,%20Applicant__r.Mailing_Address__c,%20Applicant__r.Mailing_Street__c,%20Applicant__r.Mailing_City__c,%20Applicant__r.Mailing_State__c,%20Applicant__r.Mailing_Zip_Code__c,%20Applicant__r.Marital_Status__c,%20Alternate_Contact__r.Id,%20Alternate_Contact__r.First_Name__c,%20Alternate_Contact__r.Middle_Name__c,%20Alternate_Contact__r.Last_Name__c,%20Alternate_Contact__r.Phone_Type__c,%20Alternate_Contact__r.Phone__c,%20Alternate_Contact__r.Email__c,%20Alternate_Contact__r.Agency_Name__c,%20Alternate_Contact__r.Alternate_Contact_Type__c,%20Alternate_Contact__r.Alternate_Contact_Type_Other__c,%20Number_of_Dependents__c,%20Alternate_Contact__r.Residence_Address__c,%20Alternate_Contact__r.Street__c,%20Alternate_Contact__r.City__c,%20Alternate_Contact__r.State__c,%20Alternate_Contact__r.Zip_Code__c,%20Alternate_Contact__r.Mailing_Address__c,%20Alternate_Contact__r.Mailing_Street__c,%20Alternate_Contact__r.Mailing_City__c,%20Alternate_Contact__r.Mailing_State__c,%20Alternate_Contact__r.Mailing_Zip_Code__c,%20Alternate_Contact__r.Marital_Status__c,%20Processing_Status__c%0A%20%20%20%20%20%20%20%20%20%20FROM%20Application__c%0A%20%20%20%20%20%20%20%20%20%20WHERE%20Id%20=%20%27a0o0U000000VVwXQAW%27%0A%20%20%20%20%20%20%20%20%20%20AND%20Status__c%20!=%20%27Draft%27%0A%20%20%20%20%20%20%20%20%20%20LIMIT%201%0A%20%20%20%20%20%20%20%20"
    body:
      encoding: US-ASCII
      string: ''
    headers:
      User-Agent:
      - Faraday v0.12.2
      Authorization:
      - OAuth <<ACCESS_TOKEN>>
      Accept-Encoding:
      - gzip;q=1.0,deflate;q=0.6,identity;q=0.3
      Accept:
      - "*/*"
  response:
    status:
      code: 200
      message: OK
    headers:
      Date:
      - Thu, 13 Dec 2018 02:38:53 GMT
      Strict-Transport-Security:
      - max-age=31536002; includeSubDomains
      Public-Key-Pins-Report-Only:
      - pin-sha256="9n0izTnSRF+W4W4JTq51avSXkWhQB8duS2bxVLfzXsY="; pin-sha256="5kJvNEMw0KjrCAu7eXY5HZdvyCS13BbA0VJG1RSP91w=";
        pin-sha256="njN4rRG+22dNXAi+yb8e3UMypgzPUPHlv4+foULwl1g="; max-age=86400;
        includeSubDomains; report-uri="https://calm-dawn-26291.herokuapp.com/hpkp-report/00D0U0000000Qf1m";
      Expect-Ct:
      - max-age=0; report-uri="https://calm-dawn-26291.herokuapp.com/Expect-CT-report/00D0U0000000Qf1m";
      X-Robots-Tag:
      - none
      Cache-Control:
      - no-cache,must-revalidate,max-age=0,no-store,private
      Set-Cookie:
      - BrowserId=pWX239PfRxKk7fOuoVaZFQ;Path=/;Domain=.salesforce.com;Expires=Mon,
        11-Feb-2019 02:38:53 GMT;Max-Age=5184000
      Expires:
      - Thu, 01 Jan 1970 00:00:00 GMT
      Sforce-Limit-Info:
      - api-usage=2412/5000000
      Content-Type:
      - application/json;charset=UTF-8
      Vary:
      - Accept-Encoding
      Transfer-Encoding:
      - chunked
    body:
      encoding: UTF-8
      string: '{"totalSize":1,"done":true,"records":[{"attributes":{"type":"Application__c","url":"/services/data/v<<SALESFORCE_API_VERSION>>/sobjects/Application__c/a0o0U000000VVwXQAW"},"Id":"a0o0U000000VVwXQAW","Name":"APP-00262258","Applicant__c":"a0n0U0000030tCLQAY","Primary_Applicant__c":"0030U00000P8m5oQAB","Alternate_Contact__c":"a0n0U0000030tCaQAI","Listing__c":"a0W0U000000MX4vUAG","Listing__r":{"attributes":{"type":"Listing__c","url":"/services/data/v<<SALESFORCE_API_VERSION>>/sobjects/Listing__c/a0W0U000000MX4vUAG"},"Name":"LAP
        Test Listing (Do not Modify) - Yellow Acres","Id":"a0W0U000000MX4vUAG","Reserved_community_type__c":null},"Status__c":"Submitted","Total_Household_Size__c":1.0,"Application_Submission_Type__c":"Electronic","Application_Submitted_Date__c":"2018-12-12","CreatedBy":{"attributes":{"type":"User","url":"/services/data/v<<SALESFORCE_API_VERSION>>/sobjects/User/0050P000007H5XsQAK"},"Name":"Prod
        Vertiba"},"Annual_Income__c":40000.0,"Confirmed_Household_Annual_Income__c":35000.0,"Household_Assets__c":null,"HH_Total_Income_with_Assets_Annual__c":null,"Monthly_Income__c":null,"Is_Lottery_Complete__c":false,"Housing_Voucher_or_Subsidy__c":"false","Referral_Source__c":null,"Application_Language__c":"English","Lottery_Number_Manual__c":null,"Lottery_Number__c":"00262258","Total_Monthly_Rent__c":100.0,"General_Lottery__c":false,"General_Lottery_Rank__c":null,"Answered_Community_Screening__c":null,"Has_Military_Service__c":null,"Reserved_Senior__c":null,"Has_DevelopmentalDisability__c":null,"Has_ADA_Priorities_Selected__c":null,"Terms_Acknowledged__c":false,"Applicant__r":{"attributes":{"type":"Application_Member__c","url":"/services/data/v<<SALESFORCE_API_VERSION>>/sobjects/Application_Member__c/a0n0U0000030tCLQAY"},"Id":"a0n0U0000030tCLQAY","First_Name__c":"Partha","Last_Name__c":"Nerr","Middle_Name__c":null,"Name__c":"Partha
        Nerr","Date_of_Birth__c":"1975-03-03","Phone_Type__c":"Work","Phone__c":"(415)
        555-6868","Second_Phone_Type__c":null,"Second_Phone__c":null,"Email__c":null,"Primary_Language__c":null,"Residence_Address__c":"25
        VAN NESS AVE, SAN FRANCISCO, CA, 94102-6033","Street__c":"25 VAN NESS AVE","City__c":"SAN
        FRANCISCO","State__c":"CA","Zip_Code__c":"94102-6033","Mailing_Address__c":"25
        VAN NESS AVE, SAN FRANCISCO, CA, 94102-6033","Mailing_Street__c":"25 VAN NESS
        AVE","Mailing_City__c":"SAN FRANCISCO","Mailing_State__c":"CA","Mailing_Zip_Code__c":"94102-6033","Marital_Status__c":null},"Alternate_Contact__r":{"attributes":{"type":"Application_Member__c","url":"/services/data/v<<SALESFORCE_API_VERSION>>/sobjects/Application_Member__c/a0n0U0000030tCaQAI"},"Id":"a0n0U0000030tCaQAI","First_Name__c":"Flora","Middle_Name__c":null,"Last_Name__c":"Matts","Phone_Type__c":null,"Phone__c":"(415)
        555-7777","Email__c":null,"Agency_Name__c":null,"Alternate_Contact_Type__c":"Other","Alternate_Contact_Type_Other__c":"Colleague","Residence_Address__c":null,"Street__c":null,"City__c":null,"State__c":null,"Zip_Code__c":null,"Mailing_Address__c":null,"Mailing_Street__c":null,"Mailing_City__c":null,"Mailing_State__c":null,"Mailing_Zip_Code__c":null,"Marital_Status__c":null},"Number_of_Dependents__c":null,"Processing_Status__c":"Processing"}]}'
    http_version: 
  recorded_at: Thu, 13 Dec 2018 02:38:53 GMT
- request:
    method: get
    uri: "<<SALESFORCE_INSTANCE_URL>>/services/data/v<<SALESFORCE_API_VERSION>>/query?q=%0A%20%20%20%20%20%20%20%20%20%20SELECT%20Id,%20Name,%20Preference_Name__c,%20Person_who_claimed_Name__c,%20Type_of_proof__c,%20Opt_Out__c,%20Lottery_Status__c,%20Preference_Lottery_Rank__c,%20Listing_Preference_ID__c,%20Receives_Preference__c,%20Application_Member__c,%20Application_Member__r.First_Name__c,%20Application_Member__r.Last_Name__c,%20Application_Member__r.Date_of_Birth__c,%20Application_Member__r.Id,%20Individual_preference__c,%20Certificate_Number__c,%20Preference_Order__c,%20RecordType.DeveloperName,%20LW_Type_of_Proof__c,%20City__c,%20State__c,%20Street__c,%20Zip_Code__c,%20Post_Lottery_Validation__c,%20Total_Household_Rent__c%0A%20%20%20%20%20%20%20%20%20%20FROM%20Application_Preference__c%0A%20%20%20%20%20%20%20%20%20%20WHERE%20Application__c%20=%20%27a0o0U000000VVwXQAW%27%0A%20%20%20%20%20%20%20%20"
    body:
      encoding: US-ASCII
      string: ''
    headers:
      User-Agent:
      - Faraday v0.12.2
      Authorization:
      - OAuth <<ACCESS_TOKEN>>
      Accept-Encoding:
      - gzip;q=1.0,deflate;q=0.6,identity;q=0.3
      Accept:
      - "*/*"
  response:
    status:
      code: 200
      message: OK
    headers:
      Date:
      - Thu, 13 Dec 2018 02:38:54 GMT
      Strict-Transport-Security:
      - max-age=31536002; includeSubDomains
      Public-Key-Pins-Report-Only:
      - pin-sha256="9n0izTnSRF+W4W4JTq51avSXkWhQB8duS2bxVLfzXsY="; pin-sha256="5kJvNEMw0KjrCAu7eXY5HZdvyCS13BbA0VJG1RSP91w=";
        pin-sha256="njN4rRG+22dNXAi+yb8e3UMypgzPUPHlv4+foULwl1g="; max-age=86400;
        includeSubDomains; report-uri="https://calm-dawn-26291.herokuapp.com/hpkp-report/00D0U0000000Qf1m";
      Expect-Ct:
      - max-age=0; report-uri="https://calm-dawn-26291.herokuapp.com/Expect-CT-report/00D0U0000000Qf1m";
      X-Robots-Tag:
      - none
      Cache-Control:
      - no-cache,must-revalidate,max-age=0,no-store,private
      Set-Cookie:
      - BrowserId=csU5bUYKSVSVB96Wwi5sSg;Path=/;Domain=.salesforce.com;Expires=Mon,
        11-Feb-2019 02:38:54 GMT;Max-Age=5184000
      Expires:
      - Thu, 01 Jan 1970 00:00:00 GMT
      Sforce-Limit-Info:
      - api-usage=2412/5000000
      Content-Type:
      - application/json;charset=UTF-8
      Vary:
      - Accept-Encoding
      Transfer-Encoding:
      - chunked
    body:
      encoding: UTF-8
      string: '{"totalSize":8,"done":true,"records":[{"attributes":{"type":"Application_Preference__c","url":"/services/data/v<<SALESFORCE_API_VERSION>>/sobjects/Application_Preference__c/a0w0U000001EXhuQAG"},"Id":"a0w0U000001EXhuQAG","Name":"AP-0000851989","Preference_Name__c":"Certificate
        of Preference (COP)","Person_who_claimed_Name__c":null,"Type_of_proof__c":null,"Opt_Out__c":false,"Lottery_Status__c":null,"Preference_Lottery_Rank__c":null,"Listing_Preference_ID__c":"a0l0U000003nNfiQAE","Receives_Preference__c":false,"Application_Member__c":null,"Application_Member__r":null,"Individual_preference__c":null,"Certificate_Number__c":null,"Preference_Order__c":1.0,"RecordType":{"attributes":{"type":"RecordType","url":"/services/data/v<<SALESFORCE_API_VERSION>>/sobjects/RecordType/0120P000000R7BHQA0"},"DeveloperName":"COP"},"LW_Type_of_Proof__c":null,"City__c":null,"State__c":null,"Street__c":null,"Zip_Code__c":null,"Post_Lottery_Validation__c":null,"Total_Household_Rent__c":100.0},{"attributes":{"type":"Application_Preference__c","url":"/services/data/v<<SALESFORCE_API_VERSION>>/sobjects/Application_Preference__c/a0w0U000001EXhxQAG"},"Id":"a0w0U000001EXhxQAG","Name":"AP-0000851992","Preference_Name__c":"Live
        or Work in San Francisco Preference","Person_who_claimed_Name__c":null,"Type_of_proof__c":null,"Opt_Out__c":false,"Lottery_Status__c":"None","Preference_Lottery_Rank__c":4.0,"Listing_Preference_ID__c":"a0l0U000003nNfxQAE","Receives_Preference__c":true,"Application_Member__c":null,"Application_Member__r":null,"Individual_preference__c":null,"Certificate_Number__c":null,"Preference_Order__c":4.0,"RecordType":{"attributes":{"type":"RecordType","url":"/services/data/v<<SALESFORCE_API_VERSION>>/sobjects/RecordType/0120P000000R7BKQA0"},"DeveloperName":"L_W"},"LW_Type_of_Proof__c":null,"City__c":null,"State__c":null,"Street__c":null,"Zip_Code__c":null,"Post_Lottery_Validation__c":"Unconfirmed","Total_Household_Rent__c":100.0},{"attributes":{"type":"Application_Preference__c","url":"/services/data/v<<SALESFORCE_API_VERSION>>/sobjects/Application_Preference__c/a0w0U000001EXhvQAG"},"Id":"a0w0U000001EXhvQAG","Name":"AP-0000851990","Preference_Name__c":"Displaced
        Tenant Housing Preference (DTHP)","Person_who_claimed_Name__c":"Partha Nerr","Type_of_proof__c":null,"Opt_Out__c":false,"Lottery_Status__c":"Valid
        for lottery","Preference_Lottery_Rank__c":1.0,"Listing_Preference_ID__c":"a0l0U000003nNfnQAE","Receives_Preference__c":true,"Application_Member__c":"a0n0U0000030tCLQAY","Application_Member__r":{"attributes":{"type":"Application_Member__c","url":"/services/data/v<<SALESFORCE_API_VERSION>>/sobjects/Application_Member__c/a0n0U0000030tCLQAY"},"First_Name__c":"Partha","Last_Name__c":"Nerr","Date_of_Birth__c":"1975-03-03","Id":"a0n0U0000030tCLQAY"},"Individual_preference__c":null,"Certificate_Number__c":null,"Preference_Order__c":2.0,"RecordType":{"attributes":{"type":"RecordType","url":"/services/data/v<<SALESFORCE_API_VERSION>>/sobjects/RecordType/0120P000000R7BJQA0"},"DeveloperName":"DTHP"},"LW_Type_of_Proof__c":null,"City__c":null,"State__c":null,"Street__c":null,"Zip_Code__c":null,"Post_Lottery_Validation__c":"Confirmed","Total_Household_Rent__c":100.0},{"attributes":{"type":"Application_Preference__c","url":"/services/data/v<<SALESFORCE_API_VERSION>>/sobjects/Application_Preference__c/a0w0U000001GM5fQAG"},"Id":"a0w0U000001GM5fQAG","Name":"AP-0000880723","Preference_Name__c":"Neighborhood
        Resident Housing Preference (NRHP)","Person_who_claimed_Name__c":null,"Type_of_proof__c":null,"Opt_Out__c":false,"Lottery_Status__c":null,"Preference_Lottery_Rank__c":null,"Listing_Preference_ID__c":"a0l0U000003npavQAA","Receives_Preference__c":false,"Application_Member__c":null,"Application_Member__r":null,"Individual_preference__c":null,"Certificate_Number__c":null,"Preference_Order__c":6.0,"RecordType":{"attributes":{"type":"RecordType","url":"/services/data/v<<SALESFORCE_API_VERSION>>/sobjects/RecordType/0120P000000R7BLQA0"},"DeveloperName":"NRHP"},"LW_Type_of_Proof__c":null,"City__c":null,"State__c":null,"Street__c":null,"Zip_Code__c":null,"Post_Lottery_Validation__c":null,"Total_Household_Rent__c":100.0},{"attributes":{"type":"Application_Preference__c","url":"/services/data/v<<SALESFORCE_API_VERSION>>/sobjects/Application_Preference__c/a0w0U000001GM5hQAG"},"Id":"a0w0U000001GM5hQAG","Name":"AP-0000880725","Preference_Name__c":"Anti-Displacement
        Housing Preference (ADHP)","Person_who_claimed_Name__c":null,"Type_of_proof__c":null,"Opt_Out__c":false,"Lottery_Status__c":"Unconfirmed","Preference_Lottery_Rank__c":null,"Listing_Preference_ID__c":"a0l0U000003npb5QAA","Receives_Preference__c":false,"Application_Member__c":null,"Application_Member__r":null,"Individual_preference__c":null,"Certificate_Number__c":null,"Preference_Order__c":8.0,"RecordType":{"attributes":{"type":"RecordType","url":"/services/data/v<<SALESFORCE_API_VERSION>>/sobjects/RecordType/0120P000000R7BGQA0"},"DeveloperName":"ADHP"},"LW_Type_of_Proof__c":null,"City__c":null,"State__c":null,"Street__c":null,"Zip_Code__c":null,"Post_Lottery_Validation__c":null,"Total_Household_Rent__c":100.0},{"attributes":{"type":"Application_Preference__c","url":"/services/data/v<<SALESFORCE_API_VERSION>>/sobjects/Application_Preference__c/a0w0U000001EXhwQAG"},"Id":"a0w0U000001EXhwQAG","Name":"AP-0000851991","Preference_Name__c":"Rent
        Burdened / Assisted Housing Preference","Person_who_claimed_Name__c":null,"Type_of_proof__c":null,"Opt_Out__c":false,"Lottery_Status__c":null,"Preference_Lottery_Rank__c":null,"Listing_Preference_ID__c":"a0l0U000003nNfsQAE","Receives_Preference__c":false,"Application_Member__c":null,"Application_Member__r":null,"Individual_preference__c":null,"Certificate_Number__c":null,"Preference_Order__c":3.0,"RecordType":{"attributes":{"type":"RecordType","url":"/services/data/v<<SALESFORCE_API_VERSION>>/sobjects/RecordType/0120P000000R7BMQA0"},"DeveloperName":"RB_AHP"},"LW_Type_of_Proof__c":null,"City__c":null,"State__c":null,"Street__c":null,"Zip_Code__c":null,"Post_Lottery_Validation__c":null,"Total_Household_Rent__c":100.0},{"attributes":{"type":"Application_Preference__c","url":"/services/data/v<<SALESFORCE_API_VERSION>>/sobjects/Application_Preference__c/a0w0U000001GM5eQAG"},"Id":"a0w0U000001GM5eQAG","Name":"AP-0000880722","Preference_Name__c":"Alice
        Griffith Housing Development Resident","Person_who_claimed_Name__c":null,"Type_of_proof__c":null,"Opt_Out__c":false,"Lottery_Status__c":"None","Preference_Lottery_Rank__c":null,"Listing_Preference_ID__c":"a0l0U000003npaqQAA","Receives_Preference__c":false,"Application_Member__c":null,"Application_Member__r":null,"Individual_preference__c":null,"Certificate_Number__c":null,"Preference_Order__c":5.0,"RecordType":{"attributes":{"type":"RecordType","url":"/services/data/v<<SALESFORCE_API_VERSION>>/sobjects/RecordType/0120P000000NHVqQAO"},"DeveloperName":"AG"},"LW_Type_of_Proof__c":null,"City__c":null,"State__c":null,"Street__c":null,"Zip_Code__c":null,"Post_Lottery_Validation__c":null,"Total_Household_Rent__c":100.0},{"attributes":{"type":"Application_Preference__c","url":"/services/data/v<<SALESFORCE_API_VERSION>>/sobjects/Application_Preference__c/a0w0U000001GM5gQAG"},"Id":"a0w0U000001GM5gQAG","Name":"AP-0000880724","Preference_Name__c":"Artist
        Fund (Test Custom Pref)","Person_who_claimed_Name__c":null,"Type_of_proof__c":null,"Opt_Out__c":false,"Lottery_Status__c":"Unconfirmed","Preference_Lottery_Rank__c":null,"Listing_Preference_ID__c":"a0l0U000003npb0QAA","Receives_Preference__c":false,"Application_Member__c":null,"Application_Member__r":null,"Individual_preference__c":null,"Certificate_Number__c":null,"Preference_Order__c":7.0,"RecordType":{"attributes":{"type":"RecordType","url":"/services/data/v<<SALESFORCE_API_VERSION>>/sobjects/RecordType/0120P000000R7BIQA0"},"DeveloperName":"Custom"},"LW_Type_of_Proof__c":null,"City__c":null,"State__c":null,"Street__c":null,"Zip_Code__c":null,"Post_Lottery_Validation__c":null,"Total_Household_Rent__c":100.0}]}'
    http_version: 
  recorded_at: Thu, 13 Dec 2018 02:38:54 GMT
- request:
    method: get
    uri: "<<SALESFORCE_INSTANCE_URL>>/services/data/v<<SALESFORCE_API_VERSION>>/query?q=%0A%20%20%20%20%20%20%20%20%20%20SELECT%20Id,%20Document_Type__c,%20Related_Application__c,%20Related_Application_Preference__c%0A%20%20%20%20%20%20%20%20%20%20FROM%20Attachment__c%0A%20%20%20%20%20%20%20%20%20%20WHERE%20Related_Application__c%20=%20%27a0o0U000000VVwXQAW%27%0A%20%20%20%20%20%20%20%20"
    body:
      encoding: US-ASCII
      string: ''
    headers:
      User-Agent:
      - Faraday v0.12.2
      Authorization:
      - OAuth <<ACCESS_TOKEN>>
      Accept-Encoding:
      - gzip;q=1.0,deflate;q=0.6,identity;q=0.3
      Accept:
      - "*/*"
  response:
    status:
      code: 200
      message: OK
    headers:
      Date:
      - Thu, 13 Dec 2018 02:38:54 GMT
      Strict-Transport-Security:
      - max-age=31536002; includeSubDomains
      Public-Key-Pins-Report-Only:
      - pin-sha256="9n0izTnSRF+W4W4JTq51avSXkWhQB8duS2bxVLfzXsY="; pin-sha256="5kJvNEMw0KjrCAu7eXY5HZdvyCS13BbA0VJG1RSP91w=";
        pin-sha256="njN4rRG+22dNXAi+yb8e3UMypgzPUPHlv4+foULwl1g="; max-age=86400;
        includeSubDomains; report-uri="https://calm-dawn-26291.herokuapp.com/hpkp-report/00D0U0000000Qf1m";
      Expect-Ct:
      - max-age=0; report-uri="https://calm-dawn-26291.herokuapp.com/Expect-CT-report/00D0U0000000Qf1m";
      X-Robots-Tag:
      - none
      Cache-Control:
      - no-cache,must-revalidate,max-age=0,no-store,private
      Set-Cookie:
      - BrowserId=baCMT_wnSm6Zjs1DJATsNA;Path=/;Domain=.salesforce.com;Expires=Mon,
        11-Feb-2019 02:38:54 GMT;Max-Age=5184000
      Expires:
      - Thu, 01 Jan 1970 00:00:00 GMT
      Sforce-Limit-Info:
      - api-usage=2413/5000000
      Content-Type:
      - application/json;charset=UTF-8
      Vary:
      - Accept-Encoding
      Transfer-Encoding:
      - chunked
    body:
      encoding: UTF-8
      string: '{"totalSize":0,"done":true,"records":[]}'
    http_version: 
  recorded_at: Thu, 13 Dec 2018 02:38:54 GMT
- request:
    method: get
    uri: "<<SALESFORCE_INSTANCE_URL>>/services/data/v<<SALESFORCE_API_VERSION>>/query?q=%0A%20%20%20%20%20%20%20%20%20%20SELECT%20Id,%20Name__c,%20First_Name__c,%20Last_Name__c,%20Middle_Name__c,%20Relationship_to_Applicant__c,%20Date_of_Birth__c,%20Street__c,%20City__c,%20State__c,%20Zip_Code__c%0A%20%20%20%20%20%20%20%20%20%20FROM%20Application_Member__c%0A%20%20%20%20%20%20%20%20%20%20WHERE%20Application__c%20=%20%27a0o0U000000VVwXQAW%27%0A%20%20%20%20%20%20%20%20%20%20AND%20Id%20!=%20%27a0n0U0000030tCLQAY%27%0A%20%20%20%20%20%20%20%20%20%20AND%20Id%20!=%20%27a0n0U0000030tCaQAI%27%0A%20%20%20%20%20%20%20%20"
    body:
      encoding: US-ASCII
      string: ''
    headers:
      User-Agent:
      - Faraday v0.12.2
      Authorization:
      - OAuth <<ACCESS_TOKEN>>
      Accept-Encoding:
      - gzip;q=1.0,deflate;q=0.6,identity;q=0.3
      Accept:
      - "*/*"
  response:
    status:
      code: 200
      message: OK
    headers:
      Date:
      - Thu, 13 Dec 2018 02:38:55 GMT
      Strict-Transport-Security:
      - max-age=31536002; includeSubDomains
      Public-Key-Pins-Report-Only:
      - pin-sha256="9n0izTnSRF+W4W4JTq51avSXkWhQB8duS2bxVLfzXsY="; pin-sha256="5kJvNEMw0KjrCAu7eXY5HZdvyCS13BbA0VJG1RSP91w=";
        pin-sha256="njN4rRG+22dNXAi+yb8e3UMypgzPUPHlv4+foULwl1g="; max-age=86400;
        includeSubDomains; report-uri="https://calm-dawn-26291.herokuapp.com/hpkp-report/00D0U0000000Qf1m";
      Expect-Ct:
      - max-age=0; report-uri="https://calm-dawn-26291.herokuapp.com/Expect-CT-report/00D0U0000000Qf1m";
      X-Robots-Tag:
      - none
      Cache-Control:
      - no-cache,must-revalidate,max-age=0,no-store,private
      Set-Cookie:
      - BrowserId=HHu8oZcsSQK-lGzIZfxapw;Path=/;Domain=.salesforce.com;Expires=Mon,
        11-Feb-2019 02:38:55 GMT;Max-Age=5184000
      Expires:
      - Thu, 01 Jan 1970 00:00:00 GMT
      Sforce-Limit-Info:
      - api-usage=2412/5000000
      Content-Type:
      - application/json;charset=UTF-8
      Vary:
      - Accept-Encoding
      Transfer-Encoding:
      - chunked
    body:
      encoding: UTF-8
      string: '{"totalSize":0,"done":true,"records":[]}'
    http_version: 
  recorded_at: Thu, 13 Dec 2018 02:38:55 GMT
- request:
    method: post
    uri: https://<<SALESFORCE_HOST>>/services/oauth2/token
    body:
      encoding: US-ASCII
      string: grant_type=password&client_id=<<SALESFORCE_CLIENT_ID>>&client_secret=<<SALESFORCE_CLIENT_SECRET>>&username=<<SALESFORCE_USERNAME>>&password=<<SALESFORCE_PASSWORD>><<SALESFORCE_SECURITY_TOKEN>>
    headers:
      User-Agent:
      - Faraday v0.12.2
      Content-Type:
      - application/x-www-form-urlencoded
      Accept-Encoding:
      - gzip;q=1.0,deflate;q=0.6,identity;q=0.3
      Accept:
      - "*/*"
  response:
    status:
      code: 200
      message: OK
    headers:
      Date:
      - Thu, 13 Dec 2018 02:38:55 GMT
      Strict-Transport-Security:
      - max-age=31536000; includeSubDomains
      X-Content-Type-Options:
      - nosniff
      X-Xss-Protection:
      - 1; mode=block
      Content-Security-Policy:
      - upgrade-insecure-requests
      Cache-Control:
      - no-cache,must-revalidate,max-age=0,no-store,private
      Set-Cookie:
      - BrowserId=Q-7Oy0CTTGehIi6IP0U3jQ;Path=/;Domain=.salesforce.com;Expires=Mon,
        11-Feb-2019 02:38:55 GMT;Max-Age=5184000
      Expires:
      - Thu, 01 Jan 1970 00:00:00 GMT
      X-Readonlymode:
      - 'false'
      Content-Type:
      - application/json;charset=UTF-8
      Vary:
      - Accept-Encoding
      Transfer-Encoding:
      - chunked
    body:
      encoding: UTF-8
      string: '{"access_token":"<<ACCESS_TOKEN>>","instance_url":"<<SALESFORCE_INSTANCE_URL>>","id":"https://<<SALESFORCE_HOST>>/id/00D0U0000000Qf1UAE/005U00000066jl9IAA","token_type":"Bearer","issued_at":"1544668735865","signature":"OI0MnIQr/UIaE83ABK00cLxfcErBL59qBvS2Eo4TY28="}'
    http_version: 
  recorded_at: Thu, 13 Dec 2018 02:38:55 GMT
- request:
    method: get
    uri: "<<SALESFORCE_INSTANCE_URL>>/services/data/v<<SALESFORCE_API_VERSION>>/query?q=SELECT%20Id,%20Unit__c,%20Lease_Start_Date__c,%20Lease_Status__c,%20Monthly_Parking_Rent__c,%20Preference_Used__c,%20No_Preference_Used__c,%20Total_Monthly_Rent_without_Parking__c,%20Monthly_Tenant_Contribution__c%20FROM%20Lease__c%20WHERE%20(Application__c%20=%20%27a0o0U000000VVwXQAW%27)"
    body:
      encoding: US-ASCII
      string: ''
    headers:
      User-Agent:
      - Faraday v0.12.2
      Authorization:
      - OAuth <<ACCESS_TOKEN>>
      Accept-Encoding:
      - gzip;q=1.0,deflate;q=0.6,identity;q=0.3
      Accept:
      - "*/*"
  response:
    status:
      code: 200
      message: OK
    headers:
      Date:
      - Thu, 13 Dec 2018 02:38:56 GMT
      Strict-Transport-Security:
      - max-age=31536002; includeSubDomains
      Public-Key-Pins-Report-Only:
      - pin-sha256="9n0izTnSRF+W4W4JTq51avSXkWhQB8duS2bxVLfzXsY="; pin-sha256="5kJvNEMw0KjrCAu7eXY5HZdvyCS13BbA0VJG1RSP91w=";
        pin-sha256="njN4rRG+22dNXAi+yb8e3UMypgzPUPHlv4+foULwl1g="; max-age=86400;
        includeSubDomains; report-uri="https://calm-dawn-26291.herokuapp.com/hpkp-report/00D0U0000000Qf1m";
      Expect-Ct:
      - max-age=0; report-uri="https://calm-dawn-26291.herokuapp.com/Expect-CT-report/00D0U0000000Qf1m";
      X-Robots-Tag:
      - none
      Cache-Control:
      - no-cache,must-revalidate,max-age=0,no-store,private
      Set-Cookie:
      - BrowserId=TcvDSNFKTJi4fmuS_ADogQ;Path=/;Domain=.salesforce.com;Expires=Mon,
        11-Feb-2019 02:38:56 GMT;Max-Age=5184000
      Expires:
      - Thu, 01 Jan 1970 00:00:00 GMT
      Sforce-Limit-Info:
      - api-usage=2413/5000000
      Content-Type:
      - application/json;charset=UTF-8
      Vary:
      - Accept-Encoding
      Transfer-Encoding:
      - chunked
    body:
      encoding: UTF-8
      string: '{"totalSize":1,"done":true,"records":[{"attributes":{"type":"Lease__c","url":"/services/data/v<<SALESFORCE_API_VERSION>>/sobjects/Lease__c/a130U0000003i70QAA"},"Id":"a130U0000003i70QAA","Unit__c":null,"Lease_Start_Date__c":null,"Lease_Status__c":"Draft","Monthly_Parking_Rent__c":null,"Preference_Used__c":null,"No_Preference_Used__c":false,"Total_Monthly_Rent_without_Parking__c":null,"Monthly_Tenant_Contribution__c":null}]}'
    http_version: 
  recorded_at: Thu, 13 Dec 2018 02:38:56 GMT
- request:
    method: get
    uri: "<<SALESFORCE_INSTANCE_URL>>/services/data/v<<SALESFORCE_API_VERSION>>/query?q=SELECT%20count()%20FROM%20Lease__c%20WHERE%20(Application__c%20=%20%27a0o0U000000VVwXQAW%27)"
    body:
      encoding: US-ASCII
      string: ''
    headers:
      User-Agent:
      - Faraday v0.12.2
      Authorization:
      - OAuth <<ACCESS_TOKEN>>
      Accept-Encoding:
      - gzip;q=1.0,deflate;q=0.6,identity;q=0.3
      Accept:
      - "*/*"
  response:
    status:
      code: 200
      message: OK
    headers:
      Date:
      - Thu, 13 Dec 2018 02:38:56 GMT
      Strict-Transport-Security:
      - max-age=31536002; includeSubDomains
      Public-Key-Pins-Report-Only:
      - pin-sha256="9n0izTnSRF+W4W4JTq51avSXkWhQB8duS2bxVLfzXsY="; pin-sha256="5kJvNEMw0KjrCAu7eXY5HZdvyCS13BbA0VJG1RSP91w=";
        pin-sha256="njN4rRG+22dNXAi+yb8e3UMypgzPUPHlv4+foULwl1g="; max-age=86400;
        includeSubDomains; report-uri="https://calm-dawn-26291.herokuapp.com/hpkp-report/00D0U0000000Qf1m";
      Expect-Ct:
      - max-age=0; report-uri="https://calm-dawn-26291.herokuapp.com/Expect-CT-report/00D0U0000000Qf1m";
      X-Robots-Tag:
      - none
      Cache-Control:
      - no-cache,must-revalidate,max-age=0,no-store,private
      Set-Cookie:
      - BrowserId=8g23r9pmRqWC14NIx7Ip4g;Path=/;Domain=.salesforce.com;Expires=Mon,
        11-Feb-2019 02:38:56 GMT;Max-Age=5184000
      Expires:
      - Thu, 01 Jan 1970 00:00:00 GMT
      Sforce-Limit-Info:
      - api-usage=2412/5000000
      Content-Type:
      - application/json;charset=UTF-8
      Vary:
      - Accept-Encoding
      Transfer-Encoding:
      - chunked
    body:
      encoding: UTF-8
      string: '{"totalSize":1,"done":true,"records":[]}'
    http_version: 
  recorded_at: Thu, 13 Dec 2018 02:38:56 GMT
- request:
    method: post
    uri: https://<<SALESFORCE_HOST>>/services/oauth2/token
    body:
      encoding: US-ASCII
      string: grant_type=password&client_id=<<SALESFORCE_CLIENT_ID>>&client_secret=<<SALESFORCE_CLIENT_SECRET>>&username=<<SALESFORCE_USERNAME>>&password=<<SALESFORCE_PASSWORD>><<SALESFORCE_SECURITY_TOKEN>>
    headers:
      User-Agent:
      - Faraday v0.12.2
      Content-Type:
      - application/x-www-form-urlencoded
      Accept-Encoding:
      - gzip;q=1.0,deflate;q=0.6,identity;q=0.3
      Accept:
      - "*/*"
  response:
    status:
      code: 200
      message: OK
    headers:
      Date:
      - Thu, 13 Dec 2018 02:38:57 GMT
      Strict-Transport-Security:
      - max-age=31536000; includeSubDomains
      X-Content-Type-Options:
      - nosniff
      X-Xss-Protection:
      - 1; mode=block
      Content-Security-Policy:
      - upgrade-insecure-requests
      Cache-Control:
      - no-cache,must-revalidate,max-age=0,no-store,private
      Set-Cookie:
      - BrowserId=R3rI5xxcTrm_Ax9dsIXPxQ;Path=/;Domain=.salesforce.com;Expires=Mon,
        11-Feb-2019 02:38:57 GMT;Max-Age=5184000
      Expires:
      - Thu, 01 Jan 1970 00:00:00 GMT
      X-Readonlymode:
      - 'false'
      Content-Type:
      - application/json;charset=UTF-8
      Vary:
      - Accept-Encoding
      Transfer-Encoding:
      - chunked
    body:
      encoding: UTF-8
      string: '{"access_token":"<<ACCESS_TOKEN>>","instance_url":"<<SALESFORCE_INSTANCE_URL>>","id":"https://<<SALESFORCE_HOST>>/id/00D0U0000000Qf1UAE/005U00000066jl9IAA","token_type":"Bearer","issued_at":"1544668737381","signature":"FjsysDrgKG1pqnil9Rr+HbQnHAEmAUbJ5+TiKlxdyP0="}'
    http_version: 
  recorded_at: Thu, 13 Dec 2018 02:38:57 GMT
- request:
    method: get
    uri: "<<SALESFORCE_INSTANCE_URL>>/services/data/v<<SALESFORCE_API_VERSION>>/query?q=%0A%20%20%20%20%20%20%20%20%20%20SELECT%20Application__c,%20Processing_Comment__c,%20Processing_Date_Updated__c,%20Processing_Status__c%0A%20%20%20%20%20%20%20%20%20%20FROM%20Field_Update_Comment__c%0A%20%20%20%20%20%20%20%20%20%20WHERE%20Application__c%20=%20%27a0o0U000000VVwXQAW%27%0A%20%20%20%20%20%20%20%20%20%20ORDER%20BY%20Processing_Date_Updated__c%20DESC%0A%20%20%20%20%20%20%20%20"
    body:
      encoding: US-ASCII
      string: ''
    headers:
      User-Agent:
      - Faraday v0.12.2
      Authorization:
      - OAuth <<ACCESS_TOKEN>>
      Accept-Encoding:
      - gzip;q=1.0,deflate;q=0.6,identity;q=0.3
      Accept:
      - "*/*"
  response:
    status:
      code: 200
      message: OK
    headers:
      Date:
      - Thu, 13 Dec 2018 02:38:57 GMT
      Strict-Transport-Security:
      - max-age=31536002; includeSubDomains
      Public-Key-Pins-Report-Only:
      - pin-sha256="9n0izTnSRF+W4W4JTq51avSXkWhQB8duS2bxVLfzXsY="; pin-sha256="5kJvNEMw0KjrCAu7eXY5HZdvyCS13BbA0VJG1RSP91w=";
        pin-sha256="njN4rRG+22dNXAi+yb8e3UMypgzPUPHlv4+foULwl1g="; max-age=86400;
        includeSubDomains; report-uri="https://calm-dawn-26291.herokuapp.com/hpkp-report/00D0U0000000Qf1m";
      Expect-Ct:
      - max-age=0; report-uri="https://calm-dawn-26291.herokuapp.com/Expect-CT-report/00D0U0000000Qf1m";
      X-Robots-Tag:
      - none
      Cache-Control:
      - no-cache,must-revalidate,max-age=0,no-store,private
      Set-Cookie:
      - BrowserId=P5GaBxmoQIOx_VEpbx7M8Q;Path=/;Domain=.salesforce.com;Expires=Mon,
        11-Feb-2019 02:38:57 GMT;Max-Age=5184000
      Expires:
      - Thu, 01 Jan 1970 00:00:00 GMT
      Sforce-Limit-Info:
      - api-usage=2412/5000000
      Content-Type:
      - application/json;charset=UTF-8
      Vary:
      - Accept-Encoding
      Transfer-Encoding:
      - chunked
    body:
      encoding: UTF-8
      string: '{"totalSize":3,"done":true,"records":[{"attributes":{"type":"Field_Update_Comment__c","url":"/services/data/v<<SALESFORCE_API_VERSION>>/sobjects/Field_Update_Comment__c/a120U0000001ELnQAM"},"Application__c":"a0o0U000000VVwXQAW","Processing_Comment__c":"test","Processing_Date_Updated__c":"2018-12-12T22:22:06.000+0000","Processing_Status__c":"Processing"},{"attributes":{"type":"Field_Update_Comment__c","url":"/services/data/v<<SALESFORCE_API_VERSION>>/sobjects/Field_Update_Comment__c/a120U00000017ftQAA"},"Application__c":"a0o0U000000VVwXQAW","Processing_Comment__c":"test","Processing_Date_Updated__c":"2018-10-22T16:58:21.000+0000","Processing_Status__c":"Withdrawn"},{"attributes":{"type":"Field_Update_Comment__c","url":"/services/data/v<<SALESFORCE_API_VERSION>>/sobjects/Field_Update_Comment__c/a120U00000017Q0QAI"},"Application__c":"a0o0U000000VVwXQAW","Processing_Comment__c":"Application
        looks good but listing is full.","Processing_Date_Updated__c":"2018-10-18T18:58:46.000+0000","Processing_Status__c":"Waitlisted"}]}'
    http_version: 
  recorded_at: Thu, 13 Dec 2018 02:38:57 GMT
- request:
    method: post
    uri: https://<<SALESFORCE_HOST>>/services/oauth2/token
    body:
      encoding: US-ASCII
      string: grant_type=password&client_id=<<SALESFORCE_CLIENT_ID>>&client_secret=<<SALESFORCE_CLIENT_SECRET>>&username=<<SALESFORCE_USERNAME>>&password=<<SALESFORCE_PASSWORD>><<SALESFORCE_SECURITY_TOKEN>>
    headers:
      User-Agent:
      - Faraday v0.12.2
      Content-Type:
      - application/x-www-form-urlencoded
      Accept-Encoding:
      - gzip;q=1.0,deflate;q=0.6,identity;q=0.3
      Accept:
      - "*/*"
  response:
    status:
      code: 200
      message: OK
    headers:
      Date:
      - Thu, 13 Dec 2018 02:38:58 GMT
      Strict-Transport-Security:
      - max-age=31536000; includeSubDomains
      X-Content-Type-Options:
      - nosniff
      X-Xss-Protection:
      - 1; mode=block
      Content-Security-Policy:
      - upgrade-insecure-requests
      Cache-Control:
      - no-cache,must-revalidate,max-age=0,no-store,private
      Set-Cookie:
      - BrowserId=Z4rFuRcuQrqke3cCycymhQ;Path=/;Domain=.salesforce.com;Expires=Mon,
        11-Feb-2019 02:38:58 GMT;Max-Age=5184000
      Expires:
      - Thu, 01 Jan 1970 00:00:00 GMT
      X-Readonlymode:
      - 'false'
      Content-Type:
      - application/json;charset=UTF-8
      Vary:
      - Accept-Encoding
      Transfer-Encoding:
      - chunked
    body:
      encoding: UTF-8
      string: '{"access_token":"<<ACCESS_TOKEN>>","instance_url":"<<SALESFORCE_INSTANCE_URL>>","id":"https://<<SALESFORCE_HOST>>/id/00D0U0000000Qf1UAE/005U00000066jl9IAA","token_type":"Bearer","issued_at":"1544668738673","signature":"Aji5ARwAdCzLyxLBtDVGqan9eAWxlQph5tcfC8mOJkQ="}'
    http_version: 
  recorded_at: Thu, 13 Dec 2018 02:38:58 GMT
- request:
    method: get
    uri: "<<SALESFORCE_INSTANCE_URL>>/services/data/v<<SALESFORCE_API_VERSION>>/query?q=SELECT%20Id,%20Unit_Number__c%20%20FROM%20Unit__c%20WHERE%20(Listing__c%20=%20%27a0W0U000000MX4vUAG%27)%20AND%20(Id%20NOT%20IN%20(SELECT%20Unit__c%20FROM%20Lease__c%20WHERE%20(Application__r.Listing__c%20=%20%27a0W0U000000MX4vUAG%27)%20AND%20(Application__c%20!=%20%27a0o0U000000VVwXQAW%27)))"
    body:
      encoding: US-ASCII
      string: ''
    headers:
      User-Agent:
      - Faraday v0.12.2
      Authorization:
      - OAuth <<ACCESS_TOKEN>>
      Accept-Encoding:
      - gzip;q=1.0,deflate;q=0.6,identity;q=0.3
      Accept:
      - "*/*"
  response:
    status:
      code: 200
      message: OK
    headers:
      Date:
      - Thu, 13 Dec 2018 02:38:59 GMT
      Strict-Transport-Security:
      - max-age=31536002; includeSubDomains
      Public-Key-Pins-Report-Only:
      - pin-sha256="9n0izTnSRF+W4W4JTq51avSXkWhQB8duS2bxVLfzXsY="; pin-sha256="5kJvNEMw0KjrCAu7eXY5HZdvyCS13BbA0VJG1RSP91w=";
        pin-sha256="njN4rRG+22dNXAi+yb8e3UMypgzPUPHlv4+foULwl1g="; max-age=86400;
        includeSubDomains; report-uri="https://calm-dawn-26291.herokuapp.com/hpkp-report/00D0U0000000Qf1m";
      Expect-Ct:
      - max-age=0; report-uri="https://calm-dawn-26291.herokuapp.com/Expect-CT-report/00D0U0000000Qf1m";
      X-Robots-Tag:
      - none
      Cache-Control:
      - no-cache,must-revalidate,max-age=0,no-store,private
      Set-Cookie:
      - BrowserId=t_SBjR7USAWOu14Lf_6xZw;Path=/;Domain=.salesforce.com;Expires=Mon,
        11-Feb-2019 02:38:59 GMT;Max-Age=5184000
      Expires:
      - Thu, 01 Jan 1970 00:00:00 GMT
      Sforce-Limit-Info:
      - api-usage=2414/5000000
      Content-Type:
      - application/json;charset=UTF-8
      Vary:
      - Accept-Encoding
      Transfer-Encoding:
      - chunked
    body:
      encoding: UTF-8
      string: '{"totalSize":7,"done":true,"records":[{"attributes":{"type":"Unit__c","url":"/services/data/v<<SALESFORCE_API_VERSION>>/sobjects/Unit__c/a0b0U000002HduiQAC"},"Id":"a0b0U000002HduiQAC","Unit_Number__c":"201"},{"attributes":{"type":"Unit__c","url":"/services/data/v<<SALESFORCE_API_VERSION>>/sobjects/Unit__c/a0b0U000002HdusQAC"},"Id":"a0b0U000002HdusQAC","Unit_Number__c":"103"},{"attributes":{"type":"Unit__c","url":"/services/data/v<<SALESFORCE_API_VERSION>>/sobjects/Unit__c/a0b0U000002HdvHQAS"},"Id":"a0b0U000002HdvHQAS","Unit_Number__c":"305"},{"attributes":{"type":"Unit__c","url":"/services/data/v<<SALESFORCE_API_VERSION>>/sobjects/Unit__c/a0b0U000002HdudQAC"},"Id":"a0b0U000002HdudQAC","Unit_Number__c":"101"},{"attributes":{"type":"Unit__c","url":"/services/data/v<<SALESFORCE_API_VERSION>>/sobjects/Unit__c/a0b0U000002Hdv7QAC"},"Id":"a0b0U000002Hdv7QAC","Unit_Number__c":"105"},{"attributes":{"type":"Unit__c","url":"/services/data/v<<SALESFORCE_API_VERSION>>/sobjects/Unit__c/a0b0U000002Hdv2QAC"},"Id":"a0b0U000002Hdv2QAC","Unit_Number__c":"303"},{"attributes":{"type":"Unit__c","url":"/services/data/v<<SALESFORCE_API_VERSION>>/sobjects/Unit__c/a0b0U000002HduxQAC"},"Id":"a0b0U000002HduxQAC","Unit_Number__c":"203"}]}'
    http_version: 
  recorded_at: Thu, 13 Dec 2018 02:38:59 GMT
- request:
    method: get
    uri: "<<SALESFORCE_INSTANCE_URL>>/services/data/v<<SALESFORCE_API_VERSION>>/query?q=SELECT%20count()%20FROM%20Unit__c%20WHERE%20(Listing__c%20=%20%27a0W0U000000MX4vUAG%27)%20AND%20(Id%20NOT%20IN%20(SELECT%20Unit__c%20FROM%20Lease__c%20WHERE%20(Application__r.Listing__c%20=%20%27a0W0U000000MX4vUAG%27)%20AND%20(Application__c%20!=%20%27a0o0U000000VVwXQAW%27)))"
    body:
      encoding: US-ASCII
      string: ''
    headers:
      User-Agent:
      - Faraday v0.12.2
      Authorization:
      - OAuth <<ACCESS_TOKEN>>
      Accept-Encoding:
      - gzip;q=1.0,deflate;q=0.6,identity;q=0.3
      Accept:
      - "*/*"
  response:
    status:
      code: 200
      message: OK
    headers:
      Date:
      - Thu, 13 Dec 2018 02:38:59 GMT
      Strict-Transport-Security:
      - max-age=31536002; includeSubDomains
      Public-Key-Pins-Report-Only:
      - pin-sha256="9n0izTnSRF+W4W4JTq51avSXkWhQB8duS2bxVLfzXsY="; pin-sha256="5kJvNEMw0KjrCAu7eXY5HZdvyCS13BbA0VJG1RSP91w=";
        pin-sha256="njN4rRG+22dNXAi+yb8e3UMypgzPUPHlv4+foULwl1g="; max-age=86400;
        includeSubDomains; report-uri="https://calm-dawn-26291.herokuapp.com/hpkp-report/00D0U0000000Qf1m";
      Expect-Ct:
      - max-age=0; report-uri="https://calm-dawn-26291.herokuapp.com/Expect-CT-report/00D0U0000000Qf1m";
      X-Robots-Tag:
      - none
      Cache-Control:
      - no-cache,must-revalidate,max-age=0,no-store,private
      Set-Cookie:
      - BrowserId=Y3DCwnLjQO-aNIUezPM--g;Path=/;Domain=.salesforce.com;Expires=Mon,
        11-Feb-2019 02:38:59 GMT;Max-Age=5184000
      Expires:
      - Thu, 01 Jan 1970 00:00:00 GMT
      Sforce-Limit-Info:
      - api-usage=2412/5000000
      Content-Type:
      - application/json;charset=UTF-8
      Vary:
      - Accept-Encoding
      Transfer-Encoding:
      - chunked
    body:
      encoding: UTF-8
      string: '{"totalSize":7,"done":true,"records":[]}'
    http_version: 
  recorded_at: Thu, 13 Dec 2018 02:38:59 GMT
- request:
    method: post
    uri: https://<<SALESFORCE_HOST>>/services/oauth2/token
    body:
      encoding: US-ASCII
      string: grant_type=password&client_id=<<SALESFORCE_CLIENT_ID>>&client_secret=<<SALESFORCE_CLIENT_SECRET>>&username=<<SALESFORCE_USERNAME>>&password=<<SALESFORCE_PASSWORD>><<SALESFORCE_SECURITY_TOKEN>>
    headers:
      User-Agent:
      - Faraday v0.12.2
      Content-Type:
      - application/x-www-form-urlencoded
      Accept-Encoding:
      - gzip;q=1.0,deflate;q=0.6,identity;q=0.3
      Accept:
      - "*/*"
  response:
    status:
      code: 200
      message: OK
    headers:
      Date:
      - Thu, 13 Dec 2018 02:38:59 GMT
      Strict-Transport-Security:
      - max-age=31536000; includeSubDomains
      X-Content-Type-Options:
      - nosniff
      X-Xss-Protection:
      - 1; mode=block
      Content-Security-Policy:
      - upgrade-insecure-requests
      Cache-Control:
      - no-cache,must-revalidate,max-age=0,no-store,private
      Set-Cookie:
      - BrowserId=LkapF-BgQA6ToLGEzs61BA;Path=/;Domain=.salesforce.com;Expires=Mon,
        11-Feb-2019 02:38:59 GMT;Max-Age=5184000
      Expires:
      - Thu, 01 Jan 1970 00:00:00 GMT
      X-Readonlymode:
      - 'false'
      Content-Type:
      - application/json;charset=UTF-8
      Vary:
      - Accept-Encoding
      Transfer-Encoding:
      - chunked
    body:
      encoding: UTF-8
      string: '{"access_token":"<<ACCESS_TOKEN>>","instance_url":"<<SALESFORCE_INSTANCE_URL>>","id":"https://<<SALESFORCE_HOST>>/id/00D0U0000000Qf1UAE/005U00000066jl9IAA","token_type":"Bearer","issued_at":"1544668740226","signature":"+Zkg2m/K9kJFrp7uoR3qslQxd2Y61cLKwwe7UMgb5jk="}'
    http_version: 
  recorded_at: Thu, 13 Dec 2018 02:39:00 GMT
- request:
    method: get
    uri: "<<SALESFORCE_INSTANCE_URL>>/services/data/v<<SALESFORCE_API_VERSION>>/query?q=%0A%20%20%20%20%20%20%20%20SELECT%20Unit_Type__c,%20BMR_Rent_Monthly__c,%20BMR_Rental_Minimum_Monthly_Income_Needed__c,%20Status__c,%20Property_Type__c,%0A%20%20%20%20%20%20%20%20%20%20%20%20%20%20%20AMI_chart_type__c,%20AMI_chart_year__c,%20of_AMI_for_Pricing_Unit__c,%20Reserved_Type__c%0A%20%20%20%20%20%20%20%20FROM%20Unit__c%0A%20%20%20%20%20%20%20%20WHERE%20Listing__c%20=%20%27a0W0U000000MX4vUAG%27%0A%20%20%20%20%20%20"
    body:
      encoding: US-ASCII
      string: ''
    headers:
      User-Agent:
      - Faraday v0.12.2
      Authorization:
      - OAuth <<ACCESS_TOKEN>>
      Accept-Encoding:
      - gzip;q=1.0,deflate;q=0.6,identity;q=0.3
      Accept:
      - "*/*"
  response:
    status:
      code: 200
      message: OK
    headers:
      Date:
      - Thu, 13 Dec 2018 02:39:00 GMT
      Strict-Transport-Security:
      - max-age=31536002; includeSubDomains
      Public-Key-Pins-Report-Only:
      - pin-sha256="9n0izTnSRF+W4W4JTq51avSXkWhQB8duS2bxVLfzXsY="; pin-sha256="5kJvNEMw0KjrCAu7eXY5HZdvyCS13BbA0VJG1RSP91w=";
        pin-sha256="njN4rRG+22dNXAi+yb8e3UMypgzPUPHlv4+foULwl1g="; max-age=86400;
        includeSubDomains; report-uri="https://calm-dawn-26291.herokuapp.com/hpkp-report/00D0U0000000Qf1m";
      Expect-Ct:
      - max-age=0; report-uri="https://calm-dawn-26291.herokuapp.com/Expect-CT-report/00D0U0000000Qf1m";
      X-Robots-Tag:
      - none
      Cache-Control:
      - no-cache,must-revalidate,max-age=0,no-store,private
      Set-Cookie:
      - BrowserId=rlSPBQAWS3ORut3ULJb8bg;Path=/;Domain=.salesforce.com;Expires=Mon,
        11-Feb-2019 02:39:00 GMT;Max-Age=5184000
      Expires:
      - Thu, 01 Jan 1970 00:00:00 GMT
      Sforce-Limit-Info:
      - api-usage=2413/5000000
      Content-Type:
      - application/json;charset=UTF-8
      Vary:
      - Accept-Encoding
      Transfer-Encoding:
      - chunked
    body:
      encoding: UTF-8
      string: '{"totalSize":9,"done":true,"records":[{"attributes":{"type":"Unit__c","url":"/services/data/v<<SALESFORCE_API_VERSION>>/sobjects/Unit__c/a0b0U000002HdudQAC"},"Unit_Type__c":"1
        BR","BMR_Rent_Monthly__c":1303.0,"BMR_Rental_Minimum_Monthly_Income_Needed__c":2606.0,"Status__c":"Available","Property_Type__c":null,"AMI_chart_type__c":"HUD
        Unadjusted","AMI_chart_year__c":2018.0,"of_AMI_for_Pricing_Unit__c":55.0,"Reserved_Type__c":null},{"attributes":{"type":"Unit__c","url":"/services/data/v<<SALESFORCE_API_VERSION>>/sobjects/Unit__c/a0b0U000002HduiQAC"},"Unit_Type__c":"1
        BR","BMR_Rent_Monthly__c":1303.0,"BMR_Rental_Minimum_Monthly_Income_Needed__c":2606.0,"Status__c":"Available","Property_Type__c":null,"AMI_chart_type__c":"HUD
        Unadjusted","AMI_chart_year__c":2018.0,"of_AMI_for_Pricing_Unit__c":55.0,"Reserved_Type__c":null},{"attributes":{"type":"Unit__c","url":"/services/data/v<<SALESFORCE_API_VERSION>>/sobjects/Unit__c/a0b0U000002HdunQAC"},"Unit_Type__c":"1
        BR","BMR_Rent_Monthly__c":1303.0,"BMR_Rental_Minimum_Monthly_Income_Needed__c":2606.0,"Status__c":"Available","Property_Type__c":null,"AMI_chart_type__c":"HUD
        Unadjusted","AMI_chart_year__c":2018.0,"of_AMI_for_Pricing_Unit__c":55.0,"Reserved_Type__c":null},{"attributes":{"type":"Unit__c","url":"/services/data/v<<SALESFORCE_API_VERSION>>/sobjects/Unit__c/a0b0U000002HdusQAC"},"Unit_Type__c":"2
        BR","BMR_Rent_Monthly__c":1465.0,"BMR_Rental_Minimum_Monthly_Income_Needed__c":2930.0,"Status__c":"Available","Property_Type__c":null,"AMI_chart_type__c":"HUD
        Unadjusted","AMI_chart_year__c":2018.0,"of_AMI_for_Pricing_Unit__c":55.0,"Reserved_Type__c":null},{"attributes":{"type":"Unit__c","url":"/services/data/v<<SALESFORCE_API_VERSION>>/sobjects/Unit__c/a0b0U000002HduxQAC"},"Unit_Type__c":"2
        BR","BMR_Rent_Monthly__c":1465.0,"BMR_Rental_Minimum_Monthly_Income_Needed__c":2930.0,"Status__c":"Available","Property_Type__c":null,"AMI_chart_type__c":"HUD
        Unadjusted","AMI_chart_year__c":2018.0,"of_AMI_for_Pricing_Unit__c":55.0,"Reserved_Type__c":null},{"attributes":{"type":"Unit__c","url":"/services/data/v<<SALESFORCE_API_VERSION>>/sobjects/Unit__c/a0b0U000002Hdv2QAC"},"Unit_Type__c":"2
        BR","BMR_Rent_Monthly__c":1465.0,"BMR_Rental_Minimum_Monthly_Income_Needed__c":2930.0,"Status__c":"Available","Property_Type__c":null,"AMI_chart_type__c":"HUD
        Unadjusted","AMI_chart_year__c":2018.0,"of_AMI_for_Pricing_Unit__c":55.0,"Reserved_Type__c":null},{"attributes":{"type":"Unit__c","url":"/services/data/v<<SALESFORCE_API_VERSION>>/sobjects/Unit__c/a0b0U000002Hdv7QAC"},"Unit_Type__c":"3
        BR","BMR_Rent_Monthly__c":1628.0,"BMR_Rental_Minimum_Monthly_Income_Needed__c":3256.0,"Status__c":"Available","Property_Type__c":null,"AMI_chart_type__c":"HUD
        Unadjusted","AMI_chart_year__c":2018.0,"of_AMI_for_Pricing_Unit__c":55.0,"Reserved_Type__c":null},{"attributes":{"type":"Unit__c","url":"/services/data/v<<SALESFORCE_API_VERSION>>/sobjects/Unit__c/a0b0U000002HdvCQAS"},"Unit_Type__c":"3
        BR","BMR_Rent_Monthly__c":1628.0,"BMR_Rental_Minimum_Monthly_Income_Needed__c":3256.0,"Status__c":"Available","Property_Type__c":null,"AMI_chart_type__c":"HUD
        Unadjusted","AMI_chart_year__c":2018.0,"of_AMI_for_Pricing_Unit__c":55.0,"Reserved_Type__c":null},{"attributes":{"type":"Unit__c","url":"/services/data/v<<SALESFORCE_API_VERSION>>/sobjects/Unit__c/a0b0U000002HdvHQAS"},"Unit_Type__c":"3
        BR","BMR_Rent_Monthly__c":1628.0,"BMR_Rental_Minimum_Monthly_Income_Needed__c":3256.0,"Status__c":"Available","Property_Type__c":null,"AMI_chart_type__c":"HUD
        Unadjusted","AMI_chart_year__c":2018.0,"of_AMI_for_Pricing_Unit__c":55.0,"Reserved_Type__c":null}]}'
    http_version: 
  recorded_at: Thu, 13 Dec 2018 02:39:00 GMT
- request:
    method: post
    uri: https://<<SALESFORCE_HOST>>/services/oauth2/token
    body:
      encoding: US-ASCII
      string: grant_type=password&client_id=<<SALESFORCE_CLIENT_ID>>&client_secret=<<SALESFORCE_CLIENT_SECRET>>&username=<<SALESFORCE_USERNAME>>&password=<<SALESFORCE_PASSWORD>><<SALESFORCE_SECURITY_TOKEN>>
    headers:
      User-Agent:
      - Faraday v0.12.2
      Content-Type:
      - application/x-www-form-urlencoded
      Accept-Encoding:
      - gzip;q=1.0,deflate;q=0.6,identity;q=0.3
      Accept:
      - "*/*"
  response:
    status:
      code: 200
      message: OK
    headers:
      Date:
      - Thu, 13 Dec 2018 02:39:01 GMT
      Strict-Transport-Security:
      - max-age=31536000; includeSubDomains
      X-Content-Type-Options:
      - nosniff
      X-Xss-Protection:
      - 1; mode=block
      Content-Security-Policy:
      - upgrade-insecure-requests
      Cache-Control:
      - no-cache,must-revalidate,max-age=0,no-store,private
      Set-Cookie:
      - BrowserId=WKVP3tDwQ_Wx5Pw-WiXrHg;Path=/;Domain=.salesforce.com;Expires=Mon,
        11-Feb-2019 02:39:01 GMT;Max-Age=5184000
      Expires:
      - Thu, 01 Jan 1970 00:00:00 GMT
      X-Readonlymode:
      - 'false'
      Content-Type:
      - application/json;charset=UTF-8
      Vary:
      - Accept-Encoding
      Transfer-Encoding:
      - chunked
    body:
      encoding: UTF-8
      string: '{"access_token":"<<ACCESS_TOKEN>>","instance_url":"<<SALESFORCE_INSTANCE_URL>>","id":"https://<<SALESFORCE_HOST>>/id/00D0U0000000Qf1UAE/005U00000066jl9IAA","token_type":"Bearer","issued_at":"1544668741395","signature":"CdUGQpeO4Qy8mPZz3p186O6nHqgXyOWhj9Pygmi7ygE="}'
    http_version: 
  recorded_at: Thu, 13 Dec 2018 02:39:01 GMT
- request:
    method: get
    uri: "<<SALESFORCE_INSTANCE_URL>>/services/data/v<<SALESFORCE_API_VERSION>>/query?q=SELECT%20Assistance_Amount__c,%20Id,%20Lease__c,%20Other_Assistance_Name__c,%20Household_Member__c,%20Recurring_Assistance__c,%20Type_of_Assistance__c%20FROM%20Rental_Assistance__c%20WHERE%20(Lease__r.Application__c%20=%20%27a0o0U000000VVwXQAW%27)"
    body:
      encoding: US-ASCII
      string: ''
    headers:
      User-Agent:
      - Faraday v0.12.2
      Authorization:
      - OAuth <<ACCESS_TOKEN>>
      Accept-Encoding:
      - gzip;q=1.0,deflate;q=0.6,identity;q=0.3
      Accept:
      - "*/*"
  response:
    status:
      code: 200
      message: OK
    headers:
      Date:
      - Thu, 13 Dec 2018 02:39:01 GMT
      Strict-Transport-Security:
      - max-age=31536002; includeSubDomains
      Public-Key-Pins-Report-Only:
      - pin-sha256="9n0izTnSRF+W4W4JTq51avSXkWhQB8duS2bxVLfzXsY="; pin-sha256="5kJvNEMw0KjrCAu7eXY5HZdvyCS13BbA0VJG1RSP91w=";
        pin-sha256="njN4rRG+22dNXAi+yb8e3UMypgzPUPHlv4+foULwl1g="; max-age=86400;
        includeSubDomains; report-uri="https://calm-dawn-26291.herokuapp.com/hpkp-report/00D0U0000000Qf1m";
      Expect-Ct:
      - max-age=0; report-uri="https://calm-dawn-26291.herokuapp.com/Expect-CT-report/00D0U0000000Qf1m";
      X-Robots-Tag:
      - none
      Cache-Control:
      - no-cache,must-revalidate,max-age=0,no-store,private
      Set-Cookie:
      - BrowserId=N2bYHCsvQqqdiGDI9jQn1w;Path=/;Domain=.salesforce.com;Expires=Mon,
        11-Feb-2019 02:39:01 GMT;Max-Age=5184000
      Expires:
      - Thu, 01 Jan 1970 00:00:00 GMT
      Sforce-Limit-Info:
      - api-usage=2413/5000000
      Content-Type:
      - application/json;charset=UTF-8
      Vary:
      - Accept-Encoding
      Transfer-Encoding:
      - chunked
    body:
      encoding: UTF-8
      string: '{"totalSize":4,"done":true,"records":[{"attributes":{"type":"Rental_Assistance__c","url":"/services/data/v<<SALESFORCE_API_VERSION>>/sobjects/Rental_Assistance__c/a150U000000rbuTQAQ"},"Assistance_Amount__c":null,"Id":"a150U000000rbuTQAQ","Lease__c":"a130U0000003i70QAA","Other_Assistance_Name__c":null,"Household_Member__c":null,"Recurring_Assistance__c":"No","Type_of_Assistance__c":"Q
        Foundation: First Months Rent"},{"attributes":{"type":"Rental_Assistance__c","url":"/services/data/v<<SALESFORCE_API_VERSION>>/sobjects/Rental_Assistance__c/a150U000000rbunQAA"},"Assistance_Amount__c":99999.0,"Id":"a150U000000rbunQAA","Lease__c":"a130U0000003i70QAA","Other_Assistance_Name__c":null,"Household_Member__c":"a0n0U0000030tCLQAY","Recurring_Assistance__c":"No","Type_of_Assistance__c":"Homeless
        Prenatal"},{"attributes":{"type":"Rental_Assistance__c","url":"/services/data/v<<SALESFORCE_API_VERSION>>/sobjects/Rental_Assistance__c/a150U000000rbusQAA"},"Assistance_Amount__c":12345.0,"Id":"a150U000000rbusQAA","Lease__c":"a130U0000003i70QAA","Other_Assistance_Name__c":null,"Household_Member__c":"a0n0U0000030tCLQAY","Recurring_Assistance__c":"No","Type_of_Assistance__c":"Q
        Foundation: Move-in Deposit"},{"attributes":{"type":"Rental_Assistance__c","url":"/services/data/v<<SALESFORCE_API_VERSION>>/sobjects/Rental_Assistance__c/a150U000000rbuxQAA"},"Assistance_Amount__c":123.0,"Id":"a150U000000rbuxQAA","Lease__c":"a130U0000003i70QAA","Other_Assistance_Name__c":null,"Household_Member__c":"a0n0U0000030tCLQAY","Recurring_Assistance__c":"No","Type_of_Assistance__c":"Q
        Foundation: Person with Disability Rent Subsidy"}]}'
    http_version: 
  recorded_at: Thu, 13 Dec 2018 02:39:01 GMT
- request:
    method: get
    uri: "<<SALESFORCE_INSTANCE_URL>>/services/data/v<<SALESFORCE_API_VERSION>>/query?q=SELECT%20count()%20FROM%20Rental_Assistance__c%20WHERE%20(Lease__r.Application__c%20=%20%27a0o0U000000VVwXQAW%27)"
    body:
      encoding: US-ASCII
      string: ''
    headers:
      User-Agent:
      - Faraday v0.12.2
      Authorization:
      - OAuth <<ACCESS_TOKEN>>
      Accept-Encoding:
      - gzip;q=1.0,deflate;q=0.6,identity;q=0.3
      Accept:
      - "*/*"
  response:
    status:
      code: 200
      message: OK
    headers:
      Date:
      - Thu, 13 Dec 2018 02:39:02 GMT
      Strict-Transport-Security:
      - max-age=31536002; includeSubDomains
      Public-Key-Pins-Report-Only:
      - pin-sha256="9n0izTnSRF+W4W4JTq51avSXkWhQB8duS2bxVLfzXsY="; pin-sha256="5kJvNEMw0KjrCAu7eXY5HZdvyCS13BbA0VJG1RSP91w=";
        pin-sha256="njN4rRG+22dNXAi+yb8e3UMypgzPUPHlv4+foULwl1g="; max-age=86400;
        includeSubDomains; report-uri="https://calm-dawn-26291.herokuapp.com/hpkp-report/00D0U0000000Qf1m";
      Expect-Ct:
      - max-age=0; report-uri="https://calm-dawn-26291.herokuapp.com/Expect-CT-report/00D0U0000000Qf1m";
      X-Robots-Tag:
      - none
      Cache-Control:
      - no-cache,must-revalidate,max-age=0,no-store,private
      Set-Cookie:
      - BrowserId=jj7v6jQNRMWnHXeqI3re5w;Path=/;Domain=.salesforce.com;Expires=Mon,
        11-Feb-2019 02:39:02 GMT;Max-Age=5184000
      Expires:
      - Thu, 01 Jan 1970 00:00:00 GMT
      Sforce-Limit-Info:
      - api-usage=2413/5000000
      Content-Type:
      - application/json;charset=UTF-8
      Vary:
      - Accept-Encoding
      Transfer-Encoding:
      - chunked
    body:
      encoding: UTF-8
      string: '{"totalSize":4,"done":true,"records":[]}'
    http_version: 
  recorded_at: Thu, 13 Dec 2018 02:39:02 GMT
recorded_with: VCR 4.0.0
