// Jest Snapshot v1, https://goo.gl/fbAQLP

exports[`Should render ListingDetails 1`] = `
<div>
  <div
    className="content-card padding-bottom-none margin-bottom--half bg-trans"
  >
    <h4
      className="content-card_title t-serif"
    >
      Details
    </h4>
    <ul
      className="content-grid"
    >
      <li
        className="content-item"
      >
        <div
          className="content-card"
        >
          <div
            className="margin-bottom--half"
          >
            <h4
              className="t-sans t-small t-bold no-margin"
            >
              Owner
            </h4>
            <p>
              xxx
            </p>
          </div>
          <div
            className="margin-bottom--half"
          >
            <h4
              className="t-sans t-small t-bold no-margin"
            >
              Application Due Date
            </h4>
            <p>
              04/20/2018
            </p>
          </div>
        </div>
      </li>
      <li
        className="content-item"
      >
        <div
          className="content-card"
        />
      </li>
    </ul>
  </div>
  <div
    className="content-card padding-bottom-none margin-bottom--half bg-trans"
  >
    <h4
      className="content-card_title t-serif"
    >
      Building Information
    </h4>
    <ul
      className="content-grid"
    >
      <li
        className="content-item"
      >
        <div
          className="content-card"
        />
      </li>
      <li
        className="content-item"
      >
        <div
          className="content-card"
        />
      </li>
    </ul>
  </div>
  <div
    className="content-card"
  >
    <h4
      className="content-card_title t-serif"
    >
      Listing Preferences
    </h4>
    <table>
      <thead>
        <tr>
          <th>
            Name
          </th>
          <th>
            Description
          </th>
          <th>
            PDF URL
          </th>
          <th>
            Order
          </th>
          <th>
            Available Units
          </th>
        </tr>
      </thead>
      <tbody />
    </table>
  </div>
  <div
    className="content-card padding-bottom-none margin-bottom--half bg-trans"
  >
    <h4
      className="content-card_title t-serif"
    >
      Accessibility, Amenities, Fees
    </h4>
    <ul
      className="content-grid"
    >
      <li
        className="content-item"
      >
        <div
          className="content-card"
        />
      </li>
      <li
        className="content-item"
      >
        <div
          className="content-card"
        />
      </li>
    </ul>
  </div>
  <div
    className="content-card padding-bottom-none margin-bottom--half bg-trans"
  >
    <h4
      className="content-card_title t-serif"
    >
      Lottery Information
    </h4>
    <ul
      className="content-grid"
    >
      <li
        className="content-item"
      >
        <div
          className="content-card"
        >
          <div
            className="margin-bottom--half"
          >
            <h4
              className="t-sans t-small t-bold no-margin"
            >
              Lottery Date
            </h4>
            <p>
              04/20/2018
            </p>
          </div>
          <div
            className="margin-bottom--half"
          >
            <h4
              className="t-sans t-small t-bold no-margin"
            >
              Lottery Results Date
            </h4>
            <p>
              04/20/2018
            </p>
          </div>
        </div>
      </li>
      <li
        className="content-item"
      >
        <div
          className="content-card"
        />
      </li>
    </ul>
  </div>
  <div
    className="content-card padding-bottom-none margin-bottom--half bg-trans"
  >
    <h4
      className="content-card_title t-serif"
    >
      Application Information
    </h4>
    <ul
      className="content-grid"
    >
      <li
        className="content-item"
      >
        <div
          className="content-card"
        />
      </li>
      <li
        className="content-item"
      >
        <div
          className="content-card"
        />
      </li>
    </ul>
  </div>
  <div
    className="content-card padding-bottom-none margin-bottom--half bg-trans"
  >
    <h4
      className="content-card_title t-serif"
    >
      Leasing Agent and Developer Information
    </h4>
    <ul
      className="content-grid"
    >
      <li
        className="content-item"
      >
        <div
          className="content-card"
        />
      </li>
      <li
        className="content-item"
      >
        <div
          className="content-card"
        />
      </li>
    </ul>
  </div>
  <div
    className="content-card padding-bottom-none margin-bottom--half bg-trans"
  >
    <h4
      className="content-card_title t-serif"
    >
      Additional Eligibility Rules
    </h4>
    <ul
      className="content-grid"
    >
      <li
        className="content-item"
      >
        <div
          className="content-card"
        />
      </li>
      <li
        className="content-item"
      >
        <div
          className="content-card"
        />
      </li>
    </ul>
  </div>
  <div
    className="content-card padding-bottom-none margin-bottom--half bg-trans"
  >
    <h4
      className="content-card_title t-serif"
    >
      Additional Information
    </h4>
    <ul
      className="content-grid"
    >
      <li
        className="content-item"
      >
        <div
          className="content-card"
        />
      </li>
      <li
        className="content-item"
      >
        <div
          className="content-card"
        />
      </li>
    </ul>
  </div>
  <div
    className="content-card"
  >
    <h4
      className="content-card_title t-serif"
    >
      Open Houses
    </h4>
    <table>
      <thead>
        <tr>
          <th>
            Date
          </th>
          <th>
            Start Time
          </th>
          <th>
            End Time
          </th>
        </tr>
      </thead>
      <tbody />
    </table>
  </div>
  <div
    className="content-card"
  >
    <h4
      className="content-card_title t-serif"
    >
      Information Sessions
    </h4>
    <table>
      <thead>
        <tr>
          <th>
            Date
          </th>
          <th>
            Start Time
          </th>
          <th>
            End Time
          </th>
          <th>
            Venue
          </th>
          <th>
            Street Address
          </th>
          <th>
            City
          </th>
        </tr>
      </thead>
      <tbody />
    </table>
  </div>
</div>
`;
