---
http_interactions:
- request:
    method: post
    uri: https://<<SALESFORCE_HOST>>/services/oauth2/token
    body:
      encoding: US-ASCII
      string: grant_type=password&client_id=<<SALESFORCE_CLIENT_ID>>&client_secret=<<SALESFORCE_CLIENT_SECRET>>&username=<<SALESFORCE_USERNAME>>&password=<<SALESFORCE_PASSWORD>><<SALESFORCE_SECURITY_TOKEN>>
    headers:
      User-Agent:
      - Faraday v0.15.4
      Content-Type:
      - application/x-www-form-urlencoded
      Accept-Encoding:
      - gzip;q=1.0,deflate;q=0.6,identity;q=0.3
      Accept:
      - "*/*"
  response:
    status:
      code: 200
      message: OK
    headers:
      Date:
      - Thu, 05 Mar 2020 20:00:49 GMT
      Strict-Transport-Security:
      - max-age=31536000; includeSubDomains
      X-Content-Type-Options:
      - nosniff
      X-Xss-Protection:
      - 1; mode=block
      Cache-Control:
      - no-cache,must-revalidate,max-age=0,no-store,private
      Set-Cookie:
      - BrowserId=Al8VN18cEeqlV6ddt-89lA; domain=.salesforce.com; path=/; expires=Fri,
        05-Mar-2021 20:00:49 GMT; Max-Age=31536000
      Expires:
      - Thu, 01 Jan 1970 00:00:00 GMT
      X-Readonlymode:
      - 'false'
      Content-Type:
      - application/json;charset=UTF-8
      Vary:
      - Accept-Encoding
      Transfer-Encoding:
      - chunked
    body:
      encoding: ASCII-8BIT
      string: '{"access_token":"<<ACCESS_TOKEN>>","instance_url":"<<SALESFORCE_INSTANCE_URL>>","id":"https://<<SALESFORCE_HOST>>/id/00D1D0000009nrYUAQ/005U00000066jl9IAA","token_type":"Bearer","issued_at":"1583438450072","signature":"8SO6lDNONIIQX7ItdzAgV9yFsBQWJqL3dY2fkgcoU28="}'
    http_version: 
  recorded_at: Thu, 05 Mar 2020 20:00:50 GMT
- request:
    method: get
    uri: https://sfhousing--full.cs68.my.salesforce.com/services/data/v<<SALESFORCE_API_VERSION>>/query?q=%0A%20%20%20%20%20%20%20%20%20%20SELECT%20Listing__r.Id,%20Listing__r.Name,%20Listing__r.Status__c,%20Listing__r.Tenure__c,%20Listing__r.Lottery_Status__c%0A%20%20%20%20%20%20%20%20%20%20FROM%20Application__c%0A%20%20%20%20%20%20%20%20%20%20WHERE%20Id%20=%20%27a0o0P00000GZazOQAT%27%0A%20%20%20%20%20%20%20%20
    body:
      encoding: US-ASCII
      string: ''
    headers:
      User-Agent:
      - Faraday v0.15.4
      Authorization:
      - OAuth <<ACCESS_TOKEN>>
      Accept-Encoding:
      - gzip;q=1.0,deflate;q=0.6,identity;q=0.3
      Accept:
      - "*/*"
  response:
    status:
      code: 200
      message: OK
    headers:
      Date:
      - Thu, 05 Mar 2020 20:00:52 GMT
      Strict-Transport-Security:
      - max-age=31536002; includeSubDomains
      Public-Key-Pins-Report-Only:
      - pin-sha256="9n0izTnSRF+W4W4JTq51avSXkWhQB8duS2bxVLfzXsY="; pin-sha256="5kJvNEMw0KjrCAu7eXY5HZdvyCS13BbA0VJG1RSP91w=";
        pin-sha256="njN4rRG+22dNXAi+yb8e3UMypgzPUPHlv4+foULwl1g="; max-age=86400;
        includeSubDomains; report-uri="https://a.forcesslreports.com/hpkp-report/00D1D0000009nrYm";
      Expect-Ct:
      - max-age=86400, report-uri="https://a.forcesslreports.com/Expect-CT-report/00D1D0000009nrYm"
      X-Robots-Tag:
      - none
      Cache-Control:
      - no-cache,must-revalidate,max-age=0,no-store,private
      Set-Cookie:
      - BrowserId=BA_5i18cEeqQzbXxXRqB1A; domain=.salesforce.com; path=/; expires=Fri,
        05-Mar-2021 20:00:52 GMT; Max-Age=31536000
      Sforce-Limit-Info:
      - api-usage=17246/5000000
      Content-Type:
      - application/json;charset=UTF-8
      Vary:
      - Accept-Encoding
      Transfer-Encoding:
      - chunked
    body:
      encoding: ASCII-8BIT
      string: '{"totalSize":1,"done":true,"records":[{"attributes":{"type":"Application__c","url":"/services/data/v<<SALESFORCE_API_VERSION>>/sobjects/Application__c/a0o0P00000GZazOQAT"},"Listing__r":{"attributes":{"type":"Listing__c","url":"/services/data/v<<SALESFORCE_API_VERSION>>/sobjects/Listing__c/a0W0P00000GbyuQUAR"},"Id":"a0W0P00000GbyuQUAR","Name":"Partners
        Test Listing (do not modify) - Yellow Acres","Status__c":"Lease Up","Tenure__c":"New
        rental","Lottery_Status__c":"Lottery Complete"}}]}'
    http_version: 
  recorded_at: Thu, 05 Mar 2020 20:00:52 GMT
- request:
    method: post
    uri: https://<<SALESFORCE_HOST>>/services/oauth2/token
    body:
      encoding: US-ASCII
      string: grant_type=password&client_id=<<SALESFORCE_CLIENT_ID>>&client_secret=<<SALESFORCE_CLIENT_SECRET>>&username=<<SALESFORCE_USERNAME>>&password=<<SALESFORCE_PASSWORD>><<SALESFORCE_SECURITY_TOKEN>>
    headers:
      User-Agent:
      - Faraday v0.15.4
      Content-Type:
      - application/x-www-form-urlencoded
      Accept-Encoding:
      - gzip;q=1.0,deflate;q=0.6,identity;q=0.3
      Accept:
      - "*/*"
  response:
    status:
      code: 200
      message: OK
    headers:
      Date:
      - Thu, 05 Mar 2020 20:00:52 GMT
      Strict-Transport-Security:
      - max-age=31536000; includeSubDomains
      X-Content-Type-Options:
      - nosniff
      X-Xss-Protection:
      - 1; mode=block
      Cache-Control:
      - no-cache,must-revalidate,max-age=0,no-store,private
      Set-Cookie:
      - BrowserId=BGL69F8cEeqMdBkUb55IxA; domain=.salesforce.com; path=/; expires=Fri,
        05-Mar-2021 20:00:52 GMT; Max-Age=31536000
      Expires:
      - Thu, 01 Jan 1970 00:00:00 GMT
      X-Readonlymode:
      - 'false'
      Content-Type:
      - application/json;charset=UTF-8
      Vary:
      - Accept-Encoding
      Transfer-Encoding:
      - chunked
    body:
      encoding: ASCII-8BIT
      string: '{"access_token":"<<ACCESS_TOKEN>>","instance_url":"<<SALESFORCE_INSTANCE_URL>>","id":"https://<<SALESFORCE_HOST>>/id/00D1D0000009nrYUAQ/005U00000066jl9IAA","token_type":"Bearer","issued_at":"1583438453429","signature":"6Nt/Y/bLQERPdrty+ywujiCaIKiSzH+nzNLvmYCye5M="}'
    http_version: 
  recorded_at: Thu, 05 Mar 2020 20:00:53 GMT
- request:
    method: get
    uri: https://sfhousing--full.cs68.my.salesforce.com/services/apexrest/LeasingAgentPortal/shortForm/Archive/a0o0P00000GZazOQAT
    body:
      encoding: US-ASCII
      string: ''
    headers:
      User-Agent:
      - Faraday v0.15.4
      Authorization:
      - OAuth <<ACCESS_TOKEN>>
      Accept-Encoding:
      - gzip;q=1.0,deflate;q=0.6,identity;q=0.3
      Accept:
      - "*/*"
  response:
    status:
      code: 200
      message: OK
    headers:
      Date:
      - Thu, 05 Mar 2020 20:00:54 GMT
      Strict-Transport-Security:
      - max-age=31536002; includeSubDomains
      Public-Key-Pins-Report-Only:
      - pin-sha256="9n0izTnSRF+W4W4JTq51avSXkWhQB8duS2bxVLfzXsY="; pin-sha256="5kJvNEMw0KjrCAu7eXY5HZdvyCS13BbA0VJG1RSP91w=";
        pin-sha256="njN4rRG+22dNXAi+yb8e3UMypgzPUPHlv4+foULwl1g="; max-age=86400;
        includeSubDomains; report-uri="https://a.forcesslreports.com/hpkp-report/00D1D0000009nrYm";
      Expect-Ct:
      - max-age=86400, report-uri="https://a.forcesslreports.com/Expect-CT-report/00D1D0000009nrYm"
      X-Robots-Tag:
      - none
      Cache-Control:
      - no-cache,must-revalidate,max-age=0,no-store,private
      Set-Cookie:
      - BrowserId=BYa6sl8cEeqvdZnkPMIAzg; domain=.salesforce.com; path=/; expires=Fri,
        05-Mar-2021 20:00:54 GMT; Max-Age=31536000
      Content-Type:
      - application/json;charset=UTF-8
      Vary:
      - Accept-Encoding
      Transfer-Encoding:
      - chunked
    body:
      encoding: ASCII-8BIT
      string: '{"totalMonthlyRent":null,"subStatus":"Written withdrawal","status":"Submitted","snapshotId":"a0o0P00000GZazOQAT","shortFormPreferences":[{"zip":null,"state":null,"shortformPreferenceID":"a0w0P00000OUJc0QAH","requiresProof":false,"recordTypeDevName":"COP","preferenceProof":null,"postLotteryValidation":null,"optOut":false,"naturalKey":null,"lwPreferenceProof":null,"listingPreferenceID":"a0l0P00001Q1vxUQAR","individualPreference":null,"city":null,"certificateNumber":null,"appMemberID":null,"applicationID":"a0o0P00000GZazOQAT","address":null},{"zip":null,"state":null,"shortformPreferenceID":"a0w0P00000OUJc1QAH","requiresProof":false,"recordTypeDevName":"DTHP","preferenceProof":null,"postLotteryValidation":null,"optOut":false,"naturalKey":null,"lwPreferenceProof":null,"listingPreferenceID":"a0l0P00001Q1vxyQAB","individualPreference":null,"city":null,"certificateNumber":null,"appMemberID":null,"applicationID":"a0o0P00000GZazOQAT","address":null},{"zip":null,"state":null,"shortformPreferenceID":"a0w0P00000OUJc2QAH","requiresProof":false,"recordTypeDevName":"RB_AHP","preferenceProof":"Lease
        and rent proof","postLotteryValidation":null,"optOut":false,"naturalKey":null,"lwPreferenceProof":null,"listingPreferenceID":"a0l0P00001Q1w0mQAB","individualPreference":"Assisted
        Housing","city":null,"certificateNumber":null,"appMemberID":"a0n0P00000D3qIZQAZ","applicationID":"a0o0P00000GZazOQAT","address":null},{"zip":null,"state":null,"shortformPreferenceID":"a0w0P00000OUJc3QAH","requiresProof":false,"recordTypeDevName":"L_W","preferenceProof":"Paystub
        with employer add","postLotteryValidation":null,"optOut":false,"naturalKey":null,"lwPreferenceProof":"Paystub
        with employer add","listingPreferenceID":"a0l0P00001Q1w1BQAR","individualPreference":"Work
        in SF","city":null,"certificateNumber":null,"appMemberID":"a0n0P00000D3qIZQAZ","applicationID":"a0o0P00000GZazOQAT","address":null},{"zip":null,"state":null,"shortformPreferenceID":"a0w0P00000Oqew2QAB","requiresProof":false,"recordTypeDevName":"AG","preferenceProof":null,"postLotteryValidation":null,"optOut":false,"naturalKey":null,"lwPreferenceProof":null,"listingPreferenceID":"a0l0P00001QRPiaQAH","individualPreference":null,"city":null,"certificateNumber":null,"appMemberID":null,"applicationID":"a0o0P00000GZazOQAT","address":null},{"zip":null,"state":null,"shortformPreferenceID":"a0w0P00000Oqew3QAB","requiresProof":false,"recordTypeDevName":"NRHP","preferenceProof":null,"postLotteryValidation":null,"optOut":false,"naturalKey":null,"lwPreferenceProof":null,"listingPreferenceID":"a0l0P00001QRQGzQAP","individualPreference":null,"city":null,"certificateNumber":null,"appMemberID":null,"applicationID":"a0o0P00000GZazOQAT","address":null},{"zip":null,"state":null,"shortformPreferenceID":"a0w0P00000Oqew4QAB","requiresProof":false,"recordTypeDevName":"Custom","preferenceProof":null,"postLotteryValidation":null,"optOut":false,"naturalKey":null,"lwPreferenceProof":null,"listingPreferenceID":"a0l0P00001QRQKlQAP","individualPreference":null,"city":null,"certificateNumber":null,"appMemberID":null,"applicationID":"a0o0P00000GZazOQAT","address":null},{"zip":null,"state":null,"shortformPreferenceID":"a0w0P00000PC8JoQAL","requiresProof":false,"recordTypeDevName":"ADHP","preferenceProof":null,"postLotteryValidation":null,"optOut":false,"naturalKey":null,"lwPreferenceProof":null,"listingPreferenceID":"a0l0P00001RbKCJQA3","individualPreference":null,"city":null,"certificateNumber":null,"appMemberID":null,"applicationID":"a0o0P00000GZazOQAT","address":null}],"referral":null,"processingStatus":"Withdrawn","primaryApplicant":{"zip":"00000","yCoordinate":null,"xCoordinate":null,"workInSf":null,"whichComponentOfLocatorWasUsed":null,"webAppID":null,"state":"CA","sexualOrientationOther":null,"sexualOrientation":null,"sexAtBirth":null,"relationship":null,"race":null,"preferenceStatus":null,"preferenceAddressMatch":null,"phoneType":null,"phone":null,"noPhone":false,"noEmail":false,"noAddress":false,"nickname":null,"middleName":null,"maritalStatus":"Single","mailingZip":"00000","mailingState":"CA","mailingCity":"Testville","mailingAddress":"123
        Test St","lendingAgentStatus":null,"lastName":"(do not modify)","languageOther":null,"language":null,"hiv":false,"hasSameAddressAsApplicant":null,"hasAltMailingAddress":false,"genderOther":null,"gender":null,"firstName":"Automated
        Test Lease Up A","ethnicity":null,"email":"tessiel@email.com","DOB":"1989-01-05","contactId":"0030P00002HAKDJQA5","city":"Testville","candidateScore":null,"appMemberType":"Primary
        Applicant","appMemberId":"a0n0P00000D3qIZQAZ","applicationId":"a0o0P00000GZazOQAT","alternatePhoneType":null,"alternatePhone":null,"alternateContactTypeOther":null,"alternateContactType":null,"agency":null,"address":"123
        Test St"},"otherHousingCounselingAgency":null,"numberOfSeniors":null,"numberOfMinors":null,"numberOfDependents":1.00,"name":"APP-00243697","monthlyIncome":null,"lotteryNumberManual":null,"lotteryNumber":"00243697","listingID":"a0W0P00000GbyuQUAR","lendingAgent":null,"isFirstTimeHomebuyer":false,"interviewScheduledDate":null,"id":"a0o0P00000GZazOQAT","housingCounselingAgency":null,"householdVouchersSubsidies":"true","householdMembers":[],"householdAssets":837.81,"HHTotalIncomeWithAssets":355.29,"hasSenior":"Yes","hasPublicHousing":null,"hasMilitaryService":"Yes","hasLoanPreapproval":false,"hasDevelopmentalDisability":"Yes","hasCompletedHomebuyerEducation":false,"formMetadata":null,"finalHouseholdIncome":null,"externalSessionId":null,"didApplicantUseHousingCounselingAgency":null,"confirmedHouseholdAnnualIncome":null,"appRTType":"Rental_Short_Form","applicationSubmittedDate":"2019-12-02","applicationSubmissionType":"Electronic","applicationLanguage":"English","answeredCommunityScreening":null,"annualIncome":5000.00,"alternateContact":null,"agreeToTerms":true,"adaPrioritiesSelected":null}'
    http_version: 
  recorded_at: Thu, 05 Mar 2020 20:00:54 GMT
- request:
    method: post
    uri: https://<<SALESFORCE_HOST>>/services/oauth2/token
    body:
      encoding: US-ASCII
      string: grant_type=password&client_id=<<SALESFORCE_CLIENT_ID>>&client_secret=<<SALESFORCE_CLIENT_SECRET>>&username=<<SALESFORCE_USERNAME>>&password=<<SALESFORCE_PASSWORD>><<SALESFORCE_SECURITY_TOKEN>>
    headers:
      User-Agent:
      - Faraday v0.15.4
      Content-Type:
      - application/x-www-form-urlencoded
      Accept-Encoding:
      - gzip;q=1.0,deflate;q=0.6,identity;q=0.3
      Accept:
      - "*/*"
  response:
    status:
      code: 200
      message: OK
    headers:
      Date:
      - Thu, 05 Mar 2020 20:00:55 GMT
      Strict-Transport-Security:
      - max-age=31536000; includeSubDomains
      X-Content-Type-Options:
      - nosniff
      X-Xss-Protection:
      - 1; mode=block
      Cache-Control:
      - no-cache,must-revalidate,max-age=0,no-store,private
      Set-Cookie:
      - BrowserId=Bg3sDF8cEeqjr-l-DZWzOQ; domain=.salesforce.com; path=/; expires=Fri,
        05-Mar-2021 20:00:55 GMT; Max-Age=31536000
      Expires:
      - Thu, 01 Jan 1970 00:00:00 GMT
      X-Readonlymode:
      - 'false'
      Content-Type:
      - application/json;charset=UTF-8
      Vary:
      - Accept-Encoding
      Transfer-Encoding:
      - chunked
    body:
      encoding: ASCII-8BIT
      string: '{"access_token":"<<ACCESS_TOKEN>>","instance_url":"<<SALESFORCE_INSTANCE_URL>>","id":"https://<<SALESFORCE_HOST>>/id/00D1D0000009nrYUAQ/005U00000066jl9IAA","token_type":"Bearer","issued_at":"1583438456192","signature":"qsmlUAQRgrkf1gomf1+L2BP7MUiRp2aJkJnR7fyfWlc="}'
    http_version: 
  recorded_at: Thu, 05 Mar 2020 20:00:56 GMT
- request:
    method: get
    uri: https://sfhousing--full.cs68.my.salesforce.com/services/data/v<<SALESFORCE_API_VERSION>>/query?q=%0A%20%20%20%20%20%20%20%20%20%20SELECT%20Id,%20Document_Type__c,%20Related_Application__c,%20Related_Application_Preference__c%0A%20%20%20%20%20%20%20%20%20%20FROM%20Attachment__c%0A%20%20%20%20%20%20%20%20%20%20WHERE%20Related_Application__c%20=%20%27a0o0P00000GZazOQAT%27%0A%20%20%20%20%20%20%20%20
    body:
      encoding: US-ASCII
      string: ''
    headers:
      User-Agent:
      - Faraday v0.15.4
      Authorization:
      - OAuth <<ACCESS_TOKEN>>
      Accept-Encoding:
      - gzip;q=1.0,deflate;q=0.6,identity;q=0.3
      Accept:
      - "*/*"
  response:
    status:
      code: 200
      message: OK
    headers:
      Date:
      - Thu, 05 Mar 2020 20:00:57 GMT
      Strict-Transport-Security:
      - max-age=31536002; includeSubDomains
      Public-Key-Pins-Report-Only:
      - pin-sha256="9n0izTnSRF+W4W4JTq51avSXkWhQB8duS2bxVLfzXsY="; pin-sha256="5kJvNEMw0KjrCAu7eXY5HZdvyCS13BbA0VJG1RSP91w=";
        pin-sha256="njN4rRG+22dNXAi+yb8e3UMypgzPUPHlv4+foULwl1g="; max-age=86400;
        includeSubDomains; report-uri="https://a.forcesslreports.com/hpkp-report/00D1D0000009nrYm";
      Expect-Ct:
      - max-age=86400, report-uri="https://a.forcesslreports.com/Expect-CT-report/00D1D0000009nrYm"
      X-Robots-Tag:
      - none
      Cache-Control:
      - no-cache,must-revalidate,max-age=0,no-store,private
      Set-Cookie:
      - BrowserId=B0Uz1V8cEeq42C_NbM8G1g; domain=.salesforce.com; path=/; expires=Fri,
        05-Mar-2021 20:00:57 GMT; Max-Age=31536000
      Sforce-Limit-Info:
      - api-usage=17253/5000000
      Content-Type:
      - application/json;charset=UTF-8
      Vary:
      - Accept-Encoding
      Transfer-Encoding:
      - chunked
    body:
      encoding: ASCII-8BIT
      string: '{"totalSize":2,"done":true,"records":[{"attributes":{"type":"Attachment__c","url":"/services/data/v<<SALESFORCE_API_VERSION>>/sobjects/Attachment__c/a0x0P00000ELP85QAH"},"Id":"a0x0P00000ELP85QAH","Document_Type__c":"Copy
        of Lease","Related_Application__c":"a0o0P00000GZazOQAT","Related_Application_Preference__c":"a0w0P00000OUJc2QAH"},{"attributes":{"type":"Attachment__c","url":"/services/data/v<<SALESFORCE_API_VERSION>>/sobjects/Attachment__c/a0x0P00000ELP8AQAX"},"Id":"a0x0P00000ELP8AQAX","Document_Type__c":"Letter
        from employer","Related_Application__c":"a0o0P00000GZazOQAT","Related_Application_Preference__c":"a0w0P00000OUJc3QAH"}]}'
    http_version: 
  recorded_at: Thu, 05 Mar 2020 20:00:57 GMT
- request:
    method: get
    uri: https://sfhousing--full.cs68.my.salesforce.com/services/data/v<<SALESFORCE_API_VERSION>>/query?q=%0A%20%20%20%20%20%20%20%20%20%20SELECT%20Id%0A%20%20%20%20%20%20%20%20%20%20FROM%20Attachment%0A%20%20%20%20%20%20%20%20%20%20WHERE%20ParentId%20=%20%27a0x0P00000ELP85QAH%27%0A%20%20%20%20%20%20%20%20
    body:
      encoding: US-ASCII
      string: ''
    headers:
      User-Agent:
      - Faraday v0.15.4
      Authorization:
      - OAuth <<ACCESS_TOKEN>>
      Accept-Encoding:
      - gzip;q=1.0,deflate;q=0.6,identity;q=0.3
      Accept:
      - "*/*"
  response:
    status:
      code: 200
      message: OK
    headers:
      Date:
      - Thu, 05 Mar 2020 20:00:58 GMT
      Strict-Transport-Security:
      - max-age=31536002; includeSubDomains
      Public-Key-Pins-Report-Only:
      - pin-sha256="9n0izTnSRF+W4W4JTq51avSXkWhQB8duS2bxVLfzXsY="; pin-sha256="5kJvNEMw0KjrCAu7eXY5HZdvyCS13BbA0VJG1RSP91w=";
        pin-sha256="njN4rRG+22dNXAi+yb8e3UMypgzPUPHlv4+foULwl1g="; max-age=86400;
        includeSubDomains; report-uri="https://a.forcesslreports.com/hpkp-report/00D1D0000009nrYm";
      Expect-Ct:
      - max-age=86400, report-uri="https://a.forcesslreports.com/Expect-CT-report/00D1D0000009nrYm"
      X-Robots-Tag:
      - none
      Cache-Control:
      - no-cache,must-revalidate,max-age=0,no-store,private
      Set-Cookie:
      - BrowserId=B-6S0l8cEeqFqgkUV7kVdw; domain=.salesforce.com; path=/; expires=Fri,
        05-Mar-2021 20:00:58 GMT; Max-Age=31536000
      Sforce-Limit-Info:
      - api-usage=17257/5000000
      Content-Type:
      - application/json;charset=UTF-8
      Vary:
      - Accept-Encoding
      Transfer-Encoding:
      - chunked
    body:
      encoding: ASCII-8BIT
      string: '{"totalSize":1,"done":true,"records":[{"attributes":{"type":"Attachment","url":"/services/data/v<<SALESFORCE_API_VERSION>>/sobjects/Attachment/00P0P00000t0P3vUAE"},"Id":"00P0P00000t0P3vUAE"}]}'
    http_version: 
  recorded_at: Thu, 05 Mar 2020 20:00:58 GMT
- request:
    method: get
    uri: https://sfhousing--full.cs68.my.salesforce.com/services/data/v<<SALESFORCE_API_VERSION>>/query?q=%0A%20%20%20%20%20%20%20%20%20%20SELECT%20Id%0A%20%20%20%20%20%20%20%20%20%20FROM%20Attachment%0A%20%20%20%20%20%20%20%20%20%20WHERE%20ParentId%20=%20%27a0x0P00000ELP8AQAX%27%0A%20%20%20%20%20%20%20%20
    body:
      encoding: US-ASCII
      string: ''
    headers:
      User-Agent:
      - Faraday v0.15.4
      Authorization:
      - OAuth <<ACCESS_TOKEN>>
      Accept-Encoding:
      - gzip;q=1.0,deflate;q=0.6,identity;q=0.3
      Accept:
      - "*/*"
  response:
    status:
      code: 200
      message: OK
    headers:
      Date:
      - Thu, 05 Mar 2020 20:00:59 GMT
      Strict-Transport-Security:
      - max-age=31536002; includeSubDomains
      Public-Key-Pins-Report-Only:
      - pin-sha256="9n0izTnSRF+W4W4JTq51avSXkWhQB8duS2bxVLfzXsY="; pin-sha256="5kJvNEMw0KjrCAu7eXY5HZdvyCS13BbA0VJG1RSP91w=";
        pin-sha256="njN4rRG+22dNXAi+yb8e3UMypgzPUPHlv4+foULwl1g="; max-age=86400;
        includeSubDomains; report-uri="https://a.forcesslreports.com/hpkp-report/00D1D0000009nrYm";
      Expect-Ct:
      - max-age=86400, report-uri="https://a.forcesslreports.com/Expect-CT-report/00D1D0000009nrYm"
      X-Robots-Tag:
      - none
      Cache-Control:
      - no-cache,must-revalidate,max-age=0,no-store,private
      Set-Cookie:
      - BrowserId=CK4Sp18cEeqMoQNbKHHQNQ; domain=.salesforce.com; path=/; expires=Fri,
        05-Mar-2021 20:00:59 GMT; Max-Age=31536000
      Sforce-Limit-Info:
      - api-usage=17246/5000000
      Content-Type:
      - application/json;charset=UTF-8
      Vary:
      - Accept-Encoding
      Transfer-Encoding:
      - chunked
    body:
      encoding: ASCII-8BIT
      string: '{"totalSize":1,"done":true,"records":[{"attributes":{"type":"Attachment","url":"/services/data/v<<SALESFORCE_API_VERSION>>/sobjects/Attachment/00P0P00000t0P40UAE"},"Id":"00P0P00000t0P40UAE"}]}'
    http_version: 
  recorded_at: Thu, 05 Mar 2020 20:00:59 GMT
- request:
    method: post
    uri: https://<<SALESFORCE_HOST>>/services/oauth2/token
    body:
      encoding: US-ASCII
      string: grant_type=password&client_id=<<SALESFORCE_CLIENT_ID>>&client_secret=<<SALESFORCE_CLIENT_SECRET>>&username=<<SALESFORCE_USERNAME>>&password=<<SALESFORCE_PASSWORD>><<SALESFORCE_SECURITY_TOKEN>>
    headers:
      User-Agent:
      - Faraday v0.15.4
      Content-Type:
      - application/x-www-form-urlencoded
      Accept-Encoding:
      - gzip;q=1.0,deflate;q=0.6,identity;q=0.3
      Accept:
      - "*/*"
  response:
    status:
      code: 200
      message: OK
    headers:
      Date:
      - Thu, 05 Mar 2020 20:01:00 GMT
      Strict-Transport-Security:
      - max-age=31536000; includeSubDomains
      X-Content-Type-Options:
      - nosniff
      X-Xss-Protection:
      - 1; mode=block
      Cache-Control:
      - no-cache,must-revalidate,max-age=0,no-store,private
      Set-Cookie:
      - BrowserId=CQdVeF8cEeq_9_F4ma1Z9Q; domain=.salesforce.com; path=/; expires=Fri,
        05-Mar-2021 20:01:00 GMT; Max-Age=31536000
      Expires:
      - Thu, 01 Jan 1970 00:00:00 GMT
      X-Readonlymode:
      - 'false'
      Content-Type:
      - application/json;charset=UTF-8
      Vary:
      - Accept-Encoding
      Transfer-Encoding:
      - chunked
    body:
      encoding: ASCII-8BIT
      string: '{"access_token":"<<ACCESS_TOKEN>>","instance_url":"<<SALESFORCE_INSTANCE_URL>>","id":"https://<<SALESFORCE_HOST>>/id/00D1D0000009nrYUAQ/005U00000066jl9IAA","token_type":"Bearer","issued_at":"1583438460975","signature":"//CMNrbjtfy8wtjuPCFtq6d1az/xV8Vbi3X2iN/zjko="}'
    http_version: 
  recorded_at: Thu, 05 Mar 2020 20:01:01 GMT
- request:
    method: get
    uri: https://sfhousing--full.cs68.my.salesforce.com/services/data/v<<SALESFORCE_API_VERSION>>/query?q=%0A%20%20%20%20%20%20%20%20SELECT%20Flagged_Record_Set__c,%20Flagged_Record_Set__r.Id,%20Flagged_Record_Set__r.Rule_Name__c,%20Flagged_Record_Set__r.Total_Number_of_Pending_Review__c%0A%20%20%20%20%20%20%20%20FROM%20Flagged_Application__c%0A%20%20%20%20%20%20%20%20WHERE%20Application__c%20%20=%20%27a0o0P00000GZazOQAT%27%0A%20%20%20%20%20%20
    body:
      encoding: US-ASCII
      string: ''
    headers:
      User-Agent:
      - Faraday v0.15.4
      Authorization:
      - OAuth <<ACCESS_TOKEN>>
      Accept-Encoding:
      - gzip;q=1.0,deflate;q=0.6,identity;q=0.3
      Accept:
      - "*/*"
  response:
    status:
      code: 200
      message: OK
    headers:
      Date:
      - Thu, 05 Mar 2020 20:01:02 GMT
      Strict-Transport-Security:
      - max-age=31536002; includeSubDomains
      Public-Key-Pins-Report-Only:
      - pin-sha256="9n0izTnSRF+W4W4JTq51avSXkWhQB8duS2bxVLfzXsY="; pin-sha256="5kJvNEMw0KjrCAu7eXY5HZdvyCS13BbA0VJG1RSP91w=";
        pin-sha256="njN4rRG+22dNXAi+yb8e3UMypgzPUPHlv4+foULwl1g="; max-age=86400;
        includeSubDomains; report-uri="https://a.forcesslreports.com/hpkp-report/00D1D0000009nrYm";
      Expect-Ct:
      - max-age=86400, report-uri="https://a.forcesslreports.com/Expect-CT-report/00D1D0000009nrYm"
      X-Robots-Tag:
      - none
      Cache-Control:
      - no-cache,must-revalidate,max-age=0,no-store,private
      Set-Cookie:
      - BrowserId=ChBhRV8cEeq42C_NbM8G1g; domain=.salesforce.com; path=/; expires=Fri,
        05-Mar-2021 20:01:02 GMT; Max-Age=31536000
      Sforce-Limit-Info:
      - api-usage=17254/5000000
      Content-Type:
      - application/json;charset=UTF-8
      Vary:
      - Accept-Encoding
      Transfer-Encoding:
      - chunked
    body:
      encoding: ASCII-8BIT
      string: '{"totalSize":0,"done":true,"records":[]}'
    http_version: 
  recorded_at: Thu, 05 Mar 2020 20:01:02 GMT
- request:
    method: post
    uri: https://<<SALESFORCE_HOST>>/services/oauth2/token
    body:
      encoding: US-ASCII
      string: grant_type=password&client_id=<<SALESFORCE_CLIENT_ID>>&client_secret=<<SALESFORCE_CLIENT_SECRET>>&username=<<SALESFORCE_USERNAME>>&password=<<SALESFORCE_PASSWORD>><<SALESFORCE_SECURITY_TOKEN>>
    headers:
      User-Agent:
      - Faraday v0.15.4
      Content-Type:
      - application/x-www-form-urlencoded
      Accept-Encoding:
      - gzip;q=1.0,deflate;q=0.6,identity;q=0.3
      Accept:
      - "*/*"
  response:
    status:
      code: 200
      message: OK
    headers:
      Date:
      - Thu, 05 Mar 2020 20:01:02 GMT
      Strict-Transport-Security:
      - max-age=31536000; includeSubDomains
      X-Content-Type-Options:
      - nosniff
      X-Xss-Protection:
      - 1; mode=block
      Cache-Control:
      - no-cache,must-revalidate,max-age=0,no-store,private
      Set-Cookie:
      - BrowserId=CnR6kV8cEeqlV6ddt-89lA; domain=.salesforce.com; path=/; expires=Fri,
        05-Mar-2021 20:01:02 GMT; Max-Age=31536000
      Expires:
      - Thu, 01 Jan 1970 00:00:00 GMT
      X-Readonlymode:
      - 'false'
      Content-Type:
      - application/json;charset=UTF-8
      Vary:
      - Accept-Encoding
      Transfer-Encoding:
      - chunked
    body:
      encoding: ASCII-8BIT
      string: '{"access_token":"<<ACCESS_TOKEN>>","instance_url":"<<SALESFORCE_INSTANCE_URL>>","id":"https://<<SALESFORCE_HOST>>/id/00D1D0000009nrYUAQ/005U00000066jl9IAA","token_type":"Bearer","issued_at":"1583438463204","signature":"xFl+AAwNn60qGEGUwq5xEsXWxg6rOY9DY9GPcAid2Ts="}'
    http_version: 
  recorded_at: Thu, 05 Mar 2020 20:01:03 GMT
recorded_with: VCR 5.0.0
