---
http_interactions:
- request:
    method: post
    uri: https://<<SALESFORCE_HOST>>/services/oauth2/token
    body:
      encoding: US-ASCII
      string: grant_type=password&client_id=<<SALESFORCE_CLIENT_ID>>&client_secret=<<SALESFORCE_CLIENT_SECRET>>&username=<<SALESFORCE_USERNAME>>&password=<<SALESFORCE_PASSWORD>><<SALESFORCE_SECURITY_TOKEN>>
    headers:
      User-Agent:
      - Faraday v2.12.2
      Content-Type:
      - application/x-www-form-urlencoded
      Accept-Encoding:
      - gzip;q=1.0,deflate;q=0.6,identity;q=0.3
      Accept:
      - "*/*"
  response:
    status:
      code: 200
      message: OK
    headers:
      Date:
      - Tue, 02 Dec 2025 02:26:47 GMT
      Content-Type:
      - application/json;charset=UTF-8
      Transfer-Encoding:
      - chunked
      Connection:
      - keep-alive
      Strict-Transport-Security:
      - max-age=63072000; includeSubDomains
      X-Readonlymode:
      - 'false'
      Vary:
      - Accept-Encoding
      X-Content-Type-Options:
      - nosniff
      Expires:
      - Thu, 01 Jan 1970 00:00:00 GMT
      Cache-Control:
      - no-cache,must-revalidate,max-age=0,no-store,private
      X-Robots-Tag:
      - none
      Set-Cookie:
      - BrowserId=Wc_pns8mEfC4wLvgago5kg; domain=.salesforce.com; path=/; expires=Wed,
        02-Dec-2026 02:26:47 GMT; Max-Age=31536000; secure; SameSite=None
      - CookieConsentPolicy=0:1; path=/; expires=Wed, 02-Dec-2026 02:26:47 GMT; Max-Age=31536000;
        secure
      - LSKey-c$CookieConsentPolicy=0:1; path=/; expires=Wed, 02-Dec-2026 02:26:47
        GMT; Max-Age=31536000; secure
      Server:
      - sfdcedge
      X-Sfdc-Request-Id:
      - e78ab3bafc8f2a892b29aa4be3fa692f
      X-Request-Id:
      - e78ab3bafc8f2a892b29aa4be3fa692f
    body:
      encoding: ASCII-8BIT
      string: '{"access_token":"<<ACCESS_TOKEN>>","instance_url":"https://<<SALESFORCE_HOST>>","id":"https://test.salesforce.com/id/00Dbb000002NqmLEAS/005U00000066jl9IAA","token_type":"Bearer","issued_at":"1764642407239","signature":"f2trxZ7UkFuXYzrcmoRwtYawMd+E09w+bdoYbl+Xl/E="}'
  recorded_at: Tue, 02 Dec 2025 02:26:47 GMT
- request:
    method: get
    uri: https://<<SALESFORCE_HOST>>/services/data/v<<SALESFORCE_API_VERSION>>/query?q=SELECT%20Id,%20Lottery_Number__c,%20Application_Language__c,%20Applicant__r.Id,%20Applicant__r.First_Name__c,%20Applicant__r.Last_Name__c,%20Applicant__r.Email__c,%20Alternate_Contact__r.Id,%20Alternate_Contact__r.First_Name__c,%20Alternate_Contact__r.Last_Name__c,%20Alternate_Contact__r.Email__c%20FROM%20Application__c%20WHERE%20(Status__c%20!=%20%27Draft%27%20AND%20Application_Submitted_Date__c%20!=%20NULL)%20AND%20(Id%20IN%20(%27a0W0P00000GbyuXXXX%27))%20ORDER%20BY%20CreatedDate%20DESC%20LIMIT%20100%20OFFSET%200
    body:
      encoding: US-ASCII
      string: ''
    headers:
      User-Agent:
      - Faraday v2.12.2
      Authorization:
      - OAuth <<ACCESS_TOKEN>>
      Accept-Encoding:
      - gzip;q=1.0,deflate;q=0.6,identity;q=0.3
      Accept:
      - "*/*"
  response:
    status:
      code: 200
      message: OK
    headers:
      Date:
      - Tue, 02 Dec 2025 02:26:47 GMT
      Content-Type:
      - application/json;charset=UTF-8
      Transfer-Encoding:
      - chunked
      Connection:
      - keep-alive
      Strict-Transport-Security:
      - max-age=63072000; includeSubDomains
      Set-Cookie:
      - BrowserId=WgvhNc8mEfCGFVn1El10Lg; domain=.salesforce.com; path=/; expires=Wed,
        02-Dec-2026 02:26:47 GMT; Max-Age=31536000; secure; SameSite=None
      - CookieConsentPolicy=0:1; path=/; expires=Wed, 02-Dec-2026 02:26:47 GMT; Max-Age=31536000;
        secure
      - LSKey-c$CookieConsentPolicy=0:1; path=/; expires=Wed, 02-Dec-2026 02:26:47
        GMT; Max-Age=31536000; secure
      Vary:
      - Accept-Encoding
      Cache-Control:
      - no-cache,must-revalidate,max-age=0,no-store,private
      X-Content-Type-Options:
      - nosniff
      Sforce-Limit-Info:
      - api-usage=15527/982000
      X-Robots-Tag:
      - none
      Server:
      - sfdcedge
      X-Sfdc-Request-Id:
      - a767876457f0214c1643d04a6199a03b
      X-Request-Id:
      - a767876457f0214c1643d04a6199a03b
      X-Sfdc-Edge-Cache:
      - MISS
    body:
      encoding: ASCII-8BIT
      string: '{"totalSize":0,"done":true,"records":[]}'
  recorded_at: Tue, 02 Dec 2025 02:26:47 GMT
- request:
    method: get
    uri: https://<<SALESFORCE_HOST>>/services/data/v<<SALESFORCE_API_VERSION>>/query?q=SELECT%20count()%20FROM%20Application__c%20WHERE%20(Status__c%20!=%20%27Draft%27%20AND%20Application_Submitted_Date__c%20!=%20NULL)%20AND%20(Id%20IN%20(%27a0W0P00000GbyuXXXX%27))
    body:
      encoding: US-ASCII
      string: ''
    headers:
      User-Agent:
      - Faraday v2.12.2
      Authorization:
      - OAuth <<ACCESS_TOKEN>>
      Accept-Encoding:
      - gzip;q=1.0,deflate;q=0.6,identity;q=0.3
      Accept:
      - "*/*"
  response:
    status:
      code: 200
      message: OK
    headers:
      Date:
      - Tue, 02 Dec 2025 02:26:47 GMT
      Content-Type:
      - application/json;charset=UTF-8
      Transfer-Encoding:
      - chunked
      Connection:
      - keep-alive
      Strict-Transport-Security:
      - max-age=63072000; includeSubDomains
      Cache-Control:
      - no-cache,must-revalidate,max-age=0,no-store,private
      X-Content-Type-Options:
      - nosniff
      Vary:
      - Accept-Encoding
      X-Robots-Tag:
      - none
      Sforce-Limit-Info:
      - api-usage=15526/982000
      Set-Cookie:
      - BrowserId=WjZzJM8mEfC9_7HtCqLO4w; domain=.salesforce.com; path=/; expires=Wed,
        02-Dec-2026 02:26:47 GMT; Max-Age=31536000; secure; SameSite=None
      - CookieConsentPolicy=0:1; path=/; expires=Wed, 02-Dec-2026 02:26:47 GMT; Max-Age=31536000;
        secure
      - LSKey-c$CookieConsentPolicy=0:1; path=/; expires=Wed, 02-Dec-2026 02:26:47
        GMT; Max-Age=31536000; secure
      Server:
      - sfdcedge
      X-Sfdc-Request-Id:
      - fe24e5cbec1c8d58ad75b32cf02a1dec
      X-Request-Id:
      - fe24e5cbec1c8d58ad75b32cf02a1dec
      X-Sfdc-Edge-Cache:
      - MISS
    body:
      encoding: ASCII-8BIT
      string: '{"totalSize":0,"done":true,"records":[]}'
  recorded_at: Tue, 02 Dec 2025 02:26:47 GMT
recorded_with: VCR 6.3.1
